Archive member included to satisfy reference by file (symbol)

app/libapp.a(main.c.obj)      (--whole-archive)
zephyr/libzephyr.a(validate_libc.c.obj)
                              (--whole-archive)
zephyr/libzephyr.a(heap.c.obj)
                              (--whole-archive)
zephyr/libzephyr.a(cbprintf_packaged.c.obj)
                              (--whole-archive)
zephyr/libzephyr.a(clock.c.obj)
                              (--whole-archive)
zephyr/libzephyr.a(printk.c.obj)
                              (--whole-archive)
zephyr/libzephyr.a(sem.c.obj)
                              (--whole-archive)
zephyr/libzephyr.a(thread_entry.c.obj)
                              (--whole-archive)
zephyr/libzephyr.a(cbprintf_complete.c.obj)
                              (--whole-archive)
zephyr/libzephyr.a(assert.c.obj)
                              (--whole-archive)
zephyr/libzephyr.a(dec.c.obj)
                              (--whole-archive)
zephyr/libzephyr.a(hex.c.obj)
                              (--whole-archive)
zephyr/libzephyr.a(rb.c.obj)  (--whole-archive)
zephyr/libzephyr.a(timeutil.c.obj)
                              (--whole-archive)
zephyr/libzephyr.a(bitarray.c.obj)
                              (--whole-archive)
zephyr/libzephyr.a(bitmask.c.obj)
                              (--whole-archive)
zephyr/libzephyr.a(ring_buffer.c.obj)
                              (--whole-archive)
zephyr/libzephyr.a(last_section_id.c.obj)
                              (--whole-archive)
zephyr/libzephyr.a(configs.c.obj)
                              (--whole-archive)
zephyr/libzephyr.a(init.S.obj)
                              (--whole-archive)
zephyr/libzephyr.a(soc_irq.S.obj)
                              (--whole-archive)
zephyr/libzephyr.a(puppy_irq.c.obj)
                              (--whole-archive)
zephyr/libzephyr.a(puppy_timer.c.obj)
                              (--whole-archive)
zephyr/libzephyr.a(puppy_event.c.obj)
                              (--whole-archive)
zephyr/libzephyr.a(log_minimal.c.obj)
                              (--whole-archive)
zephyr/libzephyr.a(tracing_none.c.obj)
                              (--whole-archive)
zephyr/libzephyr.a(flash_util.c.obj)
                              (--whole-archive)
zephyr/arch/common/libarch__common.a(sw_isr_common.c.obj)
                              (--whole-archive)
zephyr/arch/common/libarch__common.a(init.c.obj)
                              (--whole-archive)
zephyr/arch/arch/riscv/core/libarch__riscv__core.a(cpu_idle.c.obj)
                              (--whole-archive)
zephyr/arch/arch/riscv/core/libarch__riscv__core.a(fatal.c.obj)
                              (--whole-archive)
zephyr/arch/arch/riscv/core/libarch__riscv__core.a(irq_manage.c.obj)
                              (--whole-archive)
zephyr/arch/arch/riscv/core/libarch__riscv__core.a(prep_c.c.obj)
                              (--whole-archive)
zephyr/arch/arch/riscv/core/libarch__riscv__core.a(reboot.c.obj)
                              (--whole-archive)
zephyr/arch/arch/riscv/core/libarch__riscv__core.a(reset.S.obj)
                              (--whole-archive)
zephyr/arch/arch/riscv/core/libarch__riscv__core.a(switch.S.obj)
                              (--whole-archive)
zephyr/arch/arch/riscv/core/libarch__riscv__core.a(thread.c.obj)
                              (--whole-archive)
zephyr/arch/arch/riscv/core/libarch__riscv__core.a(isr.S.obj)
                              (--whole-archive)
zephyr/arch/arch/riscv/core/libarch__riscv__core.a(tls.c.obj)
                              (--whole-archive)
zephyr/arch/arch/riscv/core/libarch__riscv__core.a(stacktrace.c.obj)
                              (--whole-archive)
zephyr/lib/libc/picolibc/liblib__libc__picolibc.a(assert.c.obj)
                              (--whole-archive)
zephyr/lib/libc/picolibc/liblib__libc__picolibc.a(cbprintf.c.obj)
                              (--whole-archive)
zephyr/lib/libc/picolibc/liblib__libc__picolibc.a(chk_fail.c.obj)
                              (--whole-archive)
zephyr/lib/libc/picolibc/liblib__libc__picolibc.a(errno_wrap.c.obj)
                              (--whole-archive)
zephyr/lib/libc/picolibc/liblib__libc__picolibc.a(exit.c.obj)
                              (--whole-archive)
zephyr/lib/libc/picolibc/liblib__libc__picolibc.a(locks.c.obj)
                              (--whole-archive)
zephyr/lib/libc/picolibc/liblib__libc__picolibc.a(stdio.c.obj)
                              (--whole-archive)
zephyr/lib/libc/common/liblib__libc__common.a(abort.c.obj)
                              (--whole-archive)
zephyr/lib/libc/common/liblib__libc__common.a(time.c.obj)
                              (--whole-archive)
zephyr/lib/libc/common/liblib__libc__common.a(malloc.c.obj)
                              (--whole-archive)
zephyr/lib/posix/c_lib_ext/liblib__posix__c_lib_ext.a(fnmatch.c.obj)
                              (--whole-archive)
zephyr/lib/posix/c_lib_ext/liblib__posix__c_lib_ext.a(getentropy.c.obj)
[...]
Memory Configuration

Name             Origin             Length             Attributes
RAM              0x000000001c010000 0x0000000000040000 xrw
IDT_LIST         0x00000000fffff000 0x0000000000001000 xw
*default*        0x0000000000000000 0xffffffffffffffff

Linker script and memory map

                0x000000001c010c8c                vfprintf = __l_vfprintf
                0x0000000000000000                vfscanf = __l_vfscanf
LOAD zephyr/CMakeFiles/zephyr_final.dir/misc/empty_file.c.obj
LOAD zephyr/CMakeFiles/zephyr_final.dir/isr_tables.c.obj
LOAD zephyr/CMakeFiles/offsets.dir/./arch/riscv/core/offsets/offsets.c.obj
LOAD app/libapp.a
LOAD zephyr/libzephyr.a
LOAD zephyr/arch/common/libarch__common.a
LOAD zephyr/arch/arch/riscv/core/libarch__riscv__core.a
LOAD zephyr/lib/libc/picolibc/liblib__libc__picolibc.a
LOAD zephyr/lib/libc/common/liblib__libc__common.a
LOAD zephyr/lib/posix/c_lib_ext/liblib__posix__c_lib_ext.a
LOAD zephyr/drivers/console/libdrivers__console.a
LOAD zephyr/drivers/flash/libdrivers__flash.a
LOAD zephyr/drivers/gpio/libdrivers__gpio.a
LOAD zephyr/drivers/i2c/libdrivers__i2c.a
LOAD zephyr/drivers/pwm/libdrivers__pwm.a
LOAD zephyr/drivers/serial/libdrivers__serial.a
LOAD zephyr/drivers/spi/libdrivers__spi.a
LOAD zephyr/drivers/timer/libdrivers__timer.a
LOAD zephyr/kernel/libkernel.a
LOAD zephyr/arch/common/libisr_tables.a
LOAD /home/ana/zephyr-sdk-0.16.8/riscv64-zephyr-elf/bin/../lib/gcc/../../picolibc/riscv64-zephyr-elf/lib/./libc.a
LOAD /home/ana/zephyr-sdk-0.16.8/riscv64-zephyr-elf/bin/../lib/gcc/riscv64-zephyr-elf/12.2.0/libgcc.a

.rel.plt        0x0000000000000000        0x0
 *(SORT_BY_ALIGNMENT(.rel.plt))
                [!provide]                        PROVIDE (__rel_iplt_start = .)
 *(SORT_BY_ALIGNMENT(.rel.iplt))
                [!provide]                        PROVIDE (__rel_iplt_end = .)

.rela.plt       0x0000000000000000        0x0
 *(SORT_BY_ALIGNMENT(.rela.plt))
                [!provide]                        PROVIDE (__rela_iplt_start = .)
 *(SORT_BY_ALIGNMENT(.rela.iplt))
                [!provide]                        PROVIDE (__rela_iplt_end = .)

.rel.dyn
 *(SORT_BY_ALIGNMENT(.rel.*))

.rela.dyn       0x000000001c010000        0x0
 *(SORT_BY_ALIGNMENT(.rela.*))
 .rela.sdata._char_out
                0x000000001c010000        0x0 zephyr/CMakeFiles/zephyr_final.dir/isr_tables.c.obj
 .rela.text.arch_bss_zero
                0x000000001c010000        0x0 zephyr/CMakeFiles/zephyr_final.dir/isr_tables.c.obj
 .rela.text.arch_tls_stack_setup
                0x000000001c010000        0x0 zephyr/CMakeFiles/zephyr_final.dir/isr_tables.c.obj
 .rela.text.walk_stackframe
                0x000000001c010000        0x0 zephyr/CMakeFiles/zephyr_final.dir/isr_tables.c.obj
 .rela.text.malloc_prepare
                0x000000001c010000        0x0 zephyr/CMakeFiles/zephyr_final.dir/isr_tables.c.obj
 .rela.text.bg_thread_main
                0x000000001c010000        0x0 zephyr/CMakeFiles/zephyr_final.dir/isr_tables.c.obj
 .rela.rodata.levels.0
                0x000000001c010000        0x0 zephyr/CMakeFiles/zephyr_final.dir/isr_tables.c.obj

.plt
 *(SORT_BY_ALIGNMENT(.plt))

.iplt
 *(SORT_BY_ALIGNMENT(.iplt))
                0x000000001c010000                __rom_region_start = 0x1c010000

rom_start       0x000000001c010000      0x3d8
                0x000000001c010000                . = ALIGN (0x10)
                0x000000001c010000                __rom_start_address = .
 FILL mask 0x00
                0x000000001c010200                . = (. + (0x200 - (. - __rom_start_address)))
 *fill*         0x000000001c010000      0x200 00
                0x000000001c010200                . = ALIGN (0x4)
 *(SORT_BY_ALIGNMENT(.vectors.*))
 .vectors.__start
                0x000000001c010200      0x1d8 zephyr/libzephyr.a(init.S.obj)
                0x000000001c010200                __start

reset           0x000000001c0103d8        0x4
 *(SORT_BY_ALIGNMENT(.reset.*))
 .reset.__reset
                0x000000001c0103d8        0x4 zephyr/arch/arch/riscv/core/libarch__riscv__core.a(reset.S.obj)
                0x000000001c0103d8                __reset

exceptions      0x000000001c0103dc      0x1d6
 *(SORT_BY_ALIGNMENT(.exception.entry.*))
 .exception.entry._isr_wrapper
                0x000000001c0103dc      0x14e zephyr/arch/arch/riscv/core/libarch__riscv__core.a(isr.S.obj)
                0x000000001c0103dc                _isr_wrapper
                0x000000001c0104e8                z_riscv_thread_start
 *(SORT_BY_ALIGNMENT(.exception.other.*))
 *fill*         0x000000001c01052a        0x2 
 .exception.other.__soc_save_context
                0x000000001c01052c       0x36 zephyr/libzephyr.a(soc_irq.S.obj)
                0x000000001c01052c                __soc_save_context
 *fill*         0x000000001c010562        0x2 
 .exception.other.__soc_restore_context
                0x000000001c010564       0x36 zephyr/libzephyr.a(soc_irq.S.obj)
                0x000000001c010564                __soc_restore_context
 *fill*         0x000000001c01059a        0x2 
 .exception.other.__soc_handle_irq
                0x000000001c01059c       0x16 zephyr/libzephyr.a(soc_irq.S.obj)
                0x000000001c01059c                __soc_handle_irq

text            0x000000001c0105b4     0x3f94
                0x000000001c0105b4                . = ALIGN (0x4)
 *(SORT_BY_ALIGNMENT(.openocd_debug))
 *(SORT_BY_ALIGNMENT(.openocd_debug.*))
                0x000000001c0105b4                __text_region_start = .
 *(SORT_BY_ALIGNMENT(.text))
 .text          0x000000001c0105b4       0x38 /home/ana/zephyr-sdk-0.16.8/riscv64-zephyr-elf/bin/../lib/gcc/riscv64-zephyr-elf/12.2.0/libgcc.a(_ashldi3.o)
                0x000000001c0105b4                __ashldi3
 .text          0x000000001c0105ec       0x4c /home/ana/zephyr-sdk-0.16.8/riscv64-zephyr-elf/bin/../lib/gcc/riscv64-zephyr-elf/12.2.0/libgcc.a(_clzsi2.o)
                0x000000001c0105ec                __clzsi2
 .text          0x000000001c010638      0x430 /home/ana/zephyr-sdk-0.16.8/riscv64-zephyr-elf/bin/../lib/gcc/riscv64-zephyr-elf/12.2.0/libgcc.a(_udivdi3.o)
                0x000000001c010638                __udivdi3
 *(SORT_BY_ALIGNMENT(.text.*))
 .text.__initialize
                0x000000001c010a68       0x2a zephyr/arch/arch/riscv/core/libarch__riscv__core.a(reset.S.obj)
                0x000000001c010a68                __initialize
 *fill*         0x000000001c010a92        0x2 
 .text.z_riscv_switch
                0x000000001c010a94       0x72 zephyr/arch/arch/riscv/core/libarch__riscv__core.a(switch.S.obj)
                0x000000001c010a94                z_riscv_switch
 *fill*         0x000000001c010b06        0x2 
 .text.strnlen  0x000000001c010b08       0x24 /home/ana/zephyr-sdk-0.16.8/riscv64-zephyr-elf/bin/../lib/gcc/../../picolibc/riscv64-zephyr-elf/lib/./libc.a(libc_string_strnlen.c.o)
                0x000000001c010b08                strnlen
 .text.__ultoa_invert
                0x000000001c010b2c      0x160 /home/ana/zephyr-sdk-0.16.8/riscv64-zephyr-elf/bin/../lib/gcc/../../picolibc/riscv64-zephyr-elf/lib/./libc.a(libc_tinystdio_vflprintf.c.o)
 .text.__l_vfprintf
                0x000000001c010c8c      0x6f0 /home/ana/zephyr-sdk-0.16.8/riscv64-zephyr-elf/bin/../lib/gcc/../../picolibc/riscv64-zephyr-elf/lib/./libc.a(libc_tinystdio_vflprintf.c.o)
                0x000000001c010c8c                __l_vfprintf
 .text._OffsetAbsSyms
                0x000000001c01137c        0x2 zephyr/CMakeFiles/offsets.dir/./arch/riscv/core/offsets/offsets.c.obj
                0x000000001c01137c                _OffsetAbsSyms
 .text.pwm_set.constprop.0
                0x000000001c01137e       0xbe app/libapp.a(main.c.obj)
 .text.main     0x000000001c01143c       0xc4 app/libapp.a(main.c.obj)
                0x000000001c01143c                main
 .text.chunk_size
                0x000000001c011500        0xc zephyr/libzephyr.a(heap.c.obj)
 .text.free_list_add
                0x000000001c01150c       0x7c zephyr/libzephyr.a(heap.c.obj)
 .text.sys_heap_init
                0x000000001c011588       0xa4 zephyr/libzephyr.a(heap.c.obj)
                0x000000001c011588                sys_heap_init
 .text.arch_printk_char_out
                0x000000001c01162c        0x4 zephyr/libzephyr.a(printk.c.obj)
                0x000000001c01162c                arch_printk_char_out
 .text.char_out
                0x000000001c011630        0xa zephyr/libzephyr.a(printk.c.obj)
 .text.__printk_hook_install
                0x000000001c01163a        0xa zephyr/libzephyr.a(printk.c.obj)
                0x000000001c01163a                __printk_hook_install
 .text.vprintk  0x000000001c011644       0x2c zephyr/libzephyr.a(printk.c.obj)
                0x000000001c011644                vprintk
 .text.printk   0x000000001c011670       0x1e zephyr/libzephyr.a(printk.c.obj)
                0x000000001c011670                printk
 .text.z_thread_entry
                0x000000001c01168e       0x2a zephyr/libzephyr.a(thread_entry.c.obj)
                0x000000001c01168e                z_thread_entry
 .text._ConfigAbsSyms
                0x000000001c0116b8        0x2 zephyr/libzephyr.a(configs.c.obj)
                0x000000001c0116b8                _ConfigAbsSyms
 .text.arch_irq_enable
                0x000000001c0116ba       0x18 zephyr/libzephyr.a(puppy_irq.c.obj)
                0x000000001c0116ba                arch_irq_enable
 .text.sys_clock_driver_init
                0x000000001c0116d2       0x34 zephyr/libzephyr.a(puppy_timer.c.obj)
 .text.puppy_timer_irq_handler
                0x000000001c011706       0x26 zephyr/libzephyr.a(puppy_timer.c.obj)
 .text.sys_clock_elapsed
                0x000000001c01172c        0x4 zephyr/libzephyr.a(puppy_timer.c.obj)
                0x000000001c01172c                sys_clock_elapsed
 .text.puppy_event_irq_handler
                0x000000001c011730       0x56 zephyr/libzephyr.a(puppy_event.c.obj)
 .text.sys_event_init
                0x000000001c011786       0x54 zephyr/libzephyr.a(puppy_event.c.obj)
                0x000000001c011786                sys_event_init
 .text.z_log_minimal_printk
                0x000000001c0117da       0x1e zephyr/libzephyr.a(log_minimal.c.obj)
                0x000000001c0117da                z_log_minimal_printk
 .text.sys_trace_idle
                0x000000001c0117f8        0x2 zephyr/libzephyr.a(tracing_none.c.obj)
                0x000000001c0117f8                sys_trace_idle
 .text.sys_trace_idle_exit
                0x000000001c0117fa        0x2 zephyr/libzephyr.a(tracing_none.c.obj)
                0x000000001c0117fa                sys_trace_idle_exit
 .text.arch_early_memset
                0x000000001c0117fc        0x4 zephyr/arch/common/libarch__common.a(init.c.obj)
                0x000000001c0117fc                arch_early_memset
 .text.arch_bss_zero
                0x000000001c011800       0x1c zephyr/arch/common/libarch__common.a(init.c.obj)
                0x000000001c011800                arch_bss_zero
 .text.arch_cpu_idle
                0x000000001c01181c       0x18 zephyr/arch/arch/riscv/core/libarch__riscv__core.a(cpu_idle.c.obj)
                0x000000001c01181c                arch_cpu_idle
 .text.z_riscv_get_sp_before_exc
                0x000000001c011834        0x6 zephyr/arch/arch/riscv/core/libarch__riscv__core.a(fatal.c.obj)
                0x000000001c011834                z_riscv_get_sp_before_exc
 .text.z_riscv_fatal_error_csf
                0x000000001c01183a      0x1c8 zephyr/arch/arch/riscv/core/libarch__riscv__core.a(fatal.c.obj)
                0x000000001c01183a                z_riscv_fatal_error_csf
 .text.z_riscv_fatal_error
                0x000000001c011a02        0x8 zephyr/arch/arch/riscv/core/libarch__riscv__core.a(fatal.c.obj)
                0x000000001c011a02                z_riscv_fatal_error
 .text.z_riscv_fault
                0x000000001c011a0a        0xa zephyr/arch/arch/riscv/core/libarch__riscv__core.a(fatal.c.obj)
                0x000000001c011a0a                z_riscv_fault
 .text.z_irq_spurious
                0x000000001c011a14       0x20 zephyr/arch/arch/riscv/core/libarch__riscv__core.a(irq_manage.c.obj)
                0x000000001c011a14                z_irq_spurious
 .text.z_prep_c
                0x000000001c011a34        0xa zephyr/arch/arch/riscv/core/libarch__riscv__core.a(prep_c.c.obj)
                0x000000001c011a34                z_prep_c
 .text.arch_new_thread
                0x000000001c011a3e       0x4c zephyr/arch/arch/riscv/core/libarch__riscv__core.a(thread.c.obj)
                0x000000001c011a3e                arch_new_thread
 .text.arch_coprocessors_disable
                0x000000001c011a8a        0x6 zephyr/arch/arch/riscv/core/libarch__riscv__core.a(thread.c.obj)
                0x000000001c011a8a                arch_coprocessors_disable
 .text.arch_tls_stack_setup
                0x000000001c011a90       0x54 zephyr/arch/arch/riscv/core/libarch__riscv__core.a(tls.c.obj)
                0x000000001c011a90                arch_tls_stack_setup
 .text.in_stack_bound
                0x000000001c011ae4       0x20 zephyr/arch/arch/riscv/core/libarch__riscv__core.a(stacktrace.c.obj)
 .text.walk_stackframe
                0x000000001c011b04       0xc4 zephyr/arch/arch/riscv/core/libarch__riscv__core.a(stacktrace.c.obj)
 .text.print_trace_address
                0x000000001c011bc8       0x28 zephyr/arch/arch/riscv/core/libarch__riscv__core.a(stacktrace.c.obj)
 .text.in_fatal_stack_bound
                0x000000001c011bf0       0x36 zephyr/arch/arch/riscv/core/libarch__riscv__core.a(stacktrace.c.obj)
 .text.z_riscv_unwind_stack
                0x000000001c011c26       0x4e zephyr/arch/arch/riscv/core/libarch__riscv__core.a(stacktrace.c.obj)
                0x000000001c011c26                z_riscv_unwind_stack
 .text.z_impl_zephyr_fputc
                0x000000001c011c74       0x16 zephyr/lib/libc/picolibc/liblib__libc__picolibc.a(stdio.c.obj)
                0x000000001c011c74                z_impl_zephyr_fputc
 .text.picolibc_put
                0x000000001c011c8a        0xe zephyr/lib/libc/picolibc/liblib__libc__picolibc.a(stdio.c.obj)
 .text.__stdout_hook_install
                0x000000001c011c98       0x1e zephyr/lib/libc/picolibc/liblib__libc__picolibc.a(stdio.c.obj)
                0x000000001c011c98                __stdout_hook_install
 .text.malloc_prepare
                0x000000001c011cb6       0x28 zephyr/lib/libc/common/liblib__libc__common.a(malloc.c.obj)
 .text.uart_console_init
                0x000000001c011cde       0x34 zephyr/drivers/console/libdrivers__console.a(uart_console.c.obj)
 .text.console_out
                0x000000001c011d12       0x46 zephyr/drivers/console/libdrivers__console.a(uart_console.c.obj)
 .text.jesd216_bfp_erase
                0x000000001c011d58       0x2c zephyr/drivers/flash/libdrivers__flash.a(jesd216.c.obj)
                0x000000001c011d58                jesd216_bfp_erase
 .text.jesd216_bfp_decode_dw16
                0x000000001c011d84       0x58 zephyr/drivers/flash/libdrivers__flash.a(jesd216.c.obj)
                0x000000001c011d84                jesd216_bfp_decode_dw16
 .text.spi_nor_pages_layout
                0x000000001c011ddc        0xe zephyr/drivers/flash/libdrivers__flash.a(spi_nor.c.obj)
 .text.flash_nor_get_parameters
                0x000000001c011dea        0xa zephyr/drivers/flash/libdrivers__flash.a(spi_nor.c.obj)
 .text.flash_nor_get_size
                0x000000001c011df4        0xe zephyr/drivers/flash/libdrivers__flash.a(spi_nor.c.obj)
 .text.release_device.isra.0
                0x000000001c011e02        0x4 zephyr/drivers/flash/libdrivers__flash.a(spi_nor.c.obj)
 .text.acquire_device.isra.0
                0x000000001c011e06        0x8 zephyr/drivers/flash/libdrivers__flash.a(spi_nor.c.obj)
 .text.spi_nor_access
                0x000000001c011e0e       0xea zephyr/drivers/flash/libdrivers__flash.a(spi_nor.c.obj)
 .text.spi_nor_rdsr
                0x000000001c011ef8       0x1e zephyr/drivers/flash/libdrivers__flash.a(spi_nor.c.obj)
 .text.spi_nor_wait_until_ready
                0x000000001c011f16       0x40 zephyr/drivers/flash/libdrivers__flash.a(spi_nor.c.obj)
 .text.spi_nor_erase
                0x000000001c011f56      0x11c zephyr/drivers/flash/libdrivers__flash.a(spi_nor.c.obj)
 .text.spi_nor_write
                0x000000001c012072       0xb6 zephyr/drivers/flash/libdrivers__flash.a(spi_nor.c.obj)
 .text.spi_nor_read
                0x000000001c012128       0x4a zephyr/drivers/flash/libdrivers__flash.a(spi_nor.c.obj)
 .text.spi_nor_init
                0x000000001c012172      0x5f4 zephyr/drivers/flash/libdrivers__flash.a(spi_nor.c.obj)
 .text.gpio_puppy_configure
                0x000000001c012766       0xd0 zephyr/drivers/gpio/libdrivers__gpio.a(gpio_puppy.c.obj)
 .text.gpio_puppy_port_get_raw
                0x000000001c012836        0xc zephyr/drivers/gpio/libdrivers__gpio.a(gpio_puppy.c.obj)
 .text.gpio_puppy_port_set_masked_raw
                0x000000001c012842       0x1c zephyr/drivers/gpio/libdrivers__gpio.a(gpio_puppy.c.obj)
 .text.gpio_puppy_port_set_bits_raw
                0x000000001c01285e        0xa zephyr/drivers/gpio/libdrivers__gpio.a(gpio_puppy.c.obj)
 .text.gpio_puppy_port_clear_bits_raw
                0x000000001c012868        0xa zephyr/drivers/gpio/libdrivers__gpio.a(gpio_puppy.c.obj)
 .text.gpio_puppy_port_toggle_bits
                0x000000001c012872        0xc zephyr/drivers/gpio/libdrivers__gpio.a(gpio_puppy.c.obj)
 .text.gpio_puppy_pin_interrupt_configure
                0x000000001c01287e       0x9a zephyr/drivers/gpio/libdrivers__gpio.a(gpio_puppy.c.obj)
 .text.gpio_puppy_0_init
                0x000000001c012918       0x12 zephyr/drivers/gpio/libdrivers__gpio.a(gpio_puppy.c.obj)
 .text.gpio_puppy_isr
                0x000000001c01292a       0x44 zephyr/drivers/gpio/libdrivers__gpio.a(gpio_puppy.c.obj)
 .text.gpio_puppy_manage_callback
                0x000000001c01296e       0x44 zephyr/drivers/gpio/libdrivers__gpio.a(gpio_puppy.c.obj)
 .text.i2c_puppy_configure
                0x000000001c0129b2       0x40 zephyr/drivers/i2c/libdrivers__i2c.a(i2c_puppy.c.obj)
 .text.config_pad_cfg.constprop.0
                0x000000001c0129f2       0x32 zephyr/drivers/i2c/libdrivers__i2c.a(i2c_puppy.c.obj)
 .text.config_pad_func.constprop.0
                0x000000001c012a24       0x2e zephyr/drivers/i2c/libdrivers__i2c.a(i2c_puppy.c.obj)
 .text.k_usleep.isra.0
                0x000000001c012a52        0x4 zephyr/drivers/i2c/libdrivers__i2c.a(i2c_puppy.c.obj)
 .text.i2c_puppy_send_addr.isra.0
                0x000000001c012a56       0x86 zephyr/drivers/i2c/libdrivers__i2c.a(i2c_puppy.c.obj)
 .text.i2c_puppy_transfer
                0x000000001c012adc      0x1d0 zephyr/drivers/i2c/libdrivers__i2c.a(i2c_puppy.c.obj)
 .text.i2c_puppy_init
                0x000000001c012cac       0x66 zephyr/drivers/i2c/libdrivers__i2c.a(i2c_puppy.c.obj)
 .text.pwm_puppy_init
                0x000000001c012d12       0x12 zephyr/drivers/pwm/libdrivers__pwm.a(pwm_puppy.c.obj)
 .text.pwm_puppy_get_cycles_per_sec
                0x000000001c012d24       0x3c zephyr/drivers/pwm/libdrivers__pwm.a(pwm_puppy.c.obj)
 .text.pwm_puppy_set_cycles
                0x000000001c012d60       0xe8 zephyr/drivers/pwm/libdrivers__pwm.a(pwm_puppy.c.obj)
 .text.uart_puppy_configure
                0x000000001c012e48       0x66 zephyr/drivers/serial/libdrivers__serial.a(uart_puppy.c.obj)
 .text.uart_puppy_poll_in
                0x000000001c012eae       0x16 zephyr/drivers/serial/libdrivers__serial.a(uart_puppy.c.obj)
 .text.uart_puppy_poll_out
                0x000000001c012ec4       0x32 zephyr/drivers/serial/libdrivers__serial.a(uart_puppy.c.obj)
 .text.uart_puppy_init
                0x000000001c012ef6       0x24 zephyr/drivers/serial/libdrivers__serial.a(uart_puppy.c.obj)
 .text.spi_context_get_next_buf.constprop.0
                0x000000001c012f1a       0x26 zephyr/drivers/spi/libdrivers__spi.a(spi_puppy.c.obj)
 .text.spi_puppy_transceive
                0x000000001c012f40      0x3b6 zephyr/drivers/spi/libdrivers__spi.a(spi_puppy.c.obj)
 .text.spi_puppy_init
                0x000000001c0132f6       0x50 zephyr/drivers/spi/libdrivers__spi.a(spi_puppy.c.obj)
 .text.sys_clock_set_timeout
                0x000000001c013346        0x2 zephyr/drivers/timer/libdrivers__timer.a(sys_clock_init.c.obj)
                0x000000001c013346                sys_clock_set_timeout
 .text.do_device_init
                0x000000001c013348       0x48 zephyr/kernel/libkernel.a(device.c.obj)
                0x000000001c013348                do_device_init
 .text.z_impl_device_is_ready
                0x000000001c013390       0x1c zephyr/kernel/libkernel.a(device.c.obj)
                0x000000001c013390                z_impl_device_is_ready
 .text.arch_system_halt
                0x000000001c0133ac        0x6 zephyr/kernel/libkernel.a(fatal.c.obj)
                0x000000001c0133ac                arch_system_halt
 .text.k_sys_fatal_error_handler
                0x000000001c0133b2       0x1c zephyr/kernel/libkernel.a(fatal.c.obj)
                0x000000001c0133b2                k_sys_fatal_error_handler
 .text.z_fatal_error
                0x000000001c0133ce       0x9e zephyr/kernel/libkernel.a(fatal.c.obj)
                0x000000001c0133ce                z_fatal_error
 .text.z_sys_init_run_level
                0x000000001c01346c       0x46 zephyr/kernel/libkernel.a(init.c.obj)
 .text.bg_thread_main
                0x000000001c0134b2       0xc4 zephyr/kernel/libkernel.a(init.c.obj)
 .text.z_init_cpu
                0x000000001c013576       0x86 zephyr/kernel/libkernel.a(init.c.obj)
                0x000000001c013576                z_init_cpu
 .text.z_cstart
                0x000000001c0135fc       0xb0 zephyr/kernel/libkernel.a(init.c.obj)
                0x000000001c0135fc                z_cstart
 .text.idle     0x000000001c0136ac        0xe zephyr/kernel/libkernel.a(idle.c.obj)
                0x000000001c0136ac                idle
 .text.z_impl_k_sem_init
                0x000000001c0136ba       0x18 zephyr/kernel/libkernel.a(sem.c.obj)
                0x000000001c0136ba                z_impl_k_sem_init
 .text.z_impl_k_sem_give
                0x000000001c0136d2       0x70 zephyr/kernel/libkernel.a(sem.c.obj)
                0x000000001c0136d2                z_impl_k_sem_give
 .text.z_impl_k_sem_take
                0x000000001c013742       0x36 zephyr/kernel/libkernel.a(sem.c.obj)
                0x000000001c013742                z_impl_k_sem_take
 .text.k_thread_name_get
                0x000000001c013778        0x4 zephyr/kernel/libkernel.a(thread.c.obj)
                0x000000001c013778                k_thread_name_get
 .text.z_setup_new_thread
                0x000000001c01377c       0xc6 zephyr/kernel/libkernel.a(thread.c.obj)
                0x000000001c01377c                z_setup_new_thread
 .text.z_dummy_thread_init
                0x000000001c013842       0x1e zephyr/kernel/libkernel.a(thread.c.obj)
                0x000000001c013842                z_dummy_thread_init
 .text.sys_dlist_remove
                0x000000001c013860       0x12 zephyr/kernel/libkernel.a(sched.c.obj)
 .text.unpend_thread_no_timeout
                0x000000001c013872       0x20 zephyr/kernel/libkernel.a(sched.c.obj)
 .text.ready_thread
                0x000000001c013892       0xa8 zephyr/kernel/libkernel.a(sched.c.obj)
 .text.unready_thread
                0x000000001c01393a       0x76 zephyr/kernel/libkernel.a(sched.c.obj)
 .text.add_thread_timeout
                0x000000001c0139b0       0x1e zephyr/kernel/libkernel.a(sched.c.obj)
 .text.z_swap   0x000000001c0139ce       0x64 zephyr/kernel/libkernel.a(sched.c.obj)
 .text.add_to_waitq_locked
                0x000000001c013a32       0x5e zephyr/kernel/libkernel.a(sched.c.obj)
 .text.move_thread_to_end_of_prio_q
                0x000000001c013a90       0xba zephyr/kernel/libkernel.a(sched.c.obj)
                0x000000001c013a90                move_thread_to_end_of_prio_q
 .text.z_ready_thread
                0x000000001c013b4a       0x1a zephyr/kernel/libkernel.a(sched.c.obj)
                0x000000001c013b4a                z_ready_thread
 .text.z_sched_wake_thread
                0x000000001c013b64       0x3c zephyr/kernel/libkernel.a(sched.c.obj)
                0x000000001c013b64                z_sched_wake_thread
 .text.z_thread_timeout
                0x000000001c013ba0        0x6 zephyr/kernel/libkernel.a(sched.c.obj)
                0x000000001c013ba0                z_thread_timeout
 .text.z_pend_curr
                0x000000001c013ba6       0x42 zephyr/kernel/libkernel.a(sched.c.obj)
                0x000000001c013ba6                z_pend_curr
 .text.z_reschedule
                0x000000001c013be8       0x22 zephyr/kernel/libkernel.a(sched.c.obj)
                0x000000001c013be8                z_reschedule
 .text.z_reschedule_irqlock
                0x000000001c013c0a       0x52 zephyr/kernel/libkernel.a(sched.c.obj)
                0x000000001c013c0a                z_reschedule_irqlock
 .text.k_sched_lock
                0x000000001c013c5c       0x20 zephyr/kernel/libkernel.a(sched.c.obj)
                0x000000001c013c5c                k_sched_lock
 .text.k_sched_unlock
                0x000000001c013c7c       0x86 zephyr/kernel/libkernel.a(sched.c.obj)
                0x000000001c013c7c                k_sched_unlock
 .text.z_swap_next_thread
                0x000000001c013d02        0xc zephyr/kernel/libkernel.a(sched.c.obj)
                0x000000001c013d02                z_swap_next_thread
 .text.z_get_next_switch_handle
                0x000000001c013d0e       0x18 zephyr/kernel/libkernel.a(sched.c.obj)
                0x000000001c013d0e                z_get_next_switch_handle
 .text.z_sched_init
                0x000000001c013d26       0x16 zephyr/kernel/libkernel.a(sched.c.obj)
                0x000000001c013d26                z_sched_init
 .text.z_impl_k_yield
                0x000000001c013d3c       0x9c zephyr/kernel/libkernel.a(sched.c.obj)
                0x000000001c013d3c                z_impl_k_yield
 .text.z_tick_sleep
                0x000000001c013dd8       0x9a zephyr/kernel/libkernel.a(sched.c.obj)
 .text.z_impl_k_sleep
                0x000000001c013e72       0x78 zephyr/kernel/libkernel.a(sched.c.obj)
                0x000000001c013e72                z_impl_k_sleep
 .text.z_impl_k_usleep
                0x000000001c013eea       0x28 zephyr/kernel/libkernel.a(sched.c.obj)
                0x000000001c013eea                z_impl_k_usleep
 .text.z_impl_k_wakeup
                0x000000001c013f12       0x46 zephyr/kernel/libkernel.a(sched.c.obj)
                0x000000001c013f12                z_impl_k_wakeup
 .text.z_impl_k_sched_current_thread_query
                0x000000001c013f58        0xc zephyr/kernel/libkernel.a(sched.c.obj)
                0x000000001c013f58                z_impl_k_sched_current_thread_query
 .text.z_thread_abort
                0x000000001c013f64      0x146 zephyr/kernel/libkernel.a(sched.c.obj)
                0x000000001c013f64                z_thread_abort
 .text.z_impl_k_thread_abort
                0x000000001c0140aa        0x2 zephyr/kernel/libkernel.a(sched.c.obj)
                0x000000001c0140aa                z_impl_k_thread_abort
 .text.slice_timeout
                0x000000001c0140ac       0x2c zephyr/kernel/libkernel.a(timeslicing.c.obj)
 .text.thread_is_sliceable
                0x000000001c0140d8       0x48 zephyr/kernel/libkernel.a(timeslicing.c.obj)
                0x000000001c0140d8                thread_is_sliceable
 .text.z_reset_time_slice
                0x000000001c014120       0x6c zephyr/kernel/libkernel.a(timeslicing.c.obj)
                0x000000001c014120                z_reset_time_slice
 .text.z_time_slice
                0x000000001c01418c       0x52 zephyr/kernel/libkernel.a(timeslicing.c.obj)
                0x000000001c01418c                z_time_slice
 .text.first    0x000000001c0141de       0x12 zephyr/kernel/libkernel.a(timeout.c.obj)
 .text.next_timeout
                0x000000001c0141f0       0x40 zephyr/kernel/libkernel.a(timeout.c.obj)
 .text.elapsed  0x000000001c014230       0x12 zephyr/kernel/libkernel.a(timeout.c.obj)
 .text.remove_timeout
                0x000000001c014242       0x3c zephyr/kernel/libkernel.a(timeout.c.obj)
 .text.z_add_timeout
                0x000000001c01427e      0x15a zephyr/kernel/libkernel.a(timeout.c.obj)
                0x000000001c01427e                z_add_timeout
 .text.z_abort_timeout
                0x000000001c0143d8       0x4c zephyr/kernel/libkernel.a(timeout.c.obj)
                0x000000001c0143d8                z_abort_timeout
 .text.sys_clock_announce
                0x000000001c014424       0xce zephyr/kernel/libkernel.a(timeout.c.obj)
                0x000000001c014424                sys_clock_announce
 .text.sys_clock_tick_get_32
                0x000000001c0144f2        0xa zephyr/kernel/libkernel.a(timeout.c.obj)
                0x000000001c0144f2                sys_clock_tick_get_32
 .text.boot_banner
                0x000000001c0144fc        0xc zephyr/kernel/libkernel.a(banner.c.obj)
                0x000000001c0144fc                boot_banner
 .text.memcpy   0x000000001c014508       0x24 /home/ana/zephyr-sdk-0.16.8/riscv64-zephyr-elf/bin/../lib/gcc/../../picolibc/riscv64-zephyr-elf/lib/./libc.a(memcpy-asm.S.o)
                0x000000001c014508                memcpy
 .text.memset   0x000000001c01452c       0x1c /home/ana/zephyr-sdk-0.16.8/riscv64-zephyr-elf/bin/../lib/gcc/../../picolibc/riscv64-zephyr-elf/lib/./libc.a(memset.S.o)
                0x000000001c01452c                memset
 *(SORT_BY_ALIGNMENT(.gnu.linkonce.t.*))
                0x000000001c014548                __text_region_end = .
                0x000000001c014548                __rodata_region_start = .

initlevel       0x000000001c014548       0x80
                0x000000001c014548                __init_start = .
                0x000000001c014548                __init_EARLY_start = .
 *(SORT_BY_NAME(SORT_BY_ALIGNMENT(.z_init_EARLY_P_?_*)))
 *(SORT_BY_NAME(SORT_BY_ALIGNMENT(.z_init_EARLY_P_??_*)))
 *(SORT_BY_NAME(SORT_BY_ALIGNMENT(.z_init_EARLY_P_???_*)))
                0x000000001c014548                __init_PRE_KERNEL_1_start = .
 *(SORT_BY_NAME(SORT_BY_ALIGNMENT(.z_init_PRE_KERNEL_1_P_?_*)))
 *(SORT_BY_NAME(SORT_BY_ALIGNMENT(.z_init_PRE_KERNEL_1_P_??_*)))
 .z_init_PRE_KERNEL_1_P_40_SUB_00006_
                0x000000001c014548        0x8 zephyr/drivers/gpio/libdrivers__gpio.a(gpio_puppy.c.obj)
 .z_init_PRE_KERNEL_1_P_40_SUB_0_
                0x000000001c014550        0x8 zephyr/libzephyr.a(puppy_event.c.obj)
 .z_init_PRE_KERNEL_1_P_50_SUB_00022_
                0x000000001c014558        0x8 zephyr/drivers/spi/libdrivers__spi.a(spi_puppy.c.obj)
 .z_init_PRE_KERNEL_1_P_50_SUB_00025_
                0x000000001c014560        0x8 zephyr/drivers/serial/libdrivers__serial.a(uart_puppy.c.obj)
 .z_init_PRE_KERNEL_1_P_50_SUB_00026_
                0x000000001c014568        0x8 zephyr/drivers/serial/libdrivers__serial.a(uart_puppy.c.obj)
 .z_init_PRE_KERNEL_1_P_50_SUB_00027_
                0x000000001c014570        0x8 zephyr/drivers/spi/libdrivers__spi.a(spi_puppy.c.obj)
 .z_init_PRE_KERNEL_1_P_60_SUB_0_
                0x000000001c014578        0x8 zephyr/drivers/console/libdrivers__console.a(uart_console.c.obj)
 *(SORT_BY_NAME(SORT_BY_ALIGNMENT(.z_init_PRE_KERNEL_1_P_???_*)))
                0x000000001c014580                __init_PRE_KERNEL_2_start = .
 *(SORT_BY_NAME(SORT_BY_ALIGNMENT(.z_init_PRE_KERNEL_2_P_?_*)))
 .z_init_PRE_KERNEL_2_P_0_SUB_0_
                0x000000001c014580        0x8 zephyr/libzephyr.a(puppy_timer.c.obj)
 *(SORT_BY_NAME(SORT_BY_ALIGNMENT(.z_init_PRE_KERNEL_2_P_??_*)))
 .z_init_PRE_KERNEL_2_P_50_SUB_00017_
                0x000000001c014588        0x8 zephyr/drivers/i2c/libdrivers__i2c.a(i2c_puppy.c.obj)
 .z_init_PRE_KERNEL_2_P_50_SUB_00018_
                0x000000001c014590        0x8 zephyr/drivers/i2c/libdrivers__i2c.a(i2c_puppy.c.obj)
 *(SORT_BY_NAME(SORT_BY_ALIGNMENT(.z_init_PRE_KERNEL_2_P_???_*)))
                0x000000001c014598                __init_POST_KERNEL_start = .
 *(SORT_BY_NAME(SORT_BY_ALIGNMENT(.z_init_POST_KERNEL_P_?_*)))
 *(SORT_BY_NAME(SORT_BY_ALIGNMENT(.z_init_POST_KERNEL_P_??_*)))
 .z_init_POST_KERNEL_P_35_SUB_0_
                0x000000001c014598        0x8 zephyr/lib/libc/common/liblib__libc__common.a(malloc.c.obj)
 .z_init_POST_KERNEL_P_50_SUB_00013_
                0x000000001c0145a0        0x8 zephyr/drivers/pwm/libdrivers__pwm.a(pwm_puppy.c.obj)
 .z_init_POST_KERNEL_P_50_SUB_00019_
                0x000000001c0145a8        0x8 zephyr/drivers/pwm/libdrivers__pwm.a(pwm_puppy.c.obj)
 .z_init_POST_KERNEL_P_50_SUB_00020_
                0x000000001c0145b0        0x8 zephyr/drivers/pwm/libdrivers__pwm.a(pwm_puppy.c.obj)
 .z_init_POST_KERNEL_P_50_SUB_00021_
                0x000000001c0145b8        0x8 zephyr/drivers/pwm/libdrivers__pwm.a(pwm_puppy.c.obj)
 .z_init_POST_KERNEL_P_80_SUB_00028_
                0x000000001c0145c0        0x8 zephyr/drivers/flash/libdrivers__flash.a(spi_nor.c.obj)
 *(SORT_BY_NAME(SORT_BY_ALIGNMENT(.z_init_POST_KERNEL_P_???_*)))
                0x000000001c0145c8                __init_APPLICATION_start = .
 *(SORT_BY_NAME(SORT_BY_ALIGNMENT(.z_init_APPLICATION_P_?_*)))
 *(SORT_BY_NAME(SORT_BY_ALIGNMENT(.z_init_APPLICATION_P_??_*)))
 *(SORT_BY_NAME(SORT_BY_ALIGNMENT(.z_init_APPLICATION_P_???_*)))
                0x000000001c0145c8                __init_SMP_start = .
 *(SORT_BY_NAME(SORT_BY_ALIGNMENT(.z_init_SMP_P_?_*)))
 *(SORT_BY_NAME(SORT_BY_ALIGNMENT(.z_init_SMP_P_??_*)))
 *(SORT_BY_NAME(SORT_BY_ALIGNMENT(.z_init_SMP_P_???_*)))
                0x000000001c0145c8                __init_end = .

device_area     0x000000001c0145c8      0x180
                0x000000001c0145c8                _device_list_start = .
 *(SORT_BY_NAME(SORT_BY_ALIGNMENT(._device.static.*_?_*)))
 *(SORT_BY_NAME(SORT_BY_ALIGNMENT(._device.static.*_??_*)))
 ._device.static.1_40_
                0x000000001c0145c8       0x20 zephyr/drivers/gpio/libdrivers__gpio.a(gpio_puppy.c.obj)
                0x000000001c0145c8                __device_dts_ord_6
 ._device.static.1_50_
                0x000000001c0145e8       0x40 zephyr/drivers/serial/libdrivers__serial.a(uart_puppy.c.obj)
                0x000000001c0145e8                __device_dts_ord_26
                0x000000001c014608                __device_dts_ord_25
 ._device.static.1_50_
                0x000000001c014628       0x40 zephyr/drivers/spi/libdrivers__spi.a(spi_puppy.c.obj)
                0x000000001c014628                __device_dts_ord_22
                0x000000001c014648                __device_dts_ord_27
 ._device.static.2_50_
                0x000000001c014668       0x40 zephyr/drivers/i2c/libdrivers__i2c.a(i2c_puppy.c.obj)
                0x000000001c014668                __device_dts_ord_18
                0x000000001c014688                __device_dts_ord_17
 ._device.static.3_50_
                0x000000001c0146a8       0x80 zephyr/drivers/pwm/libdrivers__pwm.a(pwm_puppy.c.obj)
                0x000000001c0146a8                __device_dts_ord_21
                0x000000001c0146c8                __device_dts_ord_13
                0x000000001c0146e8                __device_dts_ord_20
                0x000000001c014708                __device_dts_ord_19
 ._device.static.3_80_
                0x000000001c014728       0x20 zephyr/drivers/flash/libdrivers__flash.a(spi_nor.c.obj)
                0x000000001c014728                __device_dts_ord_28
 *(SORT_BY_NAME(SORT_BY_ALIGNMENT(._device.static.*_???_*)))
 *(SORT_BY_NAME(SORT_BY_ALIGNMENT(._device.static.*_????_*)))
 *(SORT_BY_NAME(SORT_BY_ALIGNMENT(._device.static.*_?????_*)))
                0x000000001c014748                _device_list_end = .

sw_isr_table    0x000000001c014748      0x100
                0x000000001c014748                . = ALIGN (0x4)
 *(SORT_BY_ALIGNMENT(.gnu.linkonce.sw_isr_table*))
 .gnu.linkonce.sw_isr_table
                0x000000001c014748      0x100 zephyr/CMakeFiles/zephyr_final.dir/isr_tables.c.obj
                0x000000001c014748                _sw_isr_table

initlevel_error
                0x000000001c014548        0x0
 *(SORT_BY_NAME(SORT_BY_ALIGNMENT(.z_init_*)))
                0x0000000000000001                ASSERT ((SIZEOF (initlevel_error) == 0x0), Undefined initialization levels used.)

app_shmem_regions
                0x000000001c014848        0x0
                0x000000001c014848                __app_shmem_regions_start = .
 *(SORT_BY_NAME(SORT_BY_ALIGNMENT(.app_regions.*)))
                0x000000001c014848                __app_shmem_regions_end = .

k_p4wq_initparam_area
                0x000000001c014848        0x0
                0x000000001c014848                _k_p4wq_initparam_list_start = .
 *(SORT_BY_NAME(SORT_BY_ALIGNMENT(._k_p4wq_initparam.static.*)))
                0x000000001c014848                _k_p4wq_initparam_list_end = .

_static_thread_data_area
                0x000000001c014848        0x0
                0x000000001c014848                __static_thread_data_list_start = .
 *(SORT_BY_NAME(SORT_BY_ALIGNMENT(.__static_thread_data.static.*)))
                0x000000001c014848                __static_thread_data_list_end = .

device_deps     0x000000001c014848        0x0
                0x000000001c014848                __device_deps_start = .
 *(SORT_BY_NAME(SORT_BY_ALIGNMENT(.__device_deps_pass2*)))
                0x000000001c014848                __device_deps_end = .

flash_driver_api_area
                0x000000001c014848       0x18
                0x000000001c014848                _flash_driver_api_list_start = .
 *(SORT_BY_NAME(SORT_BY_ALIGNMENT(._flash_driver_api.static.*)))
 ._flash_driver_api.static.spi_nor_api_
                0x000000001c014848       0x18 zephyr/drivers/flash/libdrivers__flash.a(spi_nor.c.obj)
                0x000000001c014860                _flash_driver_api_list_end = .

gpio_driver_api_area
                0x000000001c014860       0x24
                0x000000001c014860                _gpio_driver_api_list_start = .
 *(SORT_BY_NAME(SORT_BY_ALIGNMENT(._gpio_driver_api.static.*)))
 ._gpio_driver_api.static.gpio_puppy_driver_api_
                0x000000001c014860       0x24 zephyr/drivers/gpio/libdrivers__gpio.a(gpio_puppy.c.obj)
                0x000000001c014884                _gpio_driver_api_list_end = .

i2c_driver_api_area
                0x000000001c014884       0x18
                0x000000001c014884                _i2c_driver_api_list_start = .
 *(SORT_BY_NAME(SORT_BY_ALIGNMENT(._i2c_driver_api.static.*)))
 ._i2c_driver_api.static.i2c_puppy_driver_api_
                0x000000001c014884       0x18 zephyr/drivers/i2c/libdrivers__i2c.a(i2c_puppy.c.obj)
                0x000000001c01489c                _i2c_driver_api_list_end = .

i2c_target_driver_api_area
                0x000000001c01489c        0x0
                0x000000001c01489c                _i2c_target_driver_api_list_start = .
 *(SORT_BY_NAME(SORT_BY_ALIGNMENT(._i2c_target_driver_api.static.*)))
                0x000000001c01489c                _i2c_target_driver_api_list_end = .

pwm_driver_api_area
                0x000000001c01489c        0x8
                0x000000001c01489c                _pwm_driver_api_list_start = .
 *(SORT_BY_NAME(SORT_BY_ALIGNMENT(._pwm_driver_api.static.*)))
 ._pwm_driver_api.static.pwm_puppy_driver_api_
                0x000000001c01489c        0x8 zephyr/drivers/pwm/libdrivers__pwm.a(pwm_puppy.c.obj)
                0x000000001c0148a4                _pwm_driver_api_list_end = .

spi_driver_api_area
                0x000000001c0148a4        0x8
                0x000000001c0148a4                _spi_driver_api_list_start = .
 *(SORT_BY_NAME(SORT_BY_ALIGNMENT(._spi_driver_api.static.*)))
 ._spi_driver_api.static.spi_puppy_driver_api_
                0x000000001c0148a4        0x8 zephyr/drivers/spi/libdrivers__spi.a(spi_puppy.c.obj)
                0x000000001c0148ac                _spi_driver_api_list_end = .

shared_irq_driver_api_area
                0x000000001c0148ac        0x0
                0x000000001c0148ac                _shared_irq_driver_api_list_start = .
 *(SORT_BY_NAME(SORT_BY_ALIGNMENT(._shared_irq_driver_api.static.*)))
                0x000000001c0148ac                _shared_irq_driver_api_list_end = .

crypto_driver_api_area
                0x000000001c0148ac        0x0
                0x000000001c0148ac                _crypto_driver_api_list_start = .
 *(SORT_BY_NAME(SORT_BY_ALIGNMENT(._crypto_driver_api.static.*)))
                0x000000001c0148ac                _crypto_driver_api_list_end = .

adc_driver_api_area
                0x000000001c0148ac        0x0
                0x000000001c0148ac                _adc_driver_api_list_start = .
 *(SORT_BY_NAME(SORT_BY_ALIGNMENT(._adc_driver_api.static.*)))
                0x000000001c0148ac                _adc_driver_api_list_end = .

auxdisplay_driver_api_area
                0x000000001c0148ac        0x0
                0x000000001c0148ac                _auxdisplay_driver_api_list_start = .
 *(SORT_BY_NAME(SORT_BY_ALIGNMENT(._auxdisplay_driver_api.static.*)))
                0x000000001c0148ac                _auxdisplay_driver_api_list_end = .

bbram_driver_api_area
                0x000000001c0148ac        0x0
                0x000000001c0148ac                _bbram_driver_api_list_start = .
 *(SORT_BY_NAME(SORT_BY_ALIGNMENT(._bbram_driver_api.static.*)))
                0x000000001c0148ac                _bbram_driver_api_list_end = .

bt_hci_driver_api_area
                0x000000001c0148ac        0x0
                0x000000001c0148ac                _bt_hci_driver_api_list_start = .
 *(SORT_BY_NAME(SORT_BY_ALIGNMENT(._bt_hci_driver_api.static.*)))
                0x000000001c0148ac                _bt_hci_driver_api_list_end = .

can_driver_api_area
                0x000000001c0148ac        0x0
                0x000000001c0148ac                _can_driver_api_list_start = .
 *(SORT_BY_NAME(SORT_BY_ALIGNMENT(._can_driver_api.static.*)))
                0x000000001c0148ac                _can_driver_api_list_end = .

cellular_driver_api_area
                0x000000001c0148ac        0x0
                0x000000001c0148ac                _cellular_driver_api_list_start = .
 *(SORT_BY_NAME(SORT_BY_ALIGNMENT(._cellular_driver_api.static.*)))
                0x000000001c0148ac                _cellular_driver_api_list_end = .

charger_driver_api_area
                0x000000001c0148ac        0x0
                0x000000001c0148ac                _charger_driver_api_list_start = .
 *(SORT_BY_NAME(SORT_BY_ALIGNMENT(._charger_driver_api.static.*)))
                0x000000001c0148ac                _charger_driver_api_list_end = .

clock_control_driver_api_area
                0x000000001c0148ac        0x0
                0x000000001c0148ac                _clock_control_driver_api_list_start = .
 *(SORT_BY_NAME(SORT_BY_ALIGNMENT(._clock_control_driver_api.static.*)))
                0x000000001c0148ac                _clock_control_driver_api_list_end = .

comparator_driver_api_area
                0x000000001c0148ac        0x0
                0x000000001c0148ac                _comparator_driver_api_list_start = .
 *(SORT_BY_NAME(SORT_BY_ALIGNMENT(._comparator_driver_api.static.*)))
                0x000000001c0148ac                _comparator_driver_api_list_end = .

coredump_driver_api_area
                0x000000001c0148ac        0x0
                0x000000001c0148ac                _coredump_driver_api_list_start = .
 *(SORT_BY_NAME(SORT_BY_ALIGNMENT(._coredump_driver_api.static.*)))
                0x000000001c0148ac                _coredump_driver_api_list_end = .

counter_driver_api_area
                0x000000001c0148ac        0x0
                0x000000001c0148ac                _counter_driver_api_list_start = .
 *(SORT_BY_NAME(SORT_BY_ALIGNMENT(._counter_driver_api.static.*)))
                0x000000001c0148ac                _counter_driver_api_list_end = .

crc_driver_api_area
                0x000000001c0148ac        0x0
                0x000000001c0148ac                _crc_driver_api_list_start = .
 *(SORT_BY_NAME(SORT_BY_ALIGNMENT(._crc_driver_api.static.*)))
                0x000000001c0148ac                _crc_driver_api_list_end = .

dac_driver_api_area
                0x000000001c0148ac        0x0
                0x000000001c0148ac                _dac_driver_api_list_start = .
 *(SORT_BY_NAME(SORT_BY_ALIGNMENT(._dac_driver_api.static.*)))
                0x000000001c0148ac                _dac_driver_api_list_end = .

dai_driver_api_area
                0x000000001c0148ac        0x0
                0x000000001c0148ac                _dai_driver_api_list_start = .
 *(SORT_BY_NAME(SORT_BY_ALIGNMENT(._dai_driver_api.static.*)))
                0x000000001c0148ac                _dai_driver_api_list_end = .

display_driver_api_area
                0x000000001c0148ac        0x0
                0x000000001c0148ac                _display_driver_api_list_start = .
 *(SORT_BY_NAME(SORT_BY_ALIGNMENT(._display_driver_api.static.*)))
                0x000000001c0148ac                _display_driver_api_list_end = .

dma_driver_api_area
                0x000000001c0148ac        0x0
                0x000000001c0148ac                _dma_driver_api_list_start = .
 *(SORT_BY_NAME(SORT_BY_ALIGNMENT(._dma_driver_api.static.*)))
                0x000000001c0148ac                _dma_driver_api_list_end = .

edac_driver_api_area
                0x000000001c0148ac        0x0
                0x000000001c0148ac                _edac_driver_api_list_start = .
 *(SORT_BY_NAME(SORT_BY_ALIGNMENT(._edac_driver_api.static.*)))
                0x000000001c0148ac                _edac_driver_api_list_end = .

eeprom_driver_api_area
                0x000000001c0148ac        0x0
                0x000000001c0148ac                _eeprom_driver_api_list_start = .
 *(SORT_BY_NAME(SORT_BY_ALIGNMENT(._eeprom_driver_api.static.*)))
                0x000000001c0148ac                _eeprom_driver_api_list_end = .

emul_bbram_driver_api_area
                0x000000001c0148ac        0x0
                0x000000001c0148ac                _emul_bbram_driver_api_list_start = .
 *(SORT_BY_NAME(SORT_BY_ALIGNMENT(._emul_bbram_driver_api.static.*)))
                0x000000001c0148ac                _emul_bbram_driver_api_list_end = .

fuel_gauge_emul_driver_api_area
                0x000000001c0148ac        0x0
                0x000000001c0148ac                _fuel_gauge_emul_driver_api_list_start = .
 *(SORT_BY_NAME(SORT_BY_ALIGNMENT(._fuel_gauge_emul_driver_api.static.*)))
                0x000000001c0148ac                _fuel_gauge_emul_driver_api_list_end = .

emul_sensor_driver_api_area
                0x000000001c0148ac        0x0
                0x000000001c0148ac                _emul_sensor_driver_api_list_start = .
 *(SORT_BY_NAME(SORT_BY_ALIGNMENT(._emul_sensor_driver_api.static.*)))
                0x000000001c0148ac                _emul_sensor_driver_api_list_end = .

entropy_driver_api_area
                0x000000001c0148ac        0x0
                0x000000001c0148ac                _entropy_driver_api_list_start = .
 *(SORT_BY_NAME(SORT_BY_ALIGNMENT(._entropy_driver_api.static.*)))
                0x000000001c0148ac                _entropy_driver_api_list_end = .

espi_driver_api_area
                0x000000001c0148ac        0x0
                0x000000001c0148ac                _espi_driver_api_list_start = .
 *(SORT_BY_NAME(SORT_BY_ALIGNMENT(._espi_driver_api.static.*)))
                0x000000001c0148ac                _espi_driver_api_list_end = .

espi_saf_driver_api_area
                0x000000001c0148ac        0x0
                0x000000001c0148ac                _espi_saf_driver_api_list_start = .
 *(SORT_BY_NAME(SORT_BY_ALIGNMENT(._espi_saf_driver_api.static.*)))
                0x000000001c0148ac                _espi_saf_driver_api_list_end = .

fpga_driver_api_area
                0x000000001c0148ac        0x0
                0x000000001c0148ac                _fpga_driver_api_list_start = .
 *(SORT_BY_NAME(SORT_BY_ALIGNMENT(._fpga_driver_api.static.*)))
                0x000000001c0148ac                _fpga_driver_api_list_end = .

fuel_gauge_driver_api_area
                0x000000001c0148ac        0x0
                0x000000001c0148ac                _fuel_gauge_driver_api_list_start = .
 *(SORT_BY_NAME(SORT_BY_ALIGNMENT(._fuel_gauge_driver_api.static.*)))
                0x000000001c0148ac                _fuel_gauge_driver_api_list_end = .

gnss_driver_api_area
                0x000000001c0148ac        0x0
                0x000000001c0148ac                _gnss_driver_api_list_start = .
 *(SORT_BY_NAME(SORT_BY_ALIGNMENT(._gnss_driver_api.static.*)))
                0x000000001c0148ac                _gnss_driver_api_list_end = .

haptics_driver_api_area
                0x000000001c0148ac        0x0
                0x000000001c0148ac                _haptics_driver_api_list_start = .
 *(SORT_BY_NAME(SORT_BY_ALIGNMENT(._haptics_driver_api.static.*)))
                0x000000001c0148ac                _haptics_driver_api_list_end = .

hwspinlock_driver_api_area
                0x000000001c0148ac        0x0
                0x000000001c0148ac                _hwspinlock_driver_api_list_start = .
 *(SORT_BY_NAME(SORT_BY_ALIGNMENT(._hwspinlock_driver_api.static.*)))
                0x000000001c0148ac                _hwspinlock_driver_api_list_end = .

i2s_driver_api_area
                0x000000001c0148ac        0x0
                0x000000001c0148ac                _i2s_driver_api_list_start = .
 *(SORT_BY_NAME(SORT_BY_ALIGNMENT(._i2s_driver_api.static.*)))
                0x000000001c0148ac                _i2s_driver_api_list_end = .

i3c_driver_api_area
                0x000000001c0148ac        0x0
                0x000000001c0148ac                _i3c_driver_api_list_start = .
 *(SORT_BY_NAME(SORT_BY_ALIGNMENT(._i3c_driver_api.static.*)))
                0x000000001c0148ac                _i3c_driver_api_list_end = .

ipm_driver_api_area
                0x000000001c0148ac        0x0
                0x000000001c0148ac                _ipm_driver_api_list_start = .
 *(SORT_BY_NAME(SORT_BY_ALIGNMENT(._ipm_driver_api.static.*)))
                0x000000001c0148ac                _ipm_driver_api_list_end = .

led_driver_api_area
                0x000000001c0148ac        0x0
                0x000000001c0148ac                _led_driver_api_list_start = .
 *(SORT_BY_NAME(SORT_BY_ALIGNMENT(._led_driver_api.static.*)))
                0x000000001c0148ac                _led_driver_api_list_end = .

led_strip_driver_api_area
                0x000000001c0148ac        0x0
                0x000000001c0148ac                _led_strip_driver_api_list_start = .
 *(SORT_BY_NAME(SORT_BY_ALIGNMENT(._led_strip_driver_api.static.*)))
                0x000000001c0148ac                _led_strip_driver_api_list_end = .

lora_driver_api_area
                0x000000001c0148ac        0x0
                0x000000001c0148ac                _lora_driver_api_list_start = .
 *(SORT_BY_NAME(SORT_BY_ALIGNMENT(._lora_driver_api.static.*)))
                0x000000001c0148ac                _lora_driver_api_list_end = .

mbox_driver_api_area
                0x000000001c0148ac        0x0
                0x000000001c0148ac                _mbox_driver_api_list_start = .
 *(SORT_BY_NAME(SORT_BY_ALIGNMENT(._mbox_driver_api.static.*)))
                0x000000001c0148ac                _mbox_driver_api_list_end = .

mdio_driver_api_area
                0x000000001c0148ac        0x0
                0x000000001c0148ac                _mdio_driver_api_list_start = .
 *(SORT_BY_NAME(SORT_BY_ALIGNMENT(._mdio_driver_api.static.*)))
                0x000000001c0148ac                _mdio_driver_api_list_end = .

mipi_dbi_driver_api_area
                0x000000001c0148ac        0x0
                0x000000001c0148ac                _mipi_dbi_driver_api_list_start = .
 *(SORT_BY_NAME(SORT_BY_ALIGNMENT(._mipi_dbi_driver_api.static.*)))
                0x000000001c0148ac                _mipi_dbi_driver_api_list_end = .

mipi_dsi_driver_api_area
                0x000000001c0148ac        0x0
                0x000000001c0148ac                _mipi_dsi_driver_api_list_start = .
 *(SORT_BY_NAME(SORT_BY_ALIGNMENT(._mipi_dsi_driver_api.static.*)))
                0x000000001c0148ac                _mipi_dsi_driver_api_list_end = .

mspi_driver_api_area
                0x000000001c0148ac        0x0
                0x000000001c0148ac                _mspi_driver_api_list_start = .
 *(SORT_BY_NAME(SORT_BY_ALIGNMENT(._mspi_driver_api.static.*)))
                0x000000001c0148ac                _mspi_driver_api_list_end = .

opamp_driver_api_area
                0x000000001c0148ac        0x0
                0x000000001c0148ac                _opamp_driver_api_list_start = .
 *(SORT_BY_NAME(SORT_BY_ALIGNMENT(._opamp_driver_api.static.*)))
                0x000000001c0148ac                _opamp_driver_api_list_end = .

peci_driver_api_area
                0x000000001c0148ac        0x0
                0x000000001c0148ac                _peci_driver_api_list_start = .
 *(SORT_BY_NAME(SORT_BY_ALIGNMENT(._peci_driver_api.static.*)))
                0x000000001c0148ac                _peci_driver_api_list_end = .

ps2_driver_api_area
                0x000000001c0148ac        0x0
                0x000000001c0148ac                _ps2_driver_api_list_start = .
 *(SORT_BY_NAME(SORT_BY_ALIGNMENT(._ps2_driver_api.static.*)))
                0x000000001c0148ac                _ps2_driver_api_list_end = .

ptp_clock_driver_api_area
                0x000000001c0148ac        0x0
                0x000000001c0148ac                _ptp_clock_driver_api_list_start = .
 *(SORT_BY_NAME(SORT_BY_ALIGNMENT(._ptp_clock_driver_api.static.*)))
                0x000000001c0148ac                _ptp_clock_driver_api_list_end = .

regulator_parent_driver_api_area
                0x000000001c0148ac        0x0
                0x000000001c0148ac                _regulator_parent_driver_api_list_start = .
 *(SORT_BY_NAME(SORT_BY_ALIGNMENT(._regulator_parent_driver_api.static.*)))
                0x000000001c0148ac                _regulator_parent_driver_api_list_end = .

regulator_driver_api_area
                0x000000001c0148ac        0x0
                0x000000001c0148ac                _regulator_driver_api_list_start = .
 *(SORT_BY_NAME(SORT_BY_ALIGNMENT(._regulator_driver_api.static.*)))
                0x000000001c0148ac                _regulator_driver_api_list_end = .

reset_driver_api_area
                0x000000001c0148ac        0x0
                0x000000001c0148ac                _reset_driver_api_list_start = .
 *(SORT_BY_NAME(SORT_BY_ALIGNMENT(._reset_driver_api.static.*)))
                0x000000001c0148ac                _reset_driver_api_list_end = .

retained_mem_driver_api_area
                0x000000001c0148ac        0x0
                0x000000001c0148ac                _retained_mem_driver_api_list_start = .
 *(SORT_BY_NAME(SORT_BY_ALIGNMENT(._retained_mem_driver_api.static.*)))
                0x000000001c0148ac                _retained_mem_driver_api_list_end = .

rtc_driver_api_area
                0x000000001c0148ac        0x0
                0x000000001c0148ac                _rtc_driver_api_list_start = .
 *(SORT_BY_NAME(SORT_BY_ALIGNMENT(._rtc_driver_api.static.*)))
                0x000000001c0148ac                _rtc_driver_api_list_end = .

sdhc_driver_api_area
                0x000000001c0148ac        0x0
                0x000000001c0148ac                _sdhc_driver_api_list_start = .
 *(SORT_BY_NAME(SORT_BY_ALIGNMENT(._sdhc_driver_api.static.*)))
                0x000000001c0148ac                _sdhc_driver_api_list_end = .

sensor_driver_api_area
                0x000000001c0148ac        0x0
                0x000000001c0148ac                _sensor_driver_api_list_start = .
 *(SORT_BY_NAME(SORT_BY_ALIGNMENT(._sensor_driver_api.static.*)))
                0x000000001c0148ac                _sensor_driver_api_list_end = .

smbus_driver_api_area
                0x000000001c0148ac        0x0
                0x000000001c0148ac                _smbus_driver_api_list_start = .
 *(SORT_BY_NAME(SORT_BY_ALIGNMENT(._smbus_driver_api.static.*)))
                0x000000001c0148ac                _smbus_driver_api_list_end = .

stepper_driver_api_area
                0x000000001c0148ac        0x0
                0x000000001c0148ac                _stepper_driver_api_list_start = .
 *(SORT_BY_NAME(SORT_BY_ALIGNMENT(._stepper_driver_api.static.*)))
                0x000000001c0148ac                _stepper_driver_api_list_end = .

syscon_driver_api_area
                0x000000001c0148ac        0x0
                0x000000001c0148ac                _syscon_driver_api_list_start = .
 *(SORT_BY_NAME(SORT_BY_ALIGNMENT(._syscon_driver_api.static.*)))
                0x000000001c0148ac                _syscon_driver_api_list_end = .

tee_driver_api_area
                0x000000001c0148ac        0x0
                0x000000001c0148ac                _tee_driver_api_list_start = .
 *(SORT_BY_NAME(SORT_BY_ALIGNMENT(._tee_driver_api.static.*)))
                0x000000001c0148ac                _tee_driver_api_list_end = .

video_driver_api_area
                0x000000001c0148ac        0x0
                0x000000001c0148ac                _video_driver_api_list_start = .
 *(SORT_BY_NAME(SORT_BY_ALIGNMENT(._video_driver_api.static.*)))
                0x000000001c0148ac                _video_driver_api_list_end = .

virtio_driver_api_area
                0x000000001c0148ac        0x0
                0x000000001c0148ac                _virtio_driver_api_list_start = .
 *(SORT_BY_NAME(SORT_BY_ALIGNMENT(._virtio_driver_api.static.*)))
                0x000000001c0148ac                _virtio_driver_api_list_end = .

w1_driver_api_area
                0x000000001c0148ac        0x0
                0x000000001c0148ac                _w1_driver_api_list_start = .
 *(SORT_BY_NAME(SORT_BY_ALIGNMENT(._w1_driver_api.static.*)))
                0x000000001c0148ac                _w1_driver_api_list_end = .

wdt_driver_api_area
                0x000000001c0148ac        0x0
                0x000000001c0148ac                _wdt_driver_api_list_start = .
 *(SORT_BY_NAME(SORT_BY_ALIGNMENT(._wdt_driver_api.static.*)))
                0x000000001c0148ac                _wdt_driver_api_list_end = .

can_transceiver_driver_api_area
                0x000000001c0148ac        0x0
                0x000000001c0148ac                _can_transceiver_driver_api_list_start = .
 *(SORT_BY_NAME(SORT_BY_ALIGNMENT(._can_transceiver_driver_api.static.*)))
                0x000000001c0148ac                _can_transceiver_driver_api_list_end = .

nrf_clock_control_driver_api_area
                0x000000001c0148ac        0x0
                0x000000001c0148ac                _nrf_clock_control_driver_api_list_start = .
 *(SORT_BY_NAME(SORT_BY_ALIGNMENT(._nrf_clock_control_driver_api.static.*)))
                0x000000001c0148ac                _nrf_clock_control_driver_api_list_end = .

i3c_target_driver_api_area
                0x000000001c0148ac        0x0
                0x000000001c0148ac                _i3c_target_driver_api_list_start = .
 *(SORT_BY_NAME(SORT_BY_ALIGNMENT(._i3c_target_driver_api.static.*)))
                0x000000001c0148ac                _i3c_target_driver_api_list_end = .

its_driver_api_area
                0x000000001c0148ac        0x0
                0x000000001c0148ac                _its_driver_api_list_start = .
 *(SORT_BY_NAME(SORT_BY_ALIGNMENT(._its_driver_api.static.*)))
                0x000000001c0148ac                _its_driver_api_list_end = .

vtd_driver_api_area
                0x000000001c0148ac        0x0
                0x000000001c0148ac                _vtd_driver_api_list_start = .
 *(SORT_BY_NAME(SORT_BY_ALIGNMENT(._vtd_driver_api.static.*)))
                0x000000001c0148ac                _vtd_driver_api_list_end = .

renesas_elc_driver_api_area
                0x000000001c0148ac        0x0
                0x000000001c0148ac                _renesas_elc_driver_api_list_start = .
 *(SORT_BY_NAME(SORT_BY_ALIGNMENT(._renesas_elc_driver_api.static.*)))
                0x000000001c0148ac                _renesas_elc_driver_api_list_end = .

tgpio_driver_api_area
                0x000000001c0148ac        0x0
                0x000000001c0148ac                _tgpio_driver_api_list_start = .
 *(SORT_BY_NAME(SORT_BY_ALIGNMENT(._tgpio_driver_api.static.*)))
                0x000000001c0148ac                _tgpio_driver_api_list_end = .

pcie_ctrl_driver_api_area
                0x000000001c0148ac        0x0
                0x000000001c0148ac                _pcie_ctrl_driver_api_list_start = .
 *(SORT_BY_NAME(SORT_BY_ALIGNMENT(._pcie_ctrl_driver_api.static.*)))
                0x000000001c0148ac                _pcie_ctrl_driver_api_list_end = .

pcie_ep_driver_api_area
                0x000000001c0148ac        0x0
                0x000000001c0148ac                _pcie_ep_driver_api_list_start = .
 *(SORT_BY_NAME(SORT_BY_ALIGNMENT(._pcie_ep_driver_api.static.*)))
                0x000000001c0148ac                _pcie_ep_driver_api_list_end = .

psi5_driver_api_area
                0x000000001c0148ac        0x0
                0x000000001c0148ac                _psi5_driver_api_list_start = .
 *(SORT_BY_NAME(SORT_BY_ALIGNMENT(._psi5_driver_api.static.*)))
                0x000000001c0148ac                _psi5_driver_api_list_end = .

sent_driver_api_area
                0x000000001c0148ac        0x0
                0x000000001c0148ac                _sent_driver_api_list_start = .
 *(SORT_BY_NAME(SORT_BY_ALIGNMENT(._sent_driver_api.static.*)))
                0x000000001c0148ac                _sent_driver_api_list_end = .

svc_driver_api_area
                0x000000001c0148ac        0x0
                0x000000001c0148ac                _svc_driver_api_list_start = .
 *(SORT_BY_NAME(SORT_BY_ALIGNMENT(._svc_driver_api.static.*)))
                0x000000001c0148ac                _svc_driver_api_list_end = .

uart_driver_api_area
                0x000000001c0148ac       0x2c
                0x000000001c0148ac                _uart_driver_api_list_start = .
 *(SORT_BY_NAME(SORT_BY_ALIGNMENT(._uart_driver_api.static.*)))
 ._uart_driver_api.static.uart_puppy_driver_api_
                0x000000001c0148ac       0x2c zephyr/drivers/serial/libdrivers__serial.a(uart_puppy.c.obj)
                0x000000001c0148d8                _uart_driver_api_list_end = .

bc12_emul_driver_api_area
                0x000000001c0148d8        0x0
                0x000000001c0148d8                _bc12_emul_driver_api_list_start = .
 *(SORT_BY_NAME(SORT_BY_ALIGNMENT(._bc12_emul_driver_api.static.*)))
                0x000000001c0148d8                _bc12_emul_driver_api_list_end = .

bc12_driver_api_area
                0x000000001c0148d8        0x0
                0x000000001c0148d8                _bc12_driver_api_list_start = .
 *(SORT_BY_NAME(SORT_BY_ALIGNMENT(._bc12_driver_api.static.*)))
                0x000000001c0148d8                _bc12_driver_api_list_end = .

usbc_ppc_driver_api_area
                0x000000001c0148d8        0x0
                0x000000001c0148d8                _usbc_ppc_driver_api_list_start = .
 *(SORT_BY_NAME(SORT_BY_ALIGNMENT(._usbc_ppc_driver_api.static.*)))
                0x000000001c0148d8                _usbc_ppc_driver_api_list_end = .

tcpc_driver_api_area
                0x000000001c0148d8        0x0
                0x000000001c0148d8                _tcpc_driver_api_list_start = .
 *(SORT_BY_NAME(SORT_BY_ALIGNMENT(._tcpc_driver_api.static.*)))
                0x000000001c0148d8                _tcpc_driver_api_list_end = .

usbc_vbus_driver_api_area
                0x000000001c0148d8        0x0
                0x000000001c0148d8                _usbc_vbus_driver_api_list_start = .
 *(SORT_BY_NAME(SORT_BY_ALIGNMENT(._usbc_vbus_driver_api.static.*)))
                0x000000001c0148d8                _usbc_vbus_driver_api_list_end = .

ivshmem_driver_api_area
                0x000000001c0148d8        0x0
                0x000000001c0148d8                _ivshmem_driver_api_list_start = .
 *(SORT_BY_NAME(SORT_BY_ALIGNMENT(._ivshmem_driver_api.static.*)))
                0x000000001c0148d8                _ivshmem_driver_api_list_end = .

ethphy_driver_api_area
                0x000000001c0148d8        0x0
                0x000000001c0148d8                _ethphy_driver_api_list_start = .
 *(SORT_BY_NAME(SORT_BY_ALIGNMENT(._ethphy_driver_api.static.*)))
                0x000000001c0148d8                _ethphy_driver_api_list_end = .

ztest           0x000000001c0148d8        0x0
                0x000000001c0148d8                _ztest_expected_result_entry_list_start = .
 *(SORT_BY_NAME(SORT_BY_ALIGNMENT(._ztest_expected_result_entry.static.*)))
                0x000000001c0148d8                _ztest_expected_result_entry_list_end = .
                0x000000001c0148d8                _ztest_suite_node_list_start = .
 *(SORT_BY_NAME(SORT_BY_ALIGNMENT(._ztest_suite_node.static.*)))
                0x000000001c0148d8                _ztest_suite_node_list_end = .
                0x000000001c0148d8                _ztest_unit_test_list_start = .
 *(SORT_BY_NAME(SORT_BY_ALIGNMENT(._ztest_unit_test.static.*)))
                0x000000001c0148d8                _ztest_unit_test_list_end = .
                0x000000001c0148d8                _ztest_test_rule_list_start = .
 *(SORT_BY_NAME(SORT_BY_ALIGNMENT(._ztest_test_rule.static.*)))
                0x000000001c0148d8                _ztest_test_rule_list_end = .

init_array      0x000000001c0148d8        0x0
                0x000000001c0148d8                __zephyr_init_array_start = .
 *(SORT_BY_INIT_PRIORITY(.init_array.*) SORT_BY_INIT_PRIORITY(.ctors.*))
 *(SORT_BY_ALIGNMENT(.init_array) SORT_BY_ALIGNMENT(.ctors))
                0x000000001c0148d8                __zephyr_init_array_end = .
                0x0000000000000001                ASSERT ((__zephyr_init_array_start == __zephyr_init_array_end), GNU-style constructors required but STATIC_INIT_GNU not enabled)

bt_l2cap_fixed_chan_area
                0x000000001c0148d8        0x0
                0x000000001c0148d8                _bt_l2cap_fixed_chan_list_start = .
 *(SORT_BY_NAME(SORT_BY_ALIGNMENT(._bt_l2cap_fixed_chan.static.*)))
                0x000000001c0148d8                _bt_l2cap_fixed_chan_list_end = .

bt_gatt_service_static_area
                0x000000001c0148d8        0x0
                0x000000001c0148d8                _bt_gatt_service_static_list_start = .
 *(SORT_BY_NAME(SORT_BY_ALIGNMENT(._bt_gatt_service_static.static.*)))
                0x000000001c0148d8                _bt_gatt_service_static_list_end = .

log_strings_area
                0x000000001c0148d8        0x0
                0x000000001c0148d8                _log_strings_list_start = .
 *(SORT_BY_NAME(SORT_BY_ALIGNMENT(._log_strings.static.*)))
                0x000000001c0148d8                _log_strings_list_end = .

log_stmesp_ptr_area
                0x000000001c0148d8        0x0
                0x000000001c0148d8                _log_stmesp_ptr_list_start = .
 *(SORT_BY_NAME(SORT_BY_ALIGNMENT(._log_stmesp_ptr.static.*)))
                0x000000001c0148d8                _log_stmesp_ptr_list_end = .

log_stmesp_str_area
                0x000000001c0148d8        0x0
                0x000000001c0148d8                _log_stmesp_str_list_start = .
 *(SORT_BY_NAME(SORT_BY_ALIGNMENT(._log_stmesp_str.static.*)))
                0x000000001c0148d8                _log_stmesp_str_list_end = .

log_const_area  0x000000001c0148d8       0x40
                0x000000001c0148d8                _log_const_list_start = .
 *(SORT_BY_NAME(SORT_BY_ALIGNMENT(._log_const.static.*)))
 ._log_const.static.log_const_cbprintf_package_
                0x000000001c0148d8        0x8 zephyr/libzephyr.a(cbprintf_packaged.c.obj)
                0x000000001c0148d8                log_const_cbprintf_package
 ._log_const.static.log_const_flash_
                0x000000001c0148e0        0x8 zephyr/libzephyr.a(flash_util.c.obj)
                0x000000001c0148e0                log_const_flash
 ._log_const.static.log_const_getopt_
                0x000000001c0148e8        0x8 zephyr/lib/posix/c_lib_ext/liblib__posix__c_lib_ext.a(getopt.c.obj)
                0x000000001c0148e8                log_const_getopt
 ._log_const.static.log_const_i2c_
                0x000000001c0148f0        0x8 zephyr/drivers/i2c/libdrivers__i2c.a(i2c_common.c.obj)
                0x000000001c0148f0                log_const_i2c
 ._log_const.static.log_const_os_
                0x000000001c0148f8        0x8 zephyr/kernel/libkernel.a(init.c.obj)
                0x000000001c0148f8                log_const_os
 ._log_const.static.log_const_pwm_puppy_
                0x000000001c014900        0x8 zephyr/drivers/pwm/libdrivers__pwm.a(pwm_puppy.c.obj)
                0x000000001c014900                log_const_pwm_puppy
 ._log_const.static.log_const_spi_nor_
                0x000000001c014908        0x8 zephyr/drivers/flash/libdrivers__flash.a(spi_nor.c.obj)
                0x000000001c014908                log_const_spi_nor
 ._log_const.static.log_const_spi_puppy_
                0x000000001c014910        0x8 zephyr/drivers/spi/libdrivers__spi.a(spi_puppy.c.obj)
                0x000000001c014910                log_const_spi_puppy
                0x000000001c014918                _log_const_list_end = .

log_backend_area
                0x000000001c014918        0x0
                0x000000001c014918                _log_backend_list_start = .
 *(SORT_BY_NAME(SORT_BY_ALIGNMENT(._log_backend.static.*)))
                0x000000001c014918                _log_backend_list_end = .

log_link_area   0x000000001c014918        0x0
                0x000000001c014918                _log_link_list_start = .
 *(SORT_BY_NAME(SORT_BY_ALIGNMENT(._log_link.static.*)))
                0x000000001c014918                _log_link_list_end = .

tracing_backend_area
                0x000000001c014918        0x0
                0x000000001c014918                _tracing_backend_list_start = .
 *(SORT_BY_NAME(SORT_BY_ALIGNMENT(._tracing_backend.static.*)))
                0x000000001c014918                _tracing_backend_list_end = .

zephyr_dbg_info
 *(SORT_BY_ALIGNMENT(.dbg_thread_info))

intc_table_area
                0x000000001c014918        0x0
                0x000000001c014918                _intc_table_list_start = .
 *(SORT_BY_NAME(SORT_BY_ALIGNMENT(._intc_table.static.*)))
                0x000000001c014918                _intc_table_list_end = .

symbol_to_keep  0x000000001c014918        0x0
                0x000000001c014918                __symbol_to_keep_start = .
 *(SORT_BY_NAME(SORT_BY_ALIGNMENT(.symbol_to_keep*)))
                0x000000001c014918                __symbol_to_keep_end = .

shell_area      0x000000001c014918        0x0
                0x000000001c014918                _shell_list_start = .
 *(SORT_BY_NAME(SORT_BY_ALIGNMENT(._shell.static.*)))
                0x000000001c014918                _shell_list_end = .

shell_root_cmds_area
                0x000000001c014918        0x0
                0x000000001c014918                _shell_root_cmds_list_start = .
 *(SORT_BY_NAME(SORT_BY_ALIGNMENT(._shell_root_cmds.static.*)))
                0x000000001c014918                _shell_root_cmds_list_end = .

shell_subcmds_area
                0x000000001c014918        0x0
                0x000000001c014918                _shell_subcmds_list_start = .
 *(SORT_BY_NAME(SORT_BY_ALIGNMENT(._shell_subcmds.static.*)))
                0x000000001c014918                _shell_subcmds_list_end = .

shell_dynamic_subcmds_area
                0x000000001c014918        0x0
                0x000000001c014918                _shell_dynamic_subcmds_list_start = .
 *(SORT_BY_NAME(SORT_BY_ALIGNMENT(._shell_dynamic_subcmds.static.*)))
                0x000000001c014918                _shell_dynamic_subcmds_list_end = .

cfb_font_area   0x000000001c014918        0x0
                0x000000001c014918                _cfb_font_list_start = .
 *(SORT_BY_NAME(SORT_BY_ALIGNMENT(._cfb_font.static.*)))
                0x000000001c014918                _cfb_font_list_end = .

tdata           0x000000001c014918        0x0
 *(SORT_BY_ALIGNMENT(.tdata) SORT_BY_ALIGNMENT(.tdata.*) SORT_BY_ALIGNMENT(.gnu.linkonce.td.*))

tbss            0x000000001c014918        0x4
 *(SORT_BY_ALIGNMENT(.tbss) SORT_BY_ALIGNMENT(.tbss.*) SORT_BY_ALIGNMENT(.gnu.linkonce.tb.*) SORT_BY_ALIGNMENT(.tcommon))
 .tbss.z_tls_current
                0x000000001c014918        0x4 zephyr/libzephyr.a(thread_entry.c.obj)
                0x000000001c014918                z_tls_current
                0x000000001c014918                PROVIDE (__tdata_start = ADDR (tdata))
                0x0000000000000001                PROVIDE (__tdata_align = ALIGNOF (tdata))
                0x0000000000000000                PROVIDE (__tdata_size = (((SIZEOF (tdata) + __tdata_align) - 0x1) & ~ ((__tdata_align - 0x1))))
                [!provide]                        PROVIDE (__tdata_end = (__tdata_start + __tdata_size))
                0x0000000000000004                PROVIDE (__tbss_align = ALIGNOF (tbss))
                [!provide]                        PROVIDE (__tbss_start = ADDR (tbss))
                0x0000000000000004                PROVIDE (__tbss_size = (((SIZEOF (tbss) + __tbss_align) - 0x1) & ~ ((__tbss_align - 0x1))))
                [!provide]                        PROVIDE (__tbss_end = (__tbss_start + __tbss_size))
                [!provide]                        PROVIDE (__tls_start = __tdata_start)
                [!provide]                        PROVIDE (__tls_end = __tbss_end)
                [!provide]                        PROVIDE (__tls_size = (__tbss_end - __tdata_start))

rodata          0x000000001c014918      0xe14
                0x000000001c014918                . = ALIGN (0x4)
 *(SORT_BY_ALIGNMENT(.srodata))
 *(SORT_BY_ALIGNMENT(.srodata.*))
 .srodata.flash_nor_parameters
                0x000000001c014918        0x8 zephyr/drivers/flash/libdrivers__flash.a(spi_nor.c.obj)
 .srodata.gpio_puppy_0_config
                0x000000001c014920        0x4 zephyr/drivers/gpio/libdrivers__gpio.a(gpio_puppy.c.obj)
 .srodata.pwm_puppy_config_3
                0x000000001c014924        0x4 zephyr/drivers/pwm/libdrivers__pwm.a(pwm_puppy.c.obj)
 .srodata.pwm_puppy_config_2
                0x000000001c014928        0x4 zephyr/drivers/pwm/libdrivers__pwm.a(pwm_puppy.c.obj)
 .srodata.pwm_puppy_config_1
                0x000000001c01492c        0x4 zephyr/drivers/pwm/libdrivers__pwm.a(pwm_puppy.c.obj)
 .srodata.pwm_puppy_config_0
                0x000000001c014930        0x4 zephyr/drivers/pwm/libdrivers__pwm.a(pwm_puppy.c.obj)
 *(SORT_BY_ALIGNMENT(.rodata))
 .rodata        0x000000001c014934      0x100 /home/ana/zephyr-sdk-0.16.8/riscv64-zephyr-elf/bin/../lib/gcc/riscv64-zephyr-elf/12.2.0/libgcc.a(_clz.o)
                0x000000001c014934                __clz_tab
 *(SORT_BY_ALIGNMENT(.rodata.*))
 .rodata.main.str1.4
                0x000000001c014a34       0x71 app/libapp.a(main.c.obj)
 *fill*         0x000000001c014aa5        0x3 
 .rodata.str1.4
                0x000000001c014aa8       0x11 zephyr/libzephyr.a(cbprintf_packaged.c.obj)
 *fill*         0x000000001c014ab9        0x3 
 .rodata.str1.4
                0x000000001c014abc        0x6 zephyr/libzephyr.a(flash_util.c.obj)
 *fill*         0x000000001c014ac2        0x2 
 .rodata.z_riscv_fatal_error_csf.str1.4
                0x000000001c014ac4      0x269 zephyr/arch/arch/riscv/core/libarch__riscv__core.a(fatal.c.obj)
 *fill*         0x000000001c014d2d        0x3 
 .rodata.str1.4
                0x000000001c014d30      0x165 zephyr/arch/arch/riscv/core/libarch__riscv__core.a(fatal.c.obj)
 *fill*         0x000000001c014e95        0x3 
 .rodata.mcause_str.0
                0x000000001c014e98       0x44 zephyr/arch/arch/riscv/core/libarch__riscv__core.a(fatal.c.obj)
 .rodata.z_irq_spurious.str1.4
                0x000000001c014edc       0x2b zephyr/arch/arch/riscv/core/libarch__riscv__core.a(irq_manage.c.obj)
 *fill*         0x000000001c014f07        0x1 
 .rodata.print_trace_address.str1.4
                0x000000001c014f08       0x23 zephyr/arch/arch/riscv/core/libarch__riscv__core.a(stacktrace.c.obj)
 *fill*         0x000000001c014f2b        0x1 
 .rodata.z_riscv_unwind_stack.str1.4
                0x000000001c014f2c       0x11 zephyr/arch/arch/riscv/core/libarch__riscv__core.a(stacktrace.c.obj)
                                         0x1a (size before relaxing)
 *fill*         0x000000001c014f3d        0x3 
 .rodata.str1.4
                0x000000001c014f40        0x7 zephyr/lib/posix/c_lib_ext/liblib__posix__c_lib_ext.a(getopt.c.obj)
 *fill*         0x000000001c014f47        0x1 
 .rodata.spi_nor_erase.str1.4
                0x000000001c014f48       0x1e zephyr/drivers/flash/libdrivers__flash.a(spi_nor.c.obj)
 *fill*         0x000000001c014f66        0x2 
 .rodata.spi_nor_init.str1.4
                0x000000001c014f68      0x279 zephyr/drivers/flash/libdrivers__flash.a(spi_nor.c.obj)
 *fill*         0x000000001c0151e1        0x3 
 .rodata.str1.4
                0x000000001c0151e4       0x10 zephyr/drivers/flash/libdrivers__flash.a(spi_nor.c.obj)
 .rodata.spi_nor_0_config
                0x000000001c0151f4       0x24 zephyr/drivers/flash/libdrivers__flash.a(spi_nor.c.obj)
 .rodata.str1.4
                0x000000001c015218        0xe zephyr/drivers/gpio/libdrivers__gpio.a(gpio_puppy.c.obj)
 *fill*         0x000000001c015226        0x2 
 .rodata.str1.4
                0x000000001c015228        0x4 zephyr/drivers/i2c/libdrivers__i2c.a(i2c_common.c.obj)
 .rodata.str1.4
                0x000000001c01522c       0x1d zephyr/drivers/i2c/libdrivers__i2c.a(i2c_puppy.c.obj)
 *fill*         0x000000001c015249        0x3 
 .rodata.i2c_puppy_1_config
                0x000000001c01524c       0x14 zephyr/drivers/i2c/libdrivers__i2c.a(i2c_puppy.c.obj)
 .rodata.i2c_puppy_0_config
                0x000000001c015260       0x14 zephyr/drivers/i2c/libdrivers__i2c.a(i2c_puppy.c.obj)
 .rodata.pwm_puppy_get_cycles_per_sec.str1.4
                0x000000001c015274       0x10 zephyr/drivers/pwm/libdrivers__pwm.a(pwm_puppy.c.obj)
 .rodata.pwm_puppy_set_cycles.str1.4
                0x000000001c015284       0x71 zephyr/drivers/pwm/libdrivers__pwm.a(pwm_puppy.c.obj)
 *fill*         0x000000001c0152f5        0x3 
 .rodata.str1.4
                0x000000001c0152f8       0x4a zephyr/drivers/pwm/libdrivers__pwm.a(pwm_puppy.c.obj)
 *fill*         0x000000001c015342        0x2 
 .rodata.str1.4
                0x000000001c015344       0x1e zephyr/drivers/serial/libdrivers__serial.a(uart_puppy.c.obj)
 *fill*         0x000000001c015362        0x2 
 .rodata.spi_puppy_transceive.str1.4
                0x000000001c015364      0x12f zephyr/drivers/spi/libdrivers__spi.a(spi_puppy.c.obj)
 *fill*         0x000000001c015493        0x1 
 .rodata.str1.4
                0x000000001c015494       0x2a zephyr/drivers/spi/libdrivers__spi.a(spi_puppy.c.obj)
 *fill*         0x000000001c0154be        0x2 
 .rodata.k_sys_fatal_error_handler.str1.4
                0x000000001c0154c0       0x14 zephyr/kernel/libkernel.a(fatal.c.obj)
 .rodata.z_fatal_error.str1.4
                0x000000001c0154d4       0x5d zephyr/kernel/libkernel.a(fatal.c.obj)
                                         0x65 (size before relaxing)
 *fill*         0x000000001c015531        0x3 
 .rodata.str1.4
                0x000000001c015534       0x4d zephyr/kernel/libkernel.a(fatal.c.obj)
 *fill*         0x000000001c015581        0x3 
 .rodata.CSWTCH.406
                0x000000001c015584       0x14 zephyr/kernel/libkernel.a(fatal.c.obj)
 .rodata.z_cstart.str1.4
                0x000000001c015598        0x5 zephyr/kernel/libkernel.a(init.c.obj)
 *fill*         0x000000001c01559d        0x3 
 .rodata.levels.0
                0x000000001c0155a0       0x18 zephyr/kernel/libkernel.a(init.c.obj)
 .rodata.str1.4
                0x000000001c0155b8        0x3 zephyr/kernel/libkernel.a(init.c.obj)
 *fill*         0x000000001c0155bb        0x1 
 .rodata.z_setup_new_thread.str1.4
                0x000000001c0155bc       0x52 zephyr/kernel/libkernel.a(thread.c.obj)
 *fill*         0x000000001c01560e        0x2 
 .rodata.k_sched_unlock.str1.4
                0x000000001c015610       0x20 zephyr/kernel/libkernel.a(sched.c.obj)
 .rodata.z_tick_sleep.str1.4
                0x000000001c015630       0x1d zephyr/kernel/libkernel.a(sched.c.obj)
 *fill*         0x000000001c01564d        0x3 
 .rodata.boot_banner.str1.4
                0x000000001c015650       0x3b zephyr/kernel/libkernel.a(banner.c.obj)
 *fill*         0x000000001c01568b        0x1 
 .rodata.__l_vfprintf.str1.4
                0x000000001c01568c       0x10 /home/ana/zephyr-sdk-0.16.8/riscv64-zephyr-elf/bin/../lib/gcc/../../picolibc/riscv64-zephyr-elf/lib/./libc.a(libc_tinystdio_vflprintf.c.o)
 .rodata.__l_vfprintf
                0x000000001c01569c       0x90 /home/ana/zephyr-sdk-0.16.8/riscv64-zephyr-elf/bin/../lib/gcc/../../picolibc/riscv64-zephyr-elf/lib/./libc.a(libc_tinystdio_vflprintf.c.o)
 *(SORT_BY_ALIGNMENT(.gnu.linkonce.r.*))
 *(SORT_BY_ALIGNMENT(.sdata2) SORT_BY_ALIGNMENT(.sdata2.*) SORT_BY_ALIGNMENT(.gnu.linkonce.s2.*))
                0x000000001c01572c                . = ALIGN (0x4)

/DISCARD/
 *(SORT_BY_ALIGNMENT(.eh_frame))
                0x000000001c01572c                __rodata_region_end = .
                0x000000001c01572c                __rom_region_end = .
                0x000000000000572c                __rom_region_size = (__rom_region_end - __rom_region_start)
                0x000000001c010000                . = 0x1c010000
                0x000000001c010000                _image_ram_start = .

datas           0x000000001c01572c      0xa54
                0x000000001c01572c                . = ALIGN (0x4)
                0x000000001c01572c                __kernel_ram_start = .
                0x000000001c01572c                __data_region_start = .
                0x000000001c01572c                __data_start = .
 *(SORT_BY_ALIGNMENT(.data))
 *(SORT_BY_ALIGNMENT(.data.*))
 .data.__stdout
                0x000000001c01572c       0x14 zephyr/lib/libc/picolibc/liblib__libc__picolibc.a(stdio.c.obj)
 .data.uart_puppy_1_data
                0x000000001c015740       0x9c zephyr/drivers/serial/libdrivers__serial.a(uart_puppy.c.obj)
 .data.uart_puppy_0_data
                0x000000001c0157dc       0x9c zephyr/drivers/serial/libdrivers__serial.a(uart_puppy.c.obj)
 .data.spi_puppy_1_data
                0x000000001c015878      0x474 zephyr/drivers/spi/libdrivers__spi.a(spi_puppy.c.obj)
 .data.spi_puppy_0_data
                0x000000001c015cec      0x474 zephyr/drivers/spi/libdrivers__spi.a(spi_puppy.c.obj)
 *(SORT_BY_ALIGNMENT(.sdata) SORT_BY_ALIGNMENT(.sdata.*) SORT_BY_ALIGNMENT(.gnu.linkonce.s.*))
 .sdata._char_out
                0x000000001c016160        0x4 zephyr/libzephyr.a(printk.c.obj)
 .sdata.pwm_puppy_data_3
                0x000000001c016164        0x4 zephyr/drivers/pwm/libdrivers__pwm.a(pwm_puppy.c.obj)
 .sdata.pwm_puppy_data_2
                0x000000001c016168        0x4 zephyr/drivers/pwm/libdrivers__pwm.a(pwm_puppy.c.obj)
 .sdata.pwm_puppy_data_1
                0x000000001c01616c        0x4 zephyr/drivers/pwm/libdrivers__pwm.a(pwm_puppy.c.obj)
 .sdata.pwm_puppy_data_0
                0x000000001c016170        0x4 zephyr/drivers/pwm/libdrivers__pwm.a(pwm_puppy.c.obj)
 .sdata.slice_ticks
                0x000000001c016174        0x4 zephyr/kernel/libkernel.a(timeslicing.c.obj)
 .sdata.timeout_list
                0x000000001c016178        0x8 zephyr/kernel/libkernel.a(timeout.c.obj)
                0x000000001c016180                __data_end = .
                0x0000000000000a54                __data_size = (__data_end - __data_start)
                0x000000001c01572c                __data_load_start = LOADADDR (datas)
                0x000000001c01572c                __data_region_load_start = LOADADDR (datas)

device_states   0x000000001c016180       0x18
                0x000000001c016180                . = ALIGN (0x4)
                0x000000001c016180                __device_states_start = .
 *(SORT_BY_ALIGNMENT(.z_devstate))
 .z_devstate    0x000000001c016180        0x2 zephyr/drivers/flash/libdrivers__flash.a(spi_nor.c.obj)
 .z_devstate    0x000000001c016182        0x2 zephyr/drivers/gpio/libdrivers__gpio.a(gpio_puppy.c.obj)
 .z_devstate    0x000000001c016184        0x4 zephyr/drivers/i2c/libdrivers__i2c.a(i2c_puppy.c.obj)
 .z_devstate    0x000000001c016188        0x8 zephyr/drivers/pwm/libdrivers__pwm.a(pwm_puppy.c.obj)
 .z_devstate    0x000000001c016190        0x4 zephyr/drivers/serial/libdrivers__serial.a(uart_puppy.c.obj)
 .z_devstate    0x000000001c016194        0x4 zephyr/drivers/spi/libdrivers__spi.a(spi_puppy.c.obj)
 *(SORT_BY_ALIGNMENT(.z_devstate.*))
                0x000000001c016198                __device_states_end = .
                0x000000001c016198                . = ALIGN (0x4)

log_mpsc_pbuf_area
                0x000000001c016198        0x0
                0x000000001c016198                _log_mpsc_pbuf_list_start = .
 *(SORT_BY_NAME(SORT_BY_ALIGNMENT(._log_mpsc_pbuf.static.*)))
                0x000000001c016198                _log_mpsc_pbuf_list_end = .

log_msg_ptr_area
                0x000000001c016198        0x0
                0x000000001c016198                _log_msg_ptr_list_start = .
 *(SORT_BY_NAME(SORT_BY_ALIGNMENT(._log_msg_ptr.static.*)))
                0x000000001c016198                _log_msg_ptr_list_end = .

log_dynamic_area
                0x000000001c016198        0x0
                0x000000001c016198                _log_dynamic_list_start = .
 *(SORT_BY_NAME(SORT_BY_ALIGNMENT(._log_dynamic.static.*)))
                0x000000001c016198                _log_dynamic_list_end = .

k_timer_area    0x000000001c016198        0x0
                0x000000001c016198                _k_timer_list_start = .
 *(SORT_BY_NAME(SORT_BY_ALIGNMENT(._k_timer.static.*)))
                0x000000001c016198                _k_timer_list_end = .

k_mem_slab_area
                0x000000001c016198        0x0
                0x000000001c016198                _k_mem_slab_list_start = .
 *(SORT_BY_NAME(SORT_BY_ALIGNMENT(._k_mem_slab.static.*)))
                0x000000001c016198                _k_mem_slab_list_end = .

k_heap_area     0x000000001c016198        0x0
                0x000000001c016198                _k_heap_list_start = .
 *(SORT_BY_NAME(SORT_BY_ALIGNMENT(._k_heap.static.*)))
                0x000000001c016198                _k_heap_list_end = .

k_mutex_area    0x000000001c016198        0x0
                0x000000001c016198                _k_mutex_list_start = .
 *(SORT_BY_NAME(SORT_BY_ALIGNMENT(._k_mutex.static.*)))
                0x000000001c016198                _k_mutex_list_end = .

k_stack_area    0x000000001c016198        0x0
                0x000000001c016198                _k_stack_list_start = .
 *(SORT_BY_NAME(SORT_BY_ALIGNMENT(._k_stack.static.*)))
                0x000000001c016198                _k_stack_list_end = .

k_msgq_area     0x000000001c016198        0x0
                0x000000001c016198                _k_msgq_list_start = .
 *(SORT_BY_NAME(SORT_BY_ALIGNMENT(._k_msgq.static.*)))
                0x000000001c016198                _k_msgq_list_end = .

k_mbox_area     0x000000001c016198        0x0
                0x000000001c016198                _k_mbox_list_start = .
 *(SORT_BY_NAME(SORT_BY_ALIGNMENT(._k_mbox.static.*)))
                0x000000001c016198                _k_mbox_list_end = .

k_pipe_area     0x000000001c016198        0x0
                0x000000001c016198                _k_pipe_list_start = .
 *(SORT_BY_NAME(SORT_BY_ALIGNMENT(._k_pipe.static.*)))
                0x000000001c016198                _k_pipe_list_end = .

k_sem_area      0x000000001c016198        0x0
                0x000000001c016198                _k_sem_list_start = .
 *(SORT_BY_NAME(SORT_BY_ALIGNMENT(._k_sem.static.*)))
                0x000000001c016198                _k_sem_list_end = .

k_event_area    0x000000001c016198        0x0
                0x000000001c016198                _k_event_list_start = .
 *(SORT_BY_NAME(SORT_BY_ALIGNMENT(._k_event.static.*)))
                0x000000001c016198                _k_event_list_end = .

k_queue_area    0x000000001c016198        0x0
                0x000000001c016198                _k_queue_list_start = .
 *(SORT_BY_NAME(SORT_BY_ALIGNMENT(._k_queue.static.*)))
                0x000000001c016198                _k_queue_list_end = .

k_fifo_area     0x000000001c016198        0x0
                0x000000001c016198                _k_fifo_list_start = .
 *(SORT_BY_NAME(SORT_BY_ALIGNMENT(._k_fifo.static.*)))
                0x000000001c016198                _k_fifo_list_end = .

k_lifo_area     0x000000001c016198        0x0
                0x000000001c016198                _k_lifo_list_start = .
 *(SORT_BY_NAME(SORT_BY_ALIGNMENT(._k_lifo.static.*)))
                0x000000001c016198                _k_lifo_list_end = .

k_condvar_area  0x000000001c016198        0x0
                0x000000001c016198                _k_condvar_list_start = .
 *(SORT_BY_NAME(SORT_BY_ALIGNMENT(._k_condvar.static.*)))
                0x000000001c016198                _k_condvar_list_end = .

sys_mem_blocks_ptr_area
                0x000000001c016198        0x0
                0x000000001c016198                _sys_mem_blocks_ptr_list_start = .
 *(SORT_BY_NAME(SORT_BY_ALIGNMENT(._sys_mem_blocks_ptr.static.*)))
                0x000000001c016198                _sys_mem_blocks_ptr_list_end = .

net_buf_pool_area
                0x000000001c016198        0x0
                0x000000001c016198                _net_buf_pool_list_start = .
 *(SORT_BY_NAME(SORT_BY_ALIGNMENT(._net_buf_pool.static.*)))
                0x000000001c016198                _net_buf_pool_list_end = .
                0x000000001c016198                __data_region_end = .

bss             0x000000001c016198      0x354
                0x000000001c016198                . = ALIGN (0x4)
                0x000000001c016198                __bss_start = .
 *(SORT_BY_ALIGNMENT(.sbss))
 *(SORT_BY_ALIGNMENT(.sbss.*))
 .sbss.accumulated_cycle_count
                0x000000001c016198        0x8 zephyr/libzephyr.a(puppy_timer.c.obj)
 .sbss.curr_tick
                0x000000001c0161a0        0x8 zephyr/kernel/libkernel.a(timeout.c.obj)
 .sbss._stdout_hook
                0x000000001c0161a8        0x4 zephyr/lib/libc/picolibc/liblib__libc__picolibc.a(stdio.c.obj)
 .sbss.gpio_puppy_0_data
                0x000000001c0161ac        0x8 zephyr/drivers/gpio/libdrivers__gpio.a(gpio_puppy.c.obj)
 .sbss.i2c_puppy_1_data
                0x000000001c0161b4        0x2 zephyr/drivers/i2c/libdrivers__i2c.a(i2c_puppy.c.obj)
 *fill*         0x000000001c0161b6        0x2 
 .sbss.i2c_puppy_0_data
                0x000000001c0161b8        0x2 zephyr/drivers/i2c/libdrivers__i2c.a(i2c_puppy.c.obj)
 *fill*         0x000000001c0161ba        0x2 
 .sbss.slice_expired
                0x000000001c0161bc        0x1 zephyr/kernel/libkernel.a(timeslicing.c.obj)
 *fill*         0x000000001c0161bd        0x3 
 .sbss.slice_max_prio
                0x000000001c0161c0        0x4 zephyr/kernel/libkernel.a(timeslicing.c.obj)
 .sbss.announce_remaining
                0x000000001c0161c4        0x4 zephyr/kernel/libkernel.a(timeout.c.obj)
 .sbss.z_sys_post_kernel
                0x000000001c0161c8        0x1 zephyr/kernel/libkernel.a(init.c.obj)
                0x000000001c0161c8                z_sys_post_kernel
 *(SORT_BY_ALIGNMENT(.bss))
 *(SORT_BY_ALIGNMENT(.bss.*))
 *fill*         0x000000001c0161c9        0x7 
 .bss.z_idle_threads
                0x000000001c0161d0       0x90 zephyr/kernel/libkernel.a(init.c.obj)
                0x000000001c0161d0                z_idle_threads
 .bss.z_main_thread
                0x000000001c016260       0x90 zephyr/kernel/libkernel.a(init.c.obj)
                0x000000001c016260                z_main_thread
 .bss._thread_dummy
                0x000000001c0162f0       0x90 zephyr/kernel/libkernel.a(sched.c.obj)
                0x000000001c0162f0                _thread_dummy
 .bss.slice_timeouts
                0x000000001c016380       0x18 zephyr/kernel/libkernel.a(timeslicing.c.obj)
 .bss.callbacks
                0x000000001c016398      0x100 zephyr/libzephyr.a(puppy_event.c.obj)
 .bss.z_malloc_heap
                0x000000001c016498        0xc zephyr/lib/libc/common/liblib__libc__common.a(malloc.c.obj)
 .bss.spi_nor_0_data
                0x000000001c0164a4       0x28 zephyr/drivers/flash/libdrivers__flash.a(spi_nor.c.obj)
 .bss._kernel   0x000000001c0164cc       0x20 zephyr/kernel/libkernel.a(init.c.obj)
                0x000000001c0164cc                _kernel
 .bss.lock      0x000000001c0164ec        0x0 zephyr/kernel/libkernel.a(sem.c.obj)
 .bss._sched_spinlock
                0x000000001c0164ec        0x0 zephyr/kernel/libkernel.a(sched.c.obj)
                0x000000001c0164ec                _sched_spinlock
 *(SORT_BY_ALIGNMENT(COMMON))
                0x000000001c0164ec                __bss_end = ALIGN (0x4)

noinit          0x000000001c0164f0      0xe00
 *(SORT_BY_ALIGNMENT(.noinit))
 *(SORT_BY_ALIGNMENT(.noinit.*))
 .noinit."WEST_TOPDIR/zephyr/kernel/init.c".2
                0x000000001c0164f0      0x800 zephyr/kernel/libkernel.a(init.c.obj)
                0x000000001c0164f0                z_interrupt_stacks
 .noinit."WEST_TOPDIR/zephyr/kernel/init.c".1
                0x000000001c016cf0      0x200 zephyr/kernel/libkernel.a(init.c.obj)
 .noinit."WEST_TOPDIR/zephyr/kernel/init.c".0
                0x000000001c016ef0      0x400 zephyr/kernel/libkernel.a(init.c.obj)
                0x000000001c016ef0                z_main_stack
                0x000000001c0172f0                __kernel_ram_end = .
                0x0000000000001bc4                __kernel_ram_size = (__kernel_ram_end - __kernel_ram_start)

/DISCARD/
 *(SORT_BY_ALIGNMENT(.irq_info*))
 *(SORT_BY_ALIGNMENT(.intList*))

.last_ram_section
                0x000000001c0172f0        0x0
                0x000000001c0172f0                _image_ram_end = .
                0x00000000000072f0                _image_ram_size = (_image_ram_end - _image_ram_start)
                0x000000001c0172f0                _end = .