Archive member included to satisfy reference by file (symbol)

app/libapp.a(main.c.obj)      (--whole-archive)
app/libapp.a(io.c.obj)        (--whole-archive)
app/libapp.a(flash_map_extended.c.obj)
                              (--whole-archive)
app/libapp.a(os.c.obj)        (--whole-archive)
app/libapp.a(keys.c.obj)      (--whole-archive)
app/libapp.a(watchdog.c.obj)  (--whole-archive)
app/libapp.a(image_validate.c.obj)
                              (--whole-archive)
app/libapp.a(bootutil_find_key.c.obj)
                              (--whole-archive)
app/libapp.a(bootutil_img_hash.c.obj)
                              (--whole-archive)
app/libapp.a(bootutil_img_security_cnt.c.obj)
                              (--whole-archive)
app/libapp.a(tlv.c.obj)       (--whole-archive)
app/libapp.a(encrypted.c.obj)
                              (--whole-archive)
app/libapp.a(image_rsa.c.obj)
                              (--whole-archive)
app/libapp.a(image_ecdsa.c.obj)
                              (--whole-archive)
app/libapp.a(image_ed25519.c.obj)
                              (--whole-archive)
app/libapp.a(bootutil_misc.c.obj)
                              (--whole-archive)
app/libapp.a(bootutil_area.c.obj)
                              (--whole-archive)
app/libapp.a(bootutil_loader.c.obj)
                              (--whole-archive)
app/libapp.a(fault_injection_hardening.c.obj)
                              (--whole-archive)
app/libapp.a(single_loader.c.obj)
                              (--whole-archive)
app/libapp.a(ram_load.c.obj)  (--whole-archive)
app/libapp.a(sha256.c.obj)    (--whole-archive)
app/libapp.a(utils.c.obj)     (--whole-archive)
zephyr/libzephyr.a(validate_libc.c.obj)
                              (--whole-archive)
zephyr/libzephyr.a(heap.c.obj)
                              (--whole-archive)
zephyr/libzephyr.a(cbprintf_packaged.c.obj)
                              (--whole-archive)
zephyr/libzephyr.a(clock.c.obj)
                              (--whole-archive)
zephyr/libzephyr.a(printk.c.obj)
                              (--whole-archive)
zephyr/libzephyr.a(sem.c.obj)
                              (--whole-archive)
zephyr/libzephyr.a(thread_entry.c.obj)
                              (--whole-archive)
zephyr/libzephyr.a(cbprintf_nano.c.obj)
                              (--whole-archive)
zephyr/libzephyr.a(assert.c.obj)
                              (--whole-archive)
zephyr/libzephyr.a(reboot.c.obj)
                              (--whole-archive)
zephyr/libzephyr.a(base64.c.obj)
                              (--whole-archive)
zephyr/libzephyr.a(dec.c.obj)
                              (--whole-archive)
zephyr/libzephyr.a(hex.c.obj)
                              (--whole-archive)
zephyr/libzephyr.a(rb.c.obj)  (--whole-archive)
zephyr/libzephyr.a(timeutil.c.obj)
                              (--whole-archive)
zephyr/libzephyr.a(bitarray.c.obj)
                              (--whole-archive)
zephyr/libzephyr.a(bitmask.c.obj)
                              (--whole-archive)
zephyr/libzephyr.a(ring_buffer.c.obj)
                              (--whole-archive)
zephyr/libzephyr.a(last_section_id.c.obj)
                              (--whole-archive)
zephyr/libzephyr.a(configs.c.obj)
                              (--whole-archive)
zephyr/libzephyr.a(init.S.obj)
                              (--whole-archive)
zephyr/libzephyr.a(soc_irq.S.obj)
                              (--whole-archive)
zephyr/libzephyr.a(puppy_irq.c.obj)
                              (--whole-archive)
zephyr/libzephyr.a(puppy_timer.c.obj)
                              (--whole-archive)
zephyr/libzephyr.a(puppy_event.c.obj)
                              (--whole-archive)
zephyr/libzephyr.a(log_minimal.c.obj)
                              (--whole-archive)
zephyr/libzephyr.a(flash_map.c.obj)
                              (--whole-archive)
zephyr/libzephyr.a(flash_map_default.c.obj)
                              (--whole-archive)
zephyr/libzephyr.a(flash_map_layout.c.obj)
                              (--whole-archive)
zephyr/libzephyr.a(tracing_none.c.obj)
                              (--whole-archive)
zephyr/libzephyr.a(flash_util.c.obj)
                              (--whole-archive)
zephyr/libzephyr.a(serial_adapter.c.obj)
                              (--whole-archive)
zephyr/libzephyr.a(boot_serial.c.obj)
                              (--whole-archive)
zephyr/libzephyr.a(zcbor_bulk.c.obj)
                              (--whole-archive)
zephyr/libzephyr.a(banner.c.obj)
                              (--whole-archive)
zephyr/arch/common/libarch__common.a(sw_isr_common.c.obj)
                              (--whole-archive)
zephyr/arch/common/libarch__common.a(init.c.obj)
                              (--whole-archive)
zephyr/arch/arch/riscv/core/libarch__riscv__core.a(cpu_idle.c.obj)
                              (--whole-archive)
zephyr/arch/arch/riscv/core/libarch__riscv__core.a(fatal.c.obj)
[...]
Memory Configuration

Name             Origin             Length             Attributes
RAM              0x000000001c000000 0x0000000000010000 xrw
IDT_LIST         0x00000000fffff000 0x0000000000001000 xw
*default*        0x0000000000000000 0xffffffffffffffff

Linker script and memory map

                0x000000001c0009f0                vfprintf = __m_vfprintf
                0x0000000000000000                vfscanf = __m_vfscanf
LOAD zephyr/CMakeFiles/zephyr_pre0.dir/misc/empty_file.c.obj
LOAD zephyr/CMakeFiles/offsets.dir/./arch/riscv/core/offsets/offsets.c.obj
LOAD app/libapp.a
LOAD zephyr/libzephyr.a
LOAD zephyr/arch/common/libarch__common.a
LOAD zephyr/arch/arch/riscv/core/libarch__riscv__core.a
LOAD zephyr/lib/libc/picolibc/liblib__libc__picolibc.a
LOAD zephyr/lib/libc/common/liblib__libc__common.a
LOAD zephyr/lib/posix/c_lib_ext/liblib__posix__c_lib_ext.a
LOAD zephyr/subsys/crc/libsubsys__crc.a
LOAD zephyr/drivers/flash/libdrivers__flash.a
LOAD zephyr/drivers/gpio/libdrivers__gpio.a
LOAD zephyr/drivers/serial/libdrivers__serial.a
LOAD zephyr/drivers/spi/libdrivers__spi.a
LOAD zephyr/drivers/timer/libdrivers__timer.a
LOAD modules/mcuboot/libmcuboot_util.a
LOAD modules/zcbor/libmodules__zcbor.a
LOAD zephyr/kernel/libkernel.a
LOAD zephyr/arch/common/libisr_tables.a
LOAD /home/ana/zephyr-sdk-0.16.8/riscv64-zephyr-elf/bin/../lib/gcc/../../picolibc/riscv64-zephyr-elf/lib/./libc.a
LOAD /home/ana/zephyr-sdk-0.16.8/riscv64-zephyr-elf/bin/../lib/gcc/riscv64-zephyr-elf/12.2.0/libgcc.a

.rel.plt        0x0000000000000000        0x0
 *(SORT_BY_ALIGNMENT(.rel.plt))
                [!provide]                        PROVIDE (__rel_iplt_start = .)
 *(SORT_BY_ALIGNMENT(.rel.iplt))
                [!provide]                        PROVIDE (__rel_iplt_end = .)

.rela.plt       0x0000000000000000        0x0
 *(SORT_BY_ALIGNMENT(.rela.plt))
                [!provide]                        PROVIDE (__rela_iplt_start = .)
 *(SORT_BY_ALIGNMENT(.rela.iplt))
                [!provide]                        PROVIDE (__rela_iplt_end = .)

.rel.dyn
 *(SORT_BY_ALIGNMENT(.rel.*))

.rela.dyn       0x000000001c000000        0x0
 *(SORT_BY_ALIGNMENT(.rela.*))
 .rela.sdata._char_out
                0x000000001c000000        0x0 app/libapp.a(main.c.obj)
 .rela.text.arch_bss_zero
                0x000000001c000000        0x0 app/libapp.a(main.c.obj)
 .rela.text.arch_tls_stack_setup
                0x000000001c000000        0x0 app/libapp.a(main.c.obj)
 .rela.text.walk_stackframe
                0x000000001c000000        0x0 app/libapp.a(main.c.obj)
 .rela.text.bg_thread_main
                0x000000001c000000        0x0 app/libapp.a(main.c.obj)
 .rela.rodata.levels.0
                0x000000001c000000        0x0 app/libapp.a(main.c.obj)

.plt
 *(SORT_BY_ALIGNMENT(.plt))

.iplt
 *(SORT_BY_ALIGNMENT(.iplt))
                0x000000001c000000                __rom_region_start = 0x1c000000

rom_start       0x000000001c000000      0x1d8
                0x000000001c000000                . = ALIGN (0x10)
                0x000000001c000000                __rom_start_address = .
 FILL mask 0x00
                0x000000001c000000                . = (. + (0x0 - (. - __rom_start_address)))
                0x000000001c000000                . = ALIGN (0x4)
 *(SORT_BY_ALIGNMENT(.vectors.*))
 .vectors.__start
                0x000000001c000000      0x1d8 zephyr/libzephyr.a(init.S.obj)
                0x000000001c000000                __start

reset           0x000000001c0001d8        0x4
 *(SORT_BY_ALIGNMENT(.reset.*))
 .reset.__reset
                0x000000001c0001d8        0x4 zephyr/arch/arch/riscv/core/libarch__riscv__core.a(reset.S.obj)
                0x000000001c0001d8                __reset

exceptions      0x000000001c0001dc      0x1d6
 *(SORT_BY_ALIGNMENT(.exception.entry.*))
 .exception.entry._isr_wrapper
                0x000000001c0001dc      0x14e zephyr/arch/arch/riscv/core/libarch__riscv__core.a(isr.S.obj)
                0x000000001c0001dc                _isr_wrapper
                0x000000001c0002e8                z_riscv_thread_start
 *(SORT_BY_ALIGNMENT(.exception.other.*))
 *fill*         0x000000001c00032a        0x2 
 .exception.other.__soc_save_context
                0x000000001c00032c       0x36 zephyr/libzephyr.a(soc_irq.S.obj)
                0x000000001c00032c                __soc_save_context
 *fill*         0x000000001c000362        0x2 
 .exception.other.__soc_restore_context
                0x000000001c000364       0x36 zephyr/libzephyr.a(soc_irq.S.obj)
                0x000000001c000364                __soc_restore_context
 *fill*         0x000000001c00039a        0x2 
 .exception.other.__soc_handle_irq
                0x000000001c00039c       0x16 zephyr/libzephyr.a(soc_irq.S.obj)
                0x000000001c00039c                __soc_handle_irq

text            0x000000001c0003b4     0x5c66
                0x000000001c0003b4                . = ALIGN (0x4)
 *(SORT_BY_ALIGNMENT(.openocd_debug))
 *(SORT_BY_ALIGNMENT(.openocd_debug.*))
                0x000000001c0003b4                __text_region_start = .
 *(SORT_BY_ALIGNMENT(.text))
 .text          0x000000001c0003b4       0x38 /home/ana/zephyr-sdk-0.16.8/riscv64-zephyr-elf/bin/../lib/gcc/riscv64-zephyr-elf/12.2.0/libgcc.a(_ashldi3.o)
                0x000000001c0003b4                __ashldi3
 .text          0x000000001c0003ec      0x430 /home/ana/zephyr-sdk-0.16.8/riscv64-zephyr-elf/bin/../lib/gcc/riscv64-zephyr-elf/12.2.0/libgcc.a(_udivdi3.o)
                0x000000001c0003ec                __udivdi3
 *(SORT_BY_ALIGNMENT(.text.*))
 .text.__initialize
                0x000000001c00081c       0x2a zephyr/arch/arch/riscv/core/libarch__riscv__core.a(reset.S.obj)
                0x000000001c00081c                __initialize
 *fill*         0x000000001c000846        0x2 
 .text.z_riscv_switch
                0x000000001c000848       0x72 zephyr/arch/arch/riscv/core/libarch__riscv__core.a(switch.S.obj)
                0x000000001c000848                z_riscv_switch
 *fill*         0x000000001c0008ba        0x2 
 .text.memcmp   0x000000001c0008bc       0x30 /home/ana/zephyr-sdk-0.16.8/riscv64-zephyr-elf/bin/../lib/gcc/../../picolibc/riscv64-zephyr-elf/lib/./libc.a(libc_string_memcmp.c.o)
                0x000000001c0008bc                memcmp
 .text.snprintf
                0x000000001c0008ec       0xb8 /home/ana/zephyr-sdk-0.16.8/riscv64-zephyr-elf/bin/../lib/gcc/../../picolibc/riscv64-zephyr-elf/lib/./libc.a(libc_tinystdio_snprintf.c.o)
                0x000000001c0008ec                snprintf
 .text.__ultoa_invert
                0x000000001c0009a4       0x4c /home/ana/zephyr-sdk-0.16.8/riscv64-zephyr-elf/bin/../lib/gcc/../../picolibc/riscv64-zephyr-elf/lib/./libc.a(libc_tinystdio_vfmprintf.c.o)
 .text.__m_vfprintf
                0x000000001c0009f0      0x45c /home/ana/zephyr-sdk-0.16.8/riscv64-zephyr-elf/bin/../lib/gcc/../../picolibc/riscv64-zephyr-elf/lib/./libc.a(libc_tinystdio_vfmprintf.c.o)
                0x000000001c0009f0                __m_vfprintf
 .text.strlen   0x000000001c000e4c       0x1c /home/ana/zephyr-sdk-0.16.8/riscv64-zephyr-elf/bin/../lib/gcc/../../picolibc/riscv64-zephyr-elf/lib/./libc.a(strlen.c.o)
                0x000000001c000e4c                strlen
 .text.__file_str_put
                0x000000001c000e68       0x1c /home/ana/zephyr-sdk-0.16.8/riscv64-zephyr-elf/bin/../lib/gcc/../../picolibc/riscv64-zephyr-elf/lib/./libc.a(libc_tinystdio_filestrput.c.o)
                0x000000001c000e68                __file_str_put
 .text._OffsetAbsSyms
                0x000000001c000e84        0x2 zephyr/CMakeFiles/offsets.dir/./arch/riscv/core/offsets/offsets.c.obj
                0x000000001c000e84                _OffsetAbsSyms
 .text.boot_serial_enter
                0x000000001c000e86       0x2c app/libapp.a(main.c.obj)
 .text.main     0x000000001c000eb2      0x16c app/libapp.a(main.c.obj)
                0x000000001c000eb2                main
 .text.gpio_pin_set.isra.0
                0x000000001c00101e       0x1e app/libapp.a(io.c.obj)
 .text.gpio_pin_configure_dt.isra.0
                0x000000001c00103c       0x38 app/libapp.a(io.c.obj)
 .text.io_led_init
                0x000000001c001074       0x48 app/libapp.a(io.c.obj)
                0x000000001c001074                io_led_init
 .text.io_led_set
                0x000000001c0010bc        0xe app/libapp.a(io.c.obj)
                0x000000001c0010bc                io_led_set
 .text.io_detect_pin
                0x000000001c0010ca       0x4e app/libapp.a(io.c.obj)
                0x000000001c0010ca                io_detect_pin
 .text.flash_area_id_from_multi_image_slot
                0x000000001c001118       0x2c app/libapp.a(flash_map_extended.c.obj)
                0x000000001c001118                flash_area_id_from_multi_image_slot
 .text.flash_area_get_device_id
                0x000000001c001144        0x4 app/libapp.a(flash_map_extended.c.obj)
                0x000000001c001144                flash_area_get_device_id
 .text.flash_area_get_sector
                0x000000001c001148       0x44 app/libapp.a(flash_map_extended.c.obj)
                0x000000001c001148                flash_area_get_sector
 .text.os_heap_init
                0x000000001c00118c        0x2 app/libapp.a(os.c.obj)
                0x000000001c00118c                os_heap_init
 .text.mcuboot_watchdog_setup
                0x000000001c00118e        0x2 app/libapp.a(watchdog.c.obj)
                0x000000001c00118e                mcuboot_watchdog_setup
 .text.mcuboot_watchdog_feed
                0x000000001c001190        0x2 app/libapp.a(watchdog.c.obj)
                0x000000001c001190                mcuboot_watchdog_feed
 .text.bootutil_img_validate
                0x000000001c001192      0x110 app/libapp.a(image_validate.c.obj)
                0x000000001c001192                bootutil_img_validate
 .text.bootutil_img_hash
                0x000000001c0012a2       0x94 app/libapp.a(bootutil_img_hash.c.obj)
                0x000000001c0012a2                bootutil_img_hash
 .text.bootutil_tlv_iter_begin
                0x000000001c001336      0x102 app/libapp.a(tlv.c.obj)
                0x000000001c001336                bootutil_tlv_iter_begin
 .text.bootutil_tlv_iter_next
                0x000000001c001438       0xc4 app/libapp.a(tlv.c.obj)
                0x000000001c001438                bootutil_tlv_iter_next
 .text.bootutil_tlv_iter_is_prot
                0x000000001c0014fc       0x1a app/libapp.a(tlv.c.obj)
                0x000000001c0014fc                bootutil_tlv_iter_is_prot
 .text.boot_fih_memequal
                0x000000001c001516        0x4 app/libapp.a(bootutil_misc.c.obj)
                0x000000001c001516                boot_fih_memequal
 .text.boot_status_off
                0x000000001c00151a       0x24 app/libapp.a(bootutil_misc.c.obj)
                0x000000001c00151a                boot_status_off
 .text.bootutil_max_image_size
                0x000000001c00153e        0x4 app/libapp.a(bootutil_misc.c.obj)
                0x000000001c00153e                bootutil_max_image_size
 .text.boot_read_image_size
                0x000000001c001542       0xa8 app/libapp.a(bootutil_misc.c.obj)
                0x000000001c001542                boot_read_image_size
 .text.boot_state_clear
                0x000000001c0015ea        0x2 app/libapp.a(bootutil_misc.c.obj)
                0x000000001c0015ea                boot_state_clear
 .text.boot_trailer_sz
                0x000000001c0015ec        0x6 app/libapp.a(bootutil_area.c.obj)
                0x000000001c0015ec                boot_trailer_sz
 .text.boot_erase_region
                0x000000001c0015f2       0x9c app/libapp.a(bootutil_area.c.obj)
                0x000000001c0015f2                boot_erase_region
 .text.boot_state_init
                0x000000001c00168e        0xa app/libapp.a(bootutil_loader.c.obj)
                0x000000001c00168e                boot_state_init
 .text.boot_get_loader_state
                0x000000001c001698        0xa app/libapp.a(single_loader.c.obj)
                0x000000001c001698                boot_get_loader_state
 .text.boot_open_all_flash_areas
                0x000000001c0016a2       0x1a app/libapp.a(single_loader.c.obj)
                0x000000001c0016a2                boot_open_all_flash_areas
 .text.boot_close_all_flash_areas
                0x000000001c0016bc        0x6 app/libapp.a(single_loader.c.obj)
                0x000000001c0016bc                boot_close_all_flash_areas
 .text.boot_go  0x000000001c0016c2       0x8e app/libapp.a(single_loader.c.obj)
                0x000000001c0016c2                boot_go
 .text.boot_load_image_to_sram
                0x000000001c001750       0xd6 app/libapp.a(ram_load.c.obj)
                0x000000001c001750                boot_load_image_to_sram
 .text.compress
                0x000000001c001826      0x2b8 app/libapp.a(sha256.c.obj)
 .text.tc_sha256_init
                0x000000001c001ade       0x70 app/libapp.a(sha256.c.obj)
                0x000000001c001ade                tc_sha256_init
 .text.tc_sha256_update
                0x000000001c001b4e       0x74 app/libapp.a(sha256.c.obj)
                0x000000001c001b4e                tc_sha256_update
 .text.tc_sha256_final
                0x000000001c001bc2       0xfa app/libapp.a(sha256.c.obj)
                0x000000001c001bc2                tc_sha256_final
 .text._set     0x000000001c001cbc        0x4 app/libapp.a(utils.c.obj)
                0x000000001c001cbc                _set
 .text.arch_printk_char_out
                0x000000001c001cc0        0x4 zephyr/libzephyr.a(printk.c.obj)
                0x000000001c001cc0                arch_printk_char_out
 .text.char_out
                0x000000001c001cc4        0xa zephyr/libzephyr.a(printk.c.obj)
 .text.vprintk  0x000000001c001cce       0x2c zephyr/libzephyr.a(printk.c.obj)
                0x000000001c001cce                vprintk
 .text.printk   0x000000001c001cfa       0x1e zephyr/libzephyr.a(printk.c.obj)
                0x000000001c001cfa                printk
 .text.z_thread_entry
                0x000000001c001d18       0x2a zephyr/libzephyr.a(thread_entry.c.obj)
                0x000000001c001d18                z_thread_entry
 .text.sys_reboot
                0x000000001c001d42       0x1c zephyr/libzephyr.a(reboot.c.obj)
                0x000000001c001d42                sys_reboot
 .text.base64_encode
                0x000000001c001d5e      0x114 zephyr/libzephyr.a(base64.c.obj)
                0x000000001c001d5e                base64_encode
 .text.base64_decode
                0x000000001c001e72      0x17a zephyr/libzephyr.a(base64.c.obj)
                0x000000001c001e72                base64_decode
 .text._ConfigAbsSyms
                0x000000001c001fec        0x2 zephyr/libzephyr.a(configs.c.obj)
                0x000000001c001fec                _ConfigAbsSyms
 .text.arch_irq_enable
                0x000000001c001fee       0x18 zephyr/libzephyr.a(puppy_irq.c.obj)
                0x000000001c001fee                arch_irq_enable
 .text.sys_clock_driver_init
                0x000000001c002006       0x34 zephyr/libzephyr.a(puppy_timer.c.obj)
 .text.puppy_timer_irq_handler
                0x000000001c00203a       0x26 zephyr/libzephyr.a(puppy_timer.c.obj)
 .text.sys_clock_elapsed
                0x000000001c002060        0x4 zephyr/libzephyr.a(puppy_timer.c.obj)
                0x000000001c002060                sys_clock_elapsed
 .text.puppy_event_irq_handler
                0x000000001c002064       0x56 zephyr/libzephyr.a(puppy_event.c.obj)
 .text.sys_event_init
                0x000000001c0020ba       0x54 zephyr/libzephyr.a(puppy_event.c.obj)
                0x000000001c0020ba                sys_event_init
 .text.puppy_event_register_callback
                0x000000001c00210e       0x3c zephyr/libzephyr.a(puppy_event.c.obj)
                0x000000001c00210e                puppy_event_register_callback
 .text.puppy_event_enable
                0x000000001c00214a       0x40 zephyr/libzephyr.a(puppy_event.c.obj)
                0x000000001c00214a                puppy_event_enable
 .text.puppy_event_disable
                0x000000001c00218a       0x3c zephyr/libzephyr.a(puppy_event.c.obj)
                0x000000001c00218a                puppy_event_disable
 .text.z_log_minimal_printk
                0x000000001c0021c6       0x1e zephyr/libzephyr.a(log_minimal.c.obj)
                0x000000001c0021c6                z_log_minimal_printk
 .text.is_in_flash_area_bounds
                0x000000001c0021e4       0x1c zephyr/libzephyr.a(flash_map.c.obj)
 .text.flash_area_open
                0x000000001c002200       0x54 zephyr/libzephyr.a(flash_map.c.obj)
                0x000000001c002200                flash_area_open
 .text.flash_area_close
                0x000000001c002254        0x2 zephyr/libzephyr.a(flash_map.c.obj)
                0x000000001c002254                flash_area_close
 .text.flash_area_read
                0x000000001c002256       0x42 zephyr/libzephyr.a(flash_map.c.obj)
                0x000000001c002256                flash_area_read
 .text.flash_area_write
                0x000000001c002298       0x42 zephyr/libzephyr.a(flash_map.c.obj)
                0x000000001c002298                flash_area_write
 .text.flash_area_erase
                0x000000001c0022da       0x44 zephyr/libzephyr.a(flash_map.c.obj)
                0x000000001c0022da                flash_area_erase
 .text.flash_area_align
                0x000000001c00231e       0x14 zephyr/libzephyr.a(flash_map.c.obj)
                0x000000001c00231e                flash_area_align
 .text.flash_area_erased_val
                0x000000001c002332       0x16 zephyr/libzephyr.a(flash_map.c.obj)
                0x000000001c002332                flash_area_erased_val
 .text.sys_trace_idle
                0x000000001c002348        0x2 zephyr/libzephyr.a(tracing_none.c.obj)
                0x000000001c002348                sys_trace_idle
 .text.sys_trace_idle_exit
                0x000000001c00234a        0x2 zephyr/libzephyr.a(tracing_none.c.obj)
                0x000000001c00234a                sys_trace_idle_exit
 .text.boot_uart_fifo_callback
                0x000000001c00234c       0xe8 zephyr/libzephyr.a(serial_adapter.c.obj)
 .text.console_out
                0x000000001c002434       0x24 zephyr/libzephyr.a(serial_adapter.c.obj)
                0x000000001c002434                console_out
 .text.console_write
                0x000000001c002458       0x38 zephyr/libzephyr.a(serial_adapter.c.obj)
                0x000000001c002458                console_write
 .text.console_read
                0x000000001c002490       0x9e zephyr/libzephyr.a(serial_adapter.c.obj)
                0x000000001c002490                console_read
 .text.boot_console_init
                0x000000001c00252e       0xc6 zephyr/libzephyr.a(serial_adapter.c.obj)
                0x000000001c00252e                boot_console_init
 .text.boot_serial_output
                0x000000001c0025f4      0x1a4 zephyr/libzephyr.a(boot_serial.c.obj)
 .text.bs_rc_rsp
                0x000000001c002798       0x48 zephyr/libzephyr.a(boot_serial.c.obj)
 .text.bs_upload
                0x000000001c0027e0      0x2c8 zephyr/libzephyr.a(boot_serial.c.obj)
 .text.boot_serial_in_dec.constprop.0
                0x000000001c002aa8       0x96 zephyr/libzephyr.a(boot_serial.c.obj)
 .text.reset_cbor_state
                0x000000001c002b3e       0x1c zephyr/libzephyr.a(boot_serial.c.obj)
                0x000000001c002b3e                reset_cbor_state
 .text.boot_serial_input
                0x000000001c002b5a      0x3a2 zephyr/libzephyr.a(boot_serial.c.obj)
                0x000000001c002b5a                boot_serial_input
 .text.boot_serial_read_console
                0x000000001c002efc      0x11c zephyr/libzephyr.a(boot_serial.c.obj)
 .text.boot_serial_start
                0x000000001c003018        0xe zephyr/libzephyr.a(boot_serial.c.obj)
                0x000000001c003018                boot_serial_start
 .text.boot_serial_check_start
                0x000000001c003026        0xa zephyr/libzephyr.a(boot_serial.c.obj)
                0x000000001c003026                boot_serial_check_start
 .text.zcbor_map_decode_bulk
                0x000000001c003030       0xcc zephyr/libzephyr.a(zcbor_bulk.c.obj)
                0x000000001c003030                zcbor_map_decode_bulk
 .text.boot_banner
                0x000000001c0030fc       0x20 zephyr/libzephyr.a(banner.c.obj)
                0x000000001c0030fc                boot_banner
 .text.arch_early_memset
                0x000000001c00311c        0x4 zephyr/arch/common/libarch__common.a(init.c.obj)
                0x000000001c00311c                arch_early_memset
 .text.arch_bss_zero
                0x000000001c003120       0x1c zephyr/arch/common/libarch__common.a(init.c.obj)
                0x000000001c003120                arch_bss_zero
 .text.arch_cpu_idle
                0x000000001c00313c       0x1c zephyr/arch/arch/riscv/core/libarch__riscv__core.a(cpu_idle.c.obj)
                0x000000001c00313c                arch_cpu_idle
 .text.z_riscv_get_sp_before_exc
                0x000000001c003158        0x6 zephyr/arch/arch/riscv/core/libarch__riscv__core.a(fatal.c.obj)
                0x000000001c003158                z_riscv_get_sp_before_exc
 .text.z_riscv_fatal_error_csf
                0x000000001c00315e       0x22 zephyr/arch/arch/riscv/core/libarch__riscv__core.a(fatal.c.obj)
                0x000000001c00315e                z_riscv_fatal_error_csf
 .text.z_riscv_fatal_error
                0x000000001c003180        0x8 zephyr/arch/arch/riscv/core/libarch__riscv__core.a(fatal.c.obj)
                0x000000001c003180                z_riscv_fatal_error
 .text.z_riscv_fault
                0x000000001c003188        0xa zephyr/arch/arch/riscv/core/libarch__riscv__core.a(fatal.c.obj)
                0x000000001c003188                z_riscv_fault
 .text.z_irq_spurious
                0x000000001c003192        0xe zephyr/arch/arch/riscv/core/libarch__riscv__core.a(irq_manage.c.obj)
                0x000000001c003192                z_irq_spurious
 .text.z_prep_c
                0x000000001c0031a0        0xa zephyr/arch/arch/riscv/core/libarch__riscv__core.a(prep_c.c.obj)
                0x000000001c0031a0                z_prep_c
 .text.sys_arch_reboot
                0x000000001c0031aa        0x2 zephyr/arch/arch/riscv/core/libarch__riscv__core.a(reboot.c.obj)
                0x000000001c0031aa                sys_arch_reboot
 .text.arch_new_thread
                0x000000001c0031ac       0x4c zephyr/arch/arch/riscv/core/libarch__riscv__core.a(thread.c.obj)
                0x000000001c0031ac                arch_new_thread
 .text.arch_coprocessors_disable
                0x000000001c0031f8        0x6 zephyr/arch/arch/riscv/core/libarch__riscv__core.a(thread.c.obj)
                0x000000001c0031f8                arch_coprocessors_disable
 .text.arch_tls_stack_setup
                0x000000001c0031fe       0x54 zephyr/arch/arch/riscv/core/libarch__riscv__core.a(tls.c.obj)
                0x000000001c0031fe                arch_tls_stack_setup
 .text.in_stack_bound
                0x000000001c003252       0x20 zephyr/arch/arch/riscv/core/libarch__riscv__core.a(stacktrace.c.obj)
 .text.print_trace_address
                0x000000001c003272        0x4 zephyr/arch/arch/riscv/core/libarch__riscv__core.a(stacktrace.c.obj)
 .text.walk_stackframe
                0x000000001c003276       0xc4 zephyr/arch/arch/riscv/core/libarch__riscv__core.a(stacktrace.c.obj)
 .text.in_fatal_stack_bound
                0x000000001c00333a       0x36 zephyr/arch/arch/riscv/core/libarch__riscv__core.a(stacktrace.c.obj)
 .text.z_riscv_unwind_stack
                0x000000001c003370       0x2e zephyr/arch/arch/riscv/core/libarch__riscv__core.a(stacktrace.c.obj)
                0x000000001c003370                z_riscv_unwind_stack
 .text.__assert_no_args
                0x000000001c00339e        0x6 zephyr/lib/libc/picolibc/liblib__libc__picolibc.a(assert.c.obj)
                0x000000001c00339e                __assert_no_args
 .text.abort    0x000000001c0033a4       0x18 zephyr/lib/libc/common/liblib__libc__common.a(abort.c.obj)
                0x000000001c0033a4                abort
 .text.crc16_itu_t
                0x000000001c0033bc       0x40 zephyr/subsys/crc/libsubsys__crc.a(crc16_sw.c.obj)
                0x000000001c0033bc                crc16_itu_t
 .text.jesd216_bfp_erase
                0x000000001c0033fc       0x2c zephyr/drivers/flash/libdrivers__flash.a(jesd216.c.obj)
                0x000000001c0033fc                jesd216_bfp_erase
 .text.jesd216_bfp_decode_dw16
                0x000000001c003428       0x58 zephyr/drivers/flash/libdrivers__flash.a(jesd216.c.obj)
                0x000000001c003428                jesd216_bfp_decode_dw16
 .text.flash_get_page_info
                0x000000001c003480       0x76 zephyr/drivers/flash/libdrivers__flash.a(flash_page_layout.c.obj)
 .text.z_impl_flash_get_page_info_by_offs
                0x000000001c0034f6        0x6 zephyr/drivers/flash/libdrivers__flash.a(flash_page_layout.c.obj)
                0x000000001c0034f6                z_impl_flash_get_page_info_by_offs
 .text.spi_nor_pages_layout
                0x000000001c0034fc        0xe zephyr/drivers/flash/libdrivers__flash.a(spi_nor.c.obj)
 .text.flash_nor_get_parameters
                0x000000001c00350a        0xa zephyr/drivers/flash/libdrivers__flash.a(spi_nor.c.obj)
 .text.flash_nor_get_size
                0x000000001c003514        0xe zephyr/drivers/flash/libdrivers__flash.a(spi_nor.c.obj)
 .text.release_device.isra.0
                0x000000001c003522        0x4 zephyr/drivers/flash/libdrivers__flash.a(spi_nor.c.obj)
 .text.acquire_device.isra.0
                0x000000001c003526        0x8 zephyr/drivers/flash/libdrivers__flash.a(spi_nor.c.obj)
 .text.spi_nor_access
                0x000000001c00352e       0xea zephyr/drivers/flash/libdrivers__flash.a(spi_nor.c.obj)
 .text.spi_nor_rdsr
                0x000000001c003618       0x1e zephyr/drivers/flash/libdrivers__flash.a(spi_nor.c.obj)
 .text.spi_nor_wait_until_ready
                0x000000001c003636       0x40 zephyr/drivers/flash/libdrivers__flash.a(spi_nor.c.obj)
 .text.spi_nor_erase
                0x000000001c003676      0x108 zephyr/drivers/flash/libdrivers__flash.a(spi_nor.c.obj)
 .text.spi_nor_write
                0x000000001c00377e       0xb6 zephyr/drivers/flash/libdrivers__flash.a(spi_nor.c.obj)
 .text.spi_nor_read
                0x000000001c003834       0x4a zephyr/drivers/flash/libdrivers__flash.a(spi_nor.c.obj)
 .text.spi_nor_init
                0x000000001c00387e      0x3d0 zephyr/drivers/flash/libdrivers__flash.a(spi_nor.c.obj)
 .text.gpio_puppy_configure
                0x000000001c003c4e       0xd0 zephyr/drivers/gpio/libdrivers__gpio.a(gpio_puppy.c.obj)
 .text.gpio_puppy_port_get_raw
                0x000000001c003d1e        0xc zephyr/drivers/gpio/libdrivers__gpio.a(gpio_puppy.c.obj)
 .text.gpio_puppy_port_set_masked_raw
                0x000000001c003d2a       0x1c zephyr/drivers/gpio/libdrivers__gpio.a(gpio_puppy.c.obj)
 .text.gpio_puppy_port_set_bits_raw
                0x000000001c003d46        0xa zephyr/drivers/gpio/libdrivers__gpio.a(gpio_puppy.c.obj)
 .text.gpio_puppy_port_clear_bits_raw
                0x000000001c003d50        0xa zephyr/drivers/gpio/libdrivers__gpio.a(gpio_puppy.c.obj)
 .text.gpio_puppy_port_toggle_bits
                0x000000001c003d5a        0xc zephyr/drivers/gpio/libdrivers__gpio.a(gpio_puppy.c.obj)
 .text.gpio_puppy_pin_interrupt_configure
                0x000000001c003d66       0x9a zephyr/drivers/gpio/libdrivers__gpio.a(gpio_puppy.c.obj)
 .text.gpio_puppy_0_init
                0x000000001c003e00       0x12 zephyr/drivers/gpio/libdrivers__gpio.a(gpio_puppy.c.obj)
 .text.gpio_puppy_isr
                0x000000001c003e12       0x44 zephyr/drivers/gpio/libdrivers__gpio.a(gpio_puppy.c.obj)
 .text.gpio_puppy_manage_callback
                0x000000001c003e56       0x44 zephyr/drivers/gpio/libdrivers__gpio.a(gpio_puppy.c.obj)
 .text.uart_puppy_configure
                0x000000001c003e9a       0x66 zephyr/drivers/serial/libdrivers__serial.a(uart_puppy.c.obj)
 .text.uart_puppy_poll_in
                0x000000001c003f00       0x16 zephyr/drivers/serial/libdrivers__serial.a(uart_puppy.c.obj)
 .text.uart_puppy_fifo_read
                0x000000001c003f16       0x46 zephyr/drivers/serial/libdrivers__serial.a(uart_puppy.c.obj)
 .text.uart_puppy_irq_rx_ready
                0x000000001c003f5c        0x8 zephyr/drivers/serial/libdrivers__serial.a(uart_puppy.c.obj)
 .text.uart_puppy_irq_tx_ready
                0x000000001c003f64       0x10 zephyr/drivers/serial/libdrivers__serial.a(uart_puppy.c.obj)
 .text.uart_puppy_irq_tx_complete
                0x000000001c003f74        0xa zephyr/drivers/serial/libdrivers__serial.a(uart_puppy.c.obj)
 .text.uart_puppy_irq_is_pending
                0x000000001c003f7e       0x1a zephyr/drivers/serial/libdrivers__serial.a(uart_puppy.c.obj)
 .text.uart_puppy_irq_update
                0x000000001c003f98        0x4 zephyr/drivers/serial/libdrivers__serial.a(uart_puppy.c.obj)
 .text.uart_puppy_irq_callback_set
                0x000000001c003f9c        0x8 zephyr/drivers/serial/libdrivers__serial.a(uart_puppy.c.obj)
 .text.uart_puppy_irq_handler
                0x000000001c003fa4       0x3a zephyr/drivers/serial/libdrivers__serial.a(uart_puppy.c.obj)
 .text.uart_puppy_irq_rx_disable
                0x000000001c003fde       0x48 zephyr/drivers/serial/libdrivers__serial.a(uart_puppy.c.obj)
 .text.uart_puppy_irq_tx_disable
                0x000000001c004026       0x40 zephyr/drivers/serial/libdrivers__serial.a(uart_puppy.c.obj)
 .text.uart_puppy_irq_rx_enable
                0x000000001c004066       0x6e zephyr/drivers/serial/libdrivers__serial.a(uart_puppy.c.obj)
 .text.uart_puppy_irq_tx_enable
                0x000000001c0040d4       0x40 zephyr/drivers/serial/libdrivers__serial.a(uart_puppy.c.obj)
 .text.uart_puppy_fifo_fill
                0x000000001c004114       0x48 zephyr/drivers/serial/libdrivers__serial.a(uart_puppy.c.obj)
 .text.uart_puppy_init
                0x000000001c00415c       0x4a zephyr/drivers/serial/libdrivers__serial.a(uart_puppy.c.obj)
 .text.uart_puppy_poll_out
                0x000000001c0041a6       0x32 zephyr/drivers/serial/libdrivers__serial.a(uart_puppy.c.obj)
 .text.spi_context_get_next_buf.constprop.0
                0x000000001c0041d8       0x26 zephyr/drivers/spi/libdrivers__spi.a(spi_puppy.c.obj)
 .text.spi_puppy_transceive
                0x000000001c0041fe      0x2f2 zephyr/drivers/spi/libdrivers__spi.a(spi_puppy.c.obj)
 .text.spi_puppy_init
                0x000000001c0044f0       0x52 zephyr/drivers/spi/libdrivers__spi.a(spi_puppy.c.obj)
 .text.sys_clock_set_timeout
                0x000000001c004542        0x2 zephyr/drivers/timer/libdrivers__timer.a(sys_clock_init.c.obj)
                0x000000001c004542                sys_clock_set_timeout
 .text.boot_image_load_header
                0x000000001c004544       0xd4 modules/mcuboot/libmcuboot_util.a(bootutil_public.c.obj)
                0x000000001c004544                boot_image_load_header
 .text.zcbor_new_backup
                0x000000001c004618       0x52 modules/zcbor/libmodules__zcbor.a(zcbor_common.c.obj)
                0x000000001c004618                zcbor_new_backup
 .text.zcbor_process_backup
                0x000000001c00466a       0xac modules/zcbor/libmodules__zcbor.a(zcbor_common.c.obj)
                0x000000001c00466a                zcbor_process_backup
 .text.zcbor_new_state
                0x000000001c004716       0x64 modules/zcbor/libmodules__zcbor.a(zcbor_common.c.obj)
                0x000000001c004716                zcbor_new_state
 .text.zcbor_header_len
                0x000000001c00477a       0x2a modules/zcbor/libmodules__zcbor.a(zcbor_common.c.obj)
                0x000000001c00477a                zcbor_header_len
 .text.zcbor_header_len_ptr
                0x000000001c0047a4       0x2e modules/zcbor/libmodules__zcbor.a(zcbor_common.c.obj)
                0x000000001c0047a4                zcbor_header_len_ptr
 .text.zcbor_error.isra.0
                0x000000001c0047d2        0x6 modules/zcbor/libmodules__zcbor.a(zcbor_decode.c.obj)
 .text.err_restore
                0x000000001c0047d8        0xe modules/zcbor/libmodules__zcbor.a(zcbor_decode.c.obj)
 .text.initial_checks
                0x000000001c0047e6       0x1e modules/zcbor/libmodules__zcbor.a(zcbor_decode.c.obj)
 .text.type_check
                0x000000001c004804       0x2e modules/zcbor/libmodules__zcbor.a(zcbor_decode.c.obj)
 .text.array_end_expect
                0x000000001c004832       0x30 modules/zcbor/libmodules__zcbor.a(zcbor_decode.c.obj)
 .text.list_map_end_decode
                0x000000001c004862       0x32 modules/zcbor/libmodules__zcbor.a(zcbor_decode.c.obj)
 .text.value_extract
                0x000000001c004894      0x102 modules/zcbor/libmodules__zcbor.a(zcbor_decode.c.obj)
 .text.str_start_decode
                0x000000001c004996       0x32 modules/zcbor/libmodules__zcbor.a(zcbor_decode.c.obj)
 .text.list_map_start_decode
                0x000000001c0049c8       0x4e modules/zcbor/libmodules__zcbor.a(zcbor_decode.c.obj)
 .text.str_start_decode_with_overflow_check
                0x000000001c004a16       0x30 modules/zcbor/libmodules__zcbor.a(zcbor_decode.c.obj)
 .text.str_decode
                0x000000001c004a46       0x22 modules/zcbor/libmodules__zcbor.a(zcbor_decode.c.obj)
 .text.zcbor_uint_decode
                0x000000001c004a68       0x34 modules/zcbor/libmodules__zcbor.a(zcbor_decode.c.obj)
                0x000000001c004a68                zcbor_uint_decode
 .text.zcbor_uint32_decode
                0x000000001c004a9c        0x4 modules/zcbor/libmodules__zcbor.a(zcbor_decode.c.obj)
                0x000000001c004a9c                zcbor_uint32_decode
 .text.zcbor_size_decode
                0x000000001c004aa0        0x2 modules/zcbor/libmodules__zcbor.a(zcbor_decode.c.obj)
                0x000000001c004aa0                zcbor_size_decode
 .text.zcbor_bstr_decode
                0x000000001c004aa2        0x4 modules/zcbor/libmodules__zcbor.a(zcbor_decode.c.obj)
                0x000000001c004aa2                zcbor_bstr_decode
 .text.zcbor_tstr_decode
                0x000000001c004aa6        0x4 modules/zcbor/libmodules__zcbor.a(zcbor_decode.c.obj)
                0x000000001c004aa6                zcbor_tstr_decode
 .text.zcbor_map_start_decode
                0x000000001c004aaa       0x38 modules/zcbor/libmodules__zcbor.a(zcbor_decode.c.obj)
                0x000000001c004aaa                zcbor_map_start_decode
 .text.zcbor_array_at_end
                0x000000001c004ae2       0x22 modules/zcbor/libmodules__zcbor.a(zcbor_decode.c.obj)
                0x000000001c004ae2                zcbor_array_at_end
 .text.zcbor_map_end_decode
                0x000000001c004b04        0x4 modules/zcbor/libmodules__zcbor.a(zcbor_decode.c.obj)
                0x000000001c004b04                zcbor_map_end_decode
 .text.zcbor_tag_decode
                0x000000001c004b08       0x36 modules/zcbor/libmodules__zcbor.a(zcbor_decode.c.obj)
                0x000000001c004b08                zcbor_tag_decode
 .text.zcbor_any_skip
                0x000000001c004b3e      0x110 modules/zcbor/libmodules__zcbor.a(zcbor_decode.c.obj)
                0x000000001c004b3e                zcbor_any_skip
 .text.zcbor_new_decode_state
                0x000000001c004c4e        0x4 modules/zcbor/libmodules__zcbor.a(zcbor_decode.c.obj)
                0x000000001c004c4e                zcbor_new_decode_state
 .text.zcbor_error.isra.0
                0x000000001c004c52        0x6 modules/zcbor/libmodules__zcbor.a(zcbor_encode.c.obj)
 .text.encode_header_byte
                0x000000001c004c58       0x2e modules/zcbor/libmodules__zcbor.a(zcbor_encode.c.obj)
 .text.value_encode_len
                0x000000001c004c86       0x80 modules/zcbor/libmodules__zcbor.a(zcbor_encode.c.obj)
 .text.value_encode
                0x000000001c004d06       0x2a modules/zcbor/libmodules__zcbor.a(zcbor_encode.c.obj)
 .text.str_encode
                0x000000001c004d30       0x7c modules/zcbor/libmodules__zcbor.a(zcbor_encode.c.obj)
 .text.zcbor_int_encode
                0x000000001c004dac       0x56 modules/zcbor/libmodules__zcbor.a(zcbor_encode.c.obj)
                0x000000001c004dac                zcbor_int_encode
 .text.zcbor_uint_encode
                0x000000001c004e02        0x8 modules/zcbor/libmodules__zcbor.a(zcbor_encode.c.obj)
                0x000000001c004e02                zcbor_uint_encode
 .text.zcbor_int32_put
                0x000000001c004e0a       0x12 modules/zcbor/libmodules__zcbor.a(zcbor_encode.c.obj)
                0x000000001c004e0a                zcbor_int32_put
 .text.zcbor_uint32_put
                0x000000001c004e1c       0x12 modules/zcbor/libmodules__zcbor.a(zcbor_encode.c.obj)
                0x000000001c004e1c                zcbor_uint32_put
 .text.zcbor_bstr_encode
                0x000000001c004e2e        0x4 modules/zcbor/libmodules__zcbor.a(zcbor_encode.c.obj)
                0x000000001c004e2e                zcbor_bstr_encode
 .text.zcbor_tstr_encode
                0x000000001c004e32        0x6 modules/zcbor/libmodules__zcbor.a(zcbor_encode.c.obj)
                0x000000001c004e32                zcbor_tstr_encode
 .text.zcbor_bstr_encode_ptr
                0x000000001c004e38       0x12 modules/zcbor/libmodules__zcbor.a(zcbor_encode.c.obj)
                0x000000001c004e38                zcbor_bstr_encode_ptr
 .text.zcbor_tstr_encode_ptr
                0x000000001c004e4a       0x12 modules/zcbor/libmodules__zcbor.a(zcbor_encode.c.obj)
                0x000000001c004e4a                zcbor_tstr_encode_ptr
 .text.zcbor_list_start_encode
                0x000000001c004e5c        0x8 modules/zcbor/libmodules__zcbor.a(zcbor_encode.c.obj)
                0x000000001c004e5c                zcbor_list_start_encode
 .text.zcbor_map_start_encode
                0x000000001c004e64        0x8 modules/zcbor/libmodules__zcbor.a(zcbor_encode.c.obj)
                0x000000001c004e64                zcbor_map_start_encode
 .text.zcbor_list_end_encode
                0x000000001c004e6c        0x8 modules/zcbor/libmodules__zcbor.a(zcbor_encode.c.obj)
                0x000000001c004e6c                zcbor_list_end_encode
 .text.zcbor_map_end_encode
                0x000000001c004e74        0x2 modules/zcbor/libmodules__zcbor.a(zcbor_encode.c.obj)
                0x000000001c004e74                zcbor_map_end_encode
 .text.zcbor_new_encode_state
                0x000000001c004e76        0x8 modules/zcbor/libmodules__zcbor.a(zcbor_encode.c.obj)
                0x000000001c004e76                zcbor_new_encode_state
 .text.do_device_init
                0x000000001c004e7e       0x48 zephyr/kernel/libkernel.a(device.c.obj)
                0x000000001c004e7e                do_device_init
 .text.z_impl_device_is_ready
                0x000000001c004ec6       0x1c zephyr/kernel/libkernel.a(device.c.obj)
                0x000000001c004ec6                z_impl_device_is_ready
 .text.arch_system_halt
                0x000000001c004ee2        0x6 zephyr/kernel/libkernel.a(fatal.c.obj)
                0x000000001c004ee2                arch_system_halt
 .text.k_sys_fatal_error_handler
                0x000000001c004ee8        0x6 zephyr/kernel/libkernel.a(fatal.c.obj)
                0x000000001c004ee8                k_sys_fatal_error_handler
 .text.z_fatal_error
                0x000000001c004eee       0x2c zephyr/kernel/libkernel.a(fatal.c.obj)
                0x000000001c004eee                z_fatal_error
 .text.z_sys_init_run_level
                0x000000001c004f1a       0x48 zephyr/kernel/libkernel.a(init.c.obj)
 .text.bg_thread_main
                0x000000001c004f62       0xc4 zephyr/kernel/libkernel.a(init.c.obj)
 .text.z_init_cpu
                0x000000001c005026       0x86 zephyr/kernel/libkernel.a(init.c.obj)
                0x000000001c005026                z_init_cpu
 .text.z_cstart
                0x000000001c0050ac       0xb6 zephyr/kernel/libkernel.a(init.c.obj)
                0x000000001c0050ac                z_cstart
 .text.idle     0x000000001c005162        0xe zephyr/kernel/libkernel.a(idle.c.obj)
                0x000000001c005162                idle
 .text.z_impl_k_sem_init
                0x000000001c005170       0x18 zephyr/kernel/libkernel.a(sem.c.obj)
                0x000000001c005170                z_impl_k_sem_init
 .text.z_impl_k_sem_give
                0x000000001c005188       0x70 zephyr/kernel/libkernel.a(sem.c.obj)
                0x000000001c005188                z_impl_k_sem_give
 .text.z_impl_k_sem_take
                0x000000001c0051f8       0x36 zephyr/kernel/libkernel.a(sem.c.obj)
                0x000000001c0051f8                z_impl_k_sem_take
 .text.z_setup_new_thread
                0x000000001c00522e       0x98 zephyr/kernel/libkernel.a(thread.c.obj)
                0x000000001c00522e                z_setup_new_thread
 .text.z_dummy_thread_init
                0x000000001c0052c6       0x1e zephyr/kernel/libkernel.a(thread.c.obj)
                0x000000001c0052c6                z_dummy_thread_init
 .text.sys_dlist_remove
                0x000000001c0052e4       0x12 zephyr/kernel/libkernel.a(sched.c.obj)
 .text.unpend_thread_no_timeout
                0x000000001c0052f6       0x20 zephyr/kernel/libkernel.a(sched.c.obj)
 .text.ready_thread
                0x000000001c005316       0xa8 zephyr/kernel/libkernel.a(sched.c.obj)
 .text.unready_thread
                0x000000001c0053be       0x78 zephyr/kernel/libkernel.a(sched.c.obj)
 .text.add_thread_timeout
                0x000000001c005436       0x1e zephyr/kernel/libkernel.a(sched.c.obj)
 .text.z_swap   0x000000001c005454       0x64 zephyr/kernel/libkernel.a(sched.c.obj)
 .text.add_to_waitq_locked
                0x000000001c0054b8       0x60 zephyr/kernel/libkernel.a(sched.c.obj)
 .text.move_thread_to_end_of_prio_q
                0x000000001c005518       0xbc zephyr/kernel/libkernel.a(sched.c.obj)
                0x000000001c005518                move_thread_to_end_of_prio_q
 .text.z_ready_thread
                0x000000001c0055d4       0x1c zephyr/kernel/libkernel.a(sched.c.obj)
                0x000000001c0055d4                z_ready_thread
 .text.z_sched_wake_thread
                0x000000001c0055f0       0x40 zephyr/kernel/libkernel.a(sched.c.obj)
                0x000000001c0055f0                z_sched_wake_thread
 .text.z_thread_timeout
                0x000000001c005630        0x8 zephyr/kernel/libkernel.a(sched.c.obj)
                0x000000001c005630                z_thread_timeout
 .text.z_pend_curr
                0x000000001c005638       0x48 zephyr/kernel/libkernel.a(sched.c.obj)
                0x000000001c005638                z_pend_curr
 .text.z_reschedule
                0x000000001c005680       0x24 zephyr/kernel/libkernel.a(sched.c.obj)
                0x000000001c005680                z_reschedule
 .text.z_reschedule_irqlock
                0x000000001c0056a4       0x52 zephyr/kernel/libkernel.a(sched.c.obj)
                0x000000001c0056a4                z_reschedule_irqlock
 .text.k_sched_lock
                0x000000001c0056f6       0x20 zephyr/kernel/libkernel.a(sched.c.obj)
                0x000000001c0056f6                k_sched_lock
 .text.k_sched_unlock
                0x000000001c005716       0x72 zephyr/kernel/libkernel.a(sched.c.obj)
                0x000000001c005716                k_sched_unlock
 .text.z_swap_next_thread
                0x000000001c005788        0xc zephyr/kernel/libkernel.a(sched.c.obj)
                0x000000001c005788                z_swap_next_thread
 .text.z_get_next_switch_handle
                0x000000001c005794       0x18 zephyr/kernel/libkernel.a(sched.c.obj)
                0x000000001c005794                z_get_next_switch_handle
 .text.z_sched_init
                0x000000001c0057ac       0x16 zephyr/kernel/libkernel.a(sched.c.obj)
                0x000000001c0057ac                z_sched_init
 .text.z_impl_k_yield
                0x000000001c0057c2       0x9c zephyr/kernel/libkernel.a(sched.c.obj)
                0x000000001c0057c2                z_impl_k_yield
 .text.z_tick_sleep
                0x000000001c00585e       0x84 zephyr/kernel/libkernel.a(sched.c.obj)
 .text.z_impl_k_sleep
                0x000000001c0058e2       0x7a zephyr/kernel/libkernel.a(sched.c.obj)
                0x000000001c0058e2                z_impl_k_sleep
 .text.z_impl_k_wakeup
                0x000000001c00595c       0x46 zephyr/kernel/libkernel.a(sched.c.obj)
                0x000000001c00595c                z_impl_k_wakeup
 .text.z_impl_k_sched_current_thread_query
                0x000000001c0059a2        0xc zephyr/kernel/libkernel.a(sched.c.obj)
                0x000000001c0059a2                z_impl_k_sched_current_thread_query
 .text.z_thread_abort
                0x000000001c0059ae      0x146 zephyr/kernel/libkernel.a(sched.c.obj)
                0x000000001c0059ae                z_thread_abort
 .text.z_impl_k_thread_abort
                0x000000001c005af4        0x4 zephyr/kernel/libkernel.a(sched.c.obj)
                0x000000001c005af4                z_impl_k_thread_abort
 .text.slice_timeout
                0x000000001c005af8       0x2c zephyr/kernel/libkernel.a(timeslicing.c.obj)
 .text.thread_is_sliceable
                0x000000001c005b24       0x48 zephyr/kernel/libkernel.a(timeslicing.c.obj)
                0x000000001c005b24                thread_is_sliceable
 .text.z_reset_time_slice
                0x000000001c005b6c       0x6e zephyr/kernel/libkernel.a(timeslicing.c.obj)
                0x000000001c005b6c                z_reset_time_slice
 .text.z_time_slice
                0x000000001c005bda       0x56 zephyr/kernel/libkernel.a(timeslicing.c.obj)
                0x000000001c005bda                z_time_slice
 .text.first    0x000000001c005c30       0x12 zephyr/kernel/libkernel.a(timeout.c.obj)
 .text.next_timeout
                0x000000001c005c42       0x42 zephyr/kernel/libkernel.a(timeout.c.obj)
 .text.elapsed  0x000000001c005c84       0x12 zephyr/kernel/libkernel.a(timeout.c.obj)
 .text.remove_timeout
                0x000000001c005c96       0x3c zephyr/kernel/libkernel.a(timeout.c.obj)
 .text.z_add_timeout
                0x000000001c005cd2      0x164 zephyr/kernel/libkernel.a(timeout.c.obj)
                0x000000001c005cd2                z_add_timeout
 .text.z_abort_timeout
                0x000000001c005e36       0x54 zephyr/kernel/libkernel.a(timeout.c.obj)
                0x000000001c005e36                z_abort_timeout
 .text.sys_clock_announce
                0x000000001c005e8a       0xce zephyr/kernel/libkernel.a(timeout.c.obj)
                0x000000001c005e8a                sys_clock_announce
 .text.sys_clock_tick_get
                0x000000001c005f58       0x38 zephyr/kernel/libkernel.a(timeout.c.obj)
                0x000000001c005f58                sys_clock_tick_get
 .text.sys_clock_tick_get_32
                0x000000001c005f90        0xa zephyr/kernel/libkernel.a(timeout.c.obj)
                0x000000001c005f90                sys_clock_tick_get_32
 .text.z_impl_k_uptime_ticks
                0x000000001c005f9a        0x4 zephyr/kernel/libkernel.a(timeout.c.obj)
                0x000000001c005f9a                z_impl_k_uptime_ticks
 .text.memcpy   0x000000001c005f9e       0x24 /home/ana/zephyr-sdk-0.16.8/riscv64-zephyr-elf/bin/../lib/gcc/../../picolibc/riscv64-zephyr-elf/lib/./libc.a(memcpy-asm.S.o)
                0x000000001c005f9e                memcpy
 .text.memmove  0x000000001c005fc2       0x3c /home/ana/zephyr-sdk-0.16.8/riscv64-zephyr-elf/bin/../lib/gcc/../../picolibc/riscv64-zephyr-elf/lib/./libc.a(memmove.S.o)
                0x000000001c005fc2                memmove
 .text.memset   0x000000001c005ffe       0x1c /home/ana/zephyr-sdk-0.16.8/riscv64-zephyr-elf/bin/../lib/gcc/../../picolibc/riscv64-zephyr-elf/lib/./libc.a(memset.S.o)
                0x000000001c005ffe                memset
 *(SORT_BY_ALIGNMENT(.gnu.linkonce.t.*))
                0x000000001c00601a                __text_region_end = .
                0x000000001c00601a                __rodata_region_start = .

initlevel       0x000000001c00601c       0x40
                0x000000001c00601c                __init_start = .
                0x000000001c00601c                __init_EARLY_start = .
 *(SORT_BY_NAME(SORT_BY_ALIGNMENT(.z_init_EARLY_P_?_*)))
 *(SORT_BY_NAME(SORT_BY_ALIGNMENT(.z_init_EARLY_P_??_*)))
 *(SORT_BY_NAME(SORT_BY_ALIGNMENT(.z_init_EARLY_P_???_*)))
                0x000000001c00601c                __init_PRE_KERNEL_1_start = .
 *(SORT_BY_NAME(SORT_BY_ALIGNMENT(.z_init_PRE_KERNEL_1_P_?_*)))
 *(SORT_BY_NAME(SORT_BY_ALIGNMENT(.z_init_PRE_KERNEL_1_P_??_*)))
 .z_init_PRE_KERNEL_1_P_40_SUB_00006_
                0x000000001c00601c        0x8 zephyr/drivers/gpio/libdrivers__gpio.a(gpio_puppy.c.obj)
 .z_init_PRE_KERNEL_1_P_40_SUB_0_
                0x000000001c006024        0x8 zephyr/libzephyr.a(puppy_event.c.obj)
 .z_init_PRE_KERNEL_1_P_50_SUB_00020_
                0x000000001c00602c        0x8 zephyr/drivers/spi/libdrivers__spi.a(spi_puppy.c.obj)
 .z_init_PRE_KERNEL_1_P_50_SUB_00023_
                0x000000001c006034        0x8 zephyr/drivers/serial/libdrivers__serial.a(uart_puppy.c.obj)
 .z_init_PRE_KERNEL_1_P_50_SUB_00024_
                0x000000001c00603c        0x8 zephyr/drivers/serial/libdrivers__serial.a(uart_puppy.c.obj)
 .z_init_PRE_KERNEL_1_P_50_SUB_00025_
                0x000000001c006044        0x8 zephyr/drivers/spi/libdrivers__spi.a(spi_puppy.c.obj)
 *(SORT_BY_NAME(SORT_BY_ALIGNMENT(.z_init_PRE_KERNEL_1_P_???_*)))
                0x000000001c00604c                __init_PRE_KERNEL_2_start = .
 *(SORT_BY_NAME(SORT_BY_ALIGNMENT(.z_init_PRE_KERNEL_2_P_?_*)))
 .z_init_PRE_KERNEL_2_P_0_SUB_0_
                0x000000001c00604c        0x8 zephyr/libzephyr.a(puppy_timer.c.obj)
 *(SORT_BY_NAME(SORT_BY_ALIGNMENT(.z_init_PRE_KERNEL_2_P_??_*)))
 *(SORT_BY_NAME(SORT_BY_ALIGNMENT(.z_init_PRE_KERNEL_2_P_???_*)))
                0x000000001c006054                __init_POST_KERNEL_start = .
 *(SORT_BY_NAME(SORT_BY_ALIGNMENT(.z_init_POST_KERNEL_P_?_*)))
 *(SORT_BY_NAME(SORT_BY_ALIGNMENT(.z_init_POST_KERNEL_P_??_*)))
 .z_init_POST_KERNEL_P_80_SUB_00026_
                0x000000001c006054        0x8 zephyr/drivers/flash/libdrivers__flash.a(spi_nor.c.obj)
 *(SORT_BY_NAME(SORT_BY_ALIGNMENT(.z_init_POST_KERNEL_P_???_*)))
                0x000000001c00605c                __init_APPLICATION_start = .
 *(SORT_BY_NAME(SORT_BY_ALIGNMENT(.z_init_APPLICATION_P_?_*)))
 *(SORT_BY_NAME(SORT_BY_ALIGNMENT(.z_init_APPLICATION_P_??_*)))
 *(SORT_BY_NAME(SORT_BY_ALIGNMENT(.z_init_APPLICATION_P_???_*)))
                0x000000001c00605c                __init_SMP_start = .
 *(SORT_BY_NAME(SORT_BY_ALIGNMENT(.z_init_SMP_P_?_*)))
 *(SORT_BY_NAME(SORT_BY_ALIGNMENT(.z_init_SMP_P_??_*)))
 *(SORT_BY_NAME(SORT_BY_ALIGNMENT(.z_init_SMP_P_???_*)))
                0x000000001c00605c                __init_end = .

device_area     0x000000001c00605c       0xc0
                0x000000001c00605c                _device_list_start = .
 *(SORT_BY_NAME(SORT_BY_ALIGNMENT(._device.static.*_?_*)))
 *(SORT_BY_NAME(SORT_BY_ALIGNMENT(._device.static.*_??_*)))
 ._device.static.1_40_
                0x000000001c00605c       0x20 zephyr/drivers/gpio/libdrivers__gpio.a(gpio_puppy.c.obj)
                0x000000001c00605c                __device_dts_ord_6
 ._device.static.1_50_
                0x000000001c00607c       0x40 zephyr/drivers/serial/libdrivers__serial.a(uart_puppy.c.obj)
                0x000000001c00607c                __device_dts_ord_24
                0x000000001c00609c                __device_dts_ord_23
 ._device.static.1_50_
                0x000000001c0060bc       0x40 zephyr/drivers/spi/libdrivers__spi.a(spi_puppy.c.obj)
                0x000000001c0060bc                __device_dts_ord_20
                0x000000001c0060dc                __device_dts_ord_25
 ._device.static.3_80_
                0x000000001c0060fc       0x20 zephyr/drivers/flash/libdrivers__flash.a(spi_nor.c.obj)
                0x000000001c0060fc                __device_dts_ord_26
 *(SORT_BY_NAME(SORT_BY_ALIGNMENT(._device.static.*_???_*)))
 *(SORT_BY_NAME(SORT_BY_ALIGNMENT(._device.static.*_????_*)))
 *(SORT_BY_NAME(SORT_BY_ALIGNMENT(._device.static.*_?????_*)))
                0x000000001c00611c                _device_list_end = .

sw_isr_table    0x000000001c00611c      0x100
                0x000000001c00611c                . = ALIGN (0x4)
 *(SORT_BY_ALIGNMENT(.gnu.linkonce.sw_isr_table*))
 .gnu.linkonce.sw_isr_table
                0x000000001c00611c      0x100 zephyr/arch/common/libisr_tables.a(isr_tables.c.obj)
                0x000000001c00611c                _sw_isr_table

initlevel_error
                0x000000001c00601a        0x0
 *(SORT_BY_NAME(SORT_BY_ALIGNMENT(.z_init_*)))
                0x0000000000000001                ASSERT ((SIZEOF (initlevel_error) == 0x0), Undefined initialization levels used.)

app_shmem_regions
                0x000000001c00621c        0x0
                0x000000001c00621c                __app_shmem_regions_start = .
 *(SORT_BY_NAME(SORT_BY_ALIGNMENT(.app_regions.*)))
                0x000000001c00621c                __app_shmem_regions_end = .

k_p4wq_initparam_area
                0x000000001c00621c        0x0
                0x000000001c00621c                _k_p4wq_initparam_list_start = .
 *(SORT_BY_NAME(SORT_BY_ALIGNMENT(._k_p4wq_initparam.static.*)))
                0x000000001c00621c                _k_p4wq_initparam_list_end = .

_static_thread_data_area
                0x000000001c00621c        0x0
                0x000000001c00621c                __static_thread_data_list_start = .
 *(SORT_BY_NAME(SORT_BY_ALIGNMENT(.__static_thread_data.static.*)))
                0x000000001c00621c                __static_thread_data_list_end = .

device_deps     0x000000001c00621c        0x0
                0x000000001c00621c                __device_deps_start = .
 *(SORT_BY_NAME(SORT_BY_ALIGNMENT(.__device_deps_pass2*)))
                0x000000001c00621c                __device_deps_end = .

flash_driver_api_area
                0x000000001c00621c       0x18
                0x000000001c00621c                _flash_driver_api_list_start = .
 *(SORT_BY_NAME(SORT_BY_ALIGNMENT(._flash_driver_api.static.*)))
 ._flash_driver_api.static.spi_nor_api_
                0x000000001c00621c       0x18 zephyr/drivers/flash/libdrivers__flash.a(spi_nor.c.obj)
                0x000000001c006234                _flash_driver_api_list_end = .

gpio_driver_api_area
                0x000000001c006234       0x24
                0x000000001c006234                _gpio_driver_api_list_start = .
 *(SORT_BY_NAME(SORT_BY_ALIGNMENT(._gpio_driver_api.static.*)))
 ._gpio_driver_api.static.gpio_puppy_driver_api_
                0x000000001c006234       0x24 zephyr/drivers/gpio/libdrivers__gpio.a(gpio_puppy.c.obj)
                0x000000001c006258                _gpio_driver_api_list_end = .

spi_driver_api_area
                0x000000001c006258        0x8
                0x000000001c006258                _spi_driver_api_list_start = .
 *(SORT_BY_NAME(SORT_BY_ALIGNMENT(._spi_driver_api.static.*)))
 ._spi_driver_api.static.spi_puppy_driver_api_
                0x000000001c006258        0x8 zephyr/drivers/spi/libdrivers__spi.a(spi_puppy.c.obj)
                0x000000001c006260                _spi_driver_api_list_end = .

shared_irq_driver_api_area
                0x000000001c006260        0x0
                0x000000001c006260                _shared_irq_driver_api_list_start = .
 *(SORT_BY_NAME(SORT_BY_ALIGNMENT(._shared_irq_driver_api.static.*)))
                0x000000001c006260                _shared_irq_driver_api_list_end = .

crypto_driver_api_area
                0x000000001c006260        0x0
                0x000000001c006260                _crypto_driver_api_list_start = .
 *(SORT_BY_NAME(SORT_BY_ALIGNMENT(._crypto_driver_api.static.*)))
                0x000000001c006260                _crypto_driver_api_list_end = .

adc_driver_api_area
                0x000000001c006260        0x0
                0x000000001c006260                _adc_driver_api_list_start = .
 *(SORT_BY_NAME(SORT_BY_ALIGNMENT(._adc_driver_api.static.*)))
                0x000000001c006260                _adc_driver_api_list_end = .

auxdisplay_driver_api_area
                0x000000001c006260        0x0
                0x000000001c006260                _auxdisplay_driver_api_list_start = .
 *(SORT_BY_NAME(SORT_BY_ALIGNMENT(._auxdisplay_driver_api.static.*)))
                0x000000001c006260                _auxdisplay_driver_api_list_end = .

bbram_driver_api_area
                0x000000001c006260        0x0
                0x000000001c006260                _bbram_driver_api_list_start = .
 *(SORT_BY_NAME(SORT_BY_ALIGNMENT(._bbram_driver_api.static.*)))
                0x000000001c006260                _bbram_driver_api_list_end = .

bt_hci_driver_api_area
                0x000000001c006260        0x0
                0x000000001c006260                _bt_hci_driver_api_list_start = .
 *(SORT_BY_NAME(SORT_BY_ALIGNMENT(._bt_hci_driver_api.static.*)))
                0x000000001c006260                _bt_hci_driver_api_list_end = .

can_driver_api_area
                0x000000001c006260        0x0
                0x000000001c006260                _can_driver_api_list_start = .
 *(SORT_BY_NAME(SORT_BY_ALIGNMENT(._can_driver_api.static.*)))
                0x000000001c006260                _can_driver_api_list_end = .

cellular_driver_api_area
                0x000000001c006260        0x0
                0x000000001c006260                _cellular_driver_api_list_start = .
 *(SORT_BY_NAME(SORT_BY_ALIGNMENT(._cellular_driver_api.static.*)))
                0x000000001c006260                _cellular_driver_api_list_end = .

charger_driver_api_area
                0x000000001c006260        0x0
                0x000000001c006260                _charger_driver_api_list_start = .
 *(SORT_BY_NAME(SORT_BY_ALIGNMENT(._charger_driver_api.static.*)))
                0x000000001c006260                _charger_driver_api_list_end = .

clock_control_driver_api_area
                0x000000001c006260        0x0
                0x000000001c006260                _clock_control_driver_api_list_start = .
 *(SORT_BY_NAME(SORT_BY_ALIGNMENT(._clock_control_driver_api.static.*)))
                0x000000001c006260                _clock_control_driver_api_list_end = .

comparator_driver_api_area
                0x000000001c006260        0x0
                0x000000001c006260                _comparator_driver_api_list_start = .
 *(SORT_BY_NAME(SORT_BY_ALIGNMENT(._comparator_driver_api.static.*)))
                0x000000001c006260                _comparator_driver_api_list_end = .

coredump_driver_api_area
                0x000000001c006260        0x0
                0x000000001c006260                _coredump_driver_api_list_start = .
 *(SORT_BY_NAME(SORT_BY_ALIGNMENT(._coredump_driver_api.static.*)))
                0x000000001c006260                _coredump_driver_api_list_end = .

counter_driver_api_area
                0x000000001c006260        0x0
                0x000000001c006260                _counter_driver_api_list_start = .
 *(SORT_BY_NAME(SORT_BY_ALIGNMENT(._counter_driver_api.static.*)))
                0x000000001c006260                _counter_driver_api_list_end = .

crc_driver_api_area
                0x000000001c006260        0x0
                0x000000001c006260                _crc_driver_api_list_start = .
 *(SORT_BY_NAME(SORT_BY_ALIGNMENT(._crc_driver_api.static.*)))
                0x000000001c006260                _crc_driver_api_list_end = .

dac_driver_api_area
                0x000000001c006260        0x0
                0x000000001c006260                _dac_driver_api_list_start = .
 *(SORT_BY_NAME(SORT_BY_ALIGNMENT(._dac_driver_api.static.*)))
                0x000000001c006260                _dac_driver_api_list_end = .

dai_driver_api_area
                0x000000001c006260        0x0
                0x000000001c006260                _dai_driver_api_list_start = .
 *(SORT_BY_NAME(SORT_BY_ALIGNMENT(._dai_driver_api.static.*)))
                0x000000001c006260                _dai_driver_api_list_end = .

display_driver_api_area
                0x000000001c006260        0x0
                0x000000001c006260                _display_driver_api_list_start = .
 *(SORT_BY_NAME(SORT_BY_ALIGNMENT(._display_driver_api.static.*)))
                0x000000001c006260                _display_driver_api_list_end = .

dma_driver_api_area
                0x000000001c006260        0x0
                0x000000001c006260                _dma_driver_api_list_start = .
 *(SORT_BY_NAME(SORT_BY_ALIGNMENT(._dma_driver_api.static.*)))
                0x000000001c006260                _dma_driver_api_list_end = .

edac_driver_api_area
                0x000000001c006260        0x0
                0x000000001c006260                _edac_driver_api_list_start = .
 *(SORT_BY_NAME(SORT_BY_ALIGNMENT(._edac_driver_api.static.*)))
                0x000000001c006260                _edac_driver_api_list_end = .

eeprom_driver_api_area
                0x000000001c006260        0x0
                0x000000001c006260                _eeprom_driver_api_list_start = .
 *(SORT_BY_NAME(SORT_BY_ALIGNMENT(._eeprom_driver_api.static.*)))
                0x000000001c006260                _eeprom_driver_api_list_end = .

emul_bbram_driver_api_area
                0x000000001c006260        0x0
                0x000000001c006260                _emul_bbram_driver_api_list_start = .
 *(SORT_BY_NAME(SORT_BY_ALIGNMENT(._emul_bbram_driver_api.static.*)))
                0x000000001c006260                _emul_bbram_driver_api_list_end = .

fuel_gauge_emul_driver_api_area
                0x000000001c006260        0x0
                0x000000001c006260                _fuel_gauge_emul_driver_api_list_start = .
 *(SORT_BY_NAME(SORT_BY_ALIGNMENT(._fuel_gauge_emul_driver_api.static.*)))
                0x000000001c006260                _fuel_gauge_emul_driver_api_list_end = .

emul_sensor_driver_api_area
                0x000000001c006260        0x0
                0x000000001c006260                _emul_sensor_driver_api_list_start = .
 *(SORT_BY_NAME(SORT_BY_ALIGNMENT(._emul_sensor_driver_api.static.*)))
                0x000000001c006260                _emul_sensor_driver_api_list_end = .

entropy_driver_api_area
                0x000000001c006260        0x0
                0x000000001c006260                _entropy_driver_api_list_start = .
 *(SORT_BY_NAME(SORT_BY_ALIGNMENT(._entropy_driver_api.static.*)))
                0x000000001c006260                _entropy_driver_api_list_end = .

espi_driver_api_area
                0x000000001c006260        0x0
                0x000000001c006260                _espi_driver_api_list_start = .
 *(SORT_BY_NAME(SORT_BY_ALIGNMENT(._espi_driver_api.static.*)))
                0x000000001c006260                _espi_driver_api_list_end = .

espi_saf_driver_api_area
                0x000000001c006260        0x0
                0x000000001c006260                _espi_saf_driver_api_list_start = .
 *(SORT_BY_NAME(SORT_BY_ALIGNMENT(._espi_saf_driver_api.static.*)))
                0x000000001c006260                _espi_saf_driver_api_list_end = .

fpga_driver_api_area
                0x000000001c006260        0x0
                0x000000001c006260                _fpga_driver_api_list_start = .
 *(SORT_BY_NAME(SORT_BY_ALIGNMENT(._fpga_driver_api.static.*)))
                0x000000001c006260                _fpga_driver_api_list_end = .

fuel_gauge_driver_api_area
                0x000000001c006260        0x0
                0x000000001c006260                _fuel_gauge_driver_api_list_start = .
 *(SORT_BY_NAME(SORT_BY_ALIGNMENT(._fuel_gauge_driver_api.static.*)))
                0x000000001c006260                _fuel_gauge_driver_api_list_end = .

gnss_driver_api_area
                0x000000001c006260        0x0
                0x000000001c006260                _gnss_driver_api_list_start = .
 *(SORT_BY_NAME(SORT_BY_ALIGNMENT(._gnss_driver_api.static.*)))
                0x000000001c006260                _gnss_driver_api_list_end = .

haptics_driver_api_area
                0x000000001c006260        0x0
                0x000000001c006260                _haptics_driver_api_list_start = .
 *(SORT_BY_NAME(SORT_BY_ALIGNMENT(._haptics_driver_api.static.*)))
                0x000000001c006260                _haptics_driver_api_list_end = .

hwspinlock_driver_api_area
                0x000000001c006260        0x0
                0x000000001c006260                _hwspinlock_driver_api_list_start = .
 *(SORT_BY_NAME(SORT_BY_ALIGNMENT(._hwspinlock_driver_api.static.*)))
                0x000000001c006260                _hwspinlock_driver_api_list_end = .

i2c_driver_api_area
                0x000000001c006260        0x0
                0x000000001c006260                _i2c_driver_api_list_start = .
 *(SORT_BY_NAME(SORT_BY_ALIGNMENT(._i2c_driver_api.static.*)))
                0x000000001c006260                _i2c_driver_api_list_end = .

i2c_target_driver_api_area
                0x000000001c006260        0x0
                0x000000001c006260                _i2c_target_driver_api_list_start = .
 *(SORT_BY_NAME(SORT_BY_ALIGNMENT(._i2c_target_driver_api.static.*)))
                0x000000001c006260                _i2c_target_driver_api_list_end = .

i2s_driver_api_area
                0x000000001c006260        0x0
                0x000000001c006260                _i2s_driver_api_list_start = .
 *(SORT_BY_NAME(SORT_BY_ALIGNMENT(._i2s_driver_api.static.*)))
                0x000000001c006260                _i2s_driver_api_list_end = .

i3c_driver_api_area
                0x000000001c006260        0x0
                0x000000001c006260                _i3c_driver_api_list_start = .
 *(SORT_BY_NAME(SORT_BY_ALIGNMENT(._i3c_driver_api.static.*)))
                0x000000001c006260                _i3c_driver_api_list_end = .

ipm_driver_api_area
                0x000000001c006260        0x0
                0x000000001c006260                _ipm_driver_api_list_start = .
 *(SORT_BY_NAME(SORT_BY_ALIGNMENT(._ipm_driver_api.static.*)))
                0x000000001c006260                _ipm_driver_api_list_end = .

led_driver_api_area
                0x000000001c006260        0x0
                0x000000001c006260                _led_driver_api_list_start = .
 *(SORT_BY_NAME(SORT_BY_ALIGNMENT(._led_driver_api.static.*)))
                0x000000001c006260                _led_driver_api_list_end = .

led_strip_driver_api_area
                0x000000001c006260        0x0
                0x000000001c006260                _led_strip_driver_api_list_start = .
 *(SORT_BY_NAME(SORT_BY_ALIGNMENT(._led_strip_driver_api.static.*)))
                0x000000001c006260                _led_strip_driver_api_list_end = .

lora_driver_api_area
                0x000000001c006260        0x0
                0x000000001c006260                _lora_driver_api_list_start = .
 *(SORT_BY_NAME(SORT_BY_ALIGNMENT(._lora_driver_api.static.*)))
                0x000000001c006260                _lora_driver_api_list_end = .

mbox_driver_api_area
                0x000000001c006260        0x0
                0x000000001c006260                _mbox_driver_api_list_start = .
 *(SORT_BY_NAME(SORT_BY_ALIGNMENT(._mbox_driver_api.static.*)))
                0x000000001c006260                _mbox_driver_api_list_end = .

mdio_driver_api_area
                0x000000001c006260        0x0
                0x000000001c006260                _mdio_driver_api_list_start = .
 *(SORT_BY_NAME(SORT_BY_ALIGNMENT(._mdio_driver_api.static.*)))
                0x000000001c006260                _mdio_driver_api_list_end = .

mipi_dbi_driver_api_area
                0x000000001c006260        0x0
                0x000000001c006260                _mipi_dbi_driver_api_list_start = .
 *(SORT_BY_NAME(SORT_BY_ALIGNMENT(._mipi_dbi_driver_api.static.*)))
                0x000000001c006260                _mipi_dbi_driver_api_list_end = .

mipi_dsi_driver_api_area
                0x000000001c006260        0x0
                0x000000001c006260                _mipi_dsi_driver_api_list_start = .
 *(SORT_BY_NAME(SORT_BY_ALIGNMENT(._mipi_dsi_driver_api.static.*)))
                0x000000001c006260                _mipi_dsi_driver_api_list_end = .

mspi_driver_api_area
                0x000000001c006260        0x0
                0x000000001c006260                _mspi_driver_api_list_start = .
 *(SORT_BY_NAME(SORT_BY_ALIGNMENT(._mspi_driver_api.static.*)))
                0x000000001c006260                _mspi_driver_api_list_end = .

opamp_driver_api_area
                0x000000001c006260        0x0
                0x000000001c006260                _opamp_driver_api_list_start = .
 *(SORT_BY_NAME(SORT_BY_ALIGNMENT(._opamp_driver_api.static.*)))
                0x000000001c006260                _opamp_driver_api_list_end = .

peci_driver_api_area
                0x000000001c006260        0x0
                0x000000001c006260                _peci_driver_api_list_start = .
 *(SORT_BY_NAME(SORT_BY_ALIGNMENT(._peci_driver_api.static.*)))
                0x000000001c006260                _peci_driver_api_list_end = .

ps2_driver_api_area
                0x000000001c006260        0x0
                0x000000001c006260                _ps2_driver_api_list_start = .
 *(SORT_BY_NAME(SORT_BY_ALIGNMENT(._ps2_driver_api.static.*)))
                0x000000001c006260                _ps2_driver_api_list_end = .

ptp_clock_driver_api_area
                0x000000001c006260        0x0
                0x000000001c006260                _ptp_clock_driver_api_list_start = .
 *(SORT_BY_NAME(SORT_BY_ALIGNMENT(._ptp_clock_driver_api.static.*)))
                0x000000001c006260                _ptp_clock_driver_api_list_end = .

pwm_driver_api_area
                0x000000001c006260        0x0
                0x000000001c006260                _pwm_driver_api_list_start = .
 *(SORT_BY_NAME(SORT_BY_ALIGNMENT(._pwm_driver_api.static.*)))
                0x000000001c006260                _pwm_driver_api_list_end = .

regulator_parent_driver_api_area
                0x000000001c006260        0x0
                0x000000001c006260                _regulator_parent_driver_api_list_start = .
 *(SORT_BY_NAME(SORT_BY_ALIGNMENT(._regulator_parent_driver_api.static.*)))
                0x000000001c006260                _regulator_parent_driver_api_list_end = .

regulator_driver_api_area
                0x000000001c006260        0x0
                0x000000001c006260                _regulator_driver_api_list_start = .
 *(SORT_BY_NAME(SORT_BY_ALIGNMENT(._regulator_driver_api.static.*)))
                0x000000001c006260                _regulator_driver_api_list_end = .

reset_driver_api_area
                0x000000001c006260        0x0
                0x000000001c006260                _reset_driver_api_list_start = .
 *(SORT_BY_NAME(SORT_BY_ALIGNMENT(._reset_driver_api.static.*)))
                0x000000001c006260                _reset_driver_api_list_end = .

retained_mem_driver_api_area
                0x000000001c006260        0x0
                0x000000001c006260                _retained_mem_driver_api_list_start = .
 *(SORT_BY_NAME(SORT_BY_ALIGNMENT(._retained_mem_driver_api.static.*)))
                0x000000001c006260                _retained_mem_driver_api_list_end = .

rtc_driver_api_area
                0x000000001c006260        0x0
                0x000000001c006260                _rtc_driver_api_list_start = .
 *(SORT_BY_NAME(SORT_BY_ALIGNMENT(._rtc_driver_api.static.*)))
                0x000000001c006260                _rtc_driver_api_list_end = .

sdhc_driver_api_area
                0x000000001c006260        0x0
                0x000000001c006260                _sdhc_driver_api_list_start = .
 *(SORT_BY_NAME(SORT_BY_ALIGNMENT(._sdhc_driver_api.static.*)))
                0x000000001c006260                _sdhc_driver_api_list_end = .

sensor_driver_api_area
                0x000000001c006260        0x0
                0x000000001c006260                _sensor_driver_api_list_start = .
 *(SORT_BY_NAME(SORT_BY_ALIGNMENT(._sensor_driver_api.static.*)))
                0x000000001c006260                _sensor_driver_api_list_end = .

smbus_driver_api_area
                0x000000001c006260        0x0
                0x000000001c006260                _smbus_driver_api_list_start = .
 *(SORT_BY_NAME(SORT_BY_ALIGNMENT(._smbus_driver_api.static.*)))
                0x000000001c006260                _smbus_driver_api_list_end = .

stepper_driver_api_area
                0x000000001c006260        0x0
                0x000000001c006260                _stepper_driver_api_list_start = .
 *(SORT_BY_NAME(SORT_BY_ALIGNMENT(._stepper_driver_api.static.*)))
                0x000000001c006260                _stepper_driver_api_list_end = .

syscon_driver_api_area
                0x000000001c006260        0x0
                0x000000001c006260                _syscon_driver_api_list_start = .
 *(SORT_BY_NAME(SORT_BY_ALIGNMENT(._syscon_driver_api.static.*)))
                0x000000001c006260                _syscon_driver_api_list_end = .

tee_driver_api_area
                0x000000001c006260        0x0
                0x000000001c006260                _tee_driver_api_list_start = .
 *(SORT_BY_NAME(SORT_BY_ALIGNMENT(._tee_driver_api.static.*)))
                0x000000001c006260                _tee_driver_api_list_end = .

video_driver_api_area
                0x000000001c006260        0x0
                0x000000001c006260                _video_driver_api_list_start = .
 *(SORT_BY_NAME(SORT_BY_ALIGNMENT(._video_driver_api.static.*)))
                0x000000001c006260                _video_driver_api_list_end = .

virtio_driver_api_area
                0x000000001c006260        0x0
                0x000000001c006260                _virtio_driver_api_list_start = .
 *(SORT_BY_NAME(SORT_BY_ALIGNMENT(._virtio_driver_api.static.*)))
                0x000000001c006260                _virtio_driver_api_list_end = .

w1_driver_api_area
                0x000000001c006260        0x0
                0x000000001c006260                _w1_driver_api_list_start = .
 *(SORT_BY_NAME(SORT_BY_ALIGNMENT(._w1_driver_api.static.*)))
                0x000000001c006260                _w1_driver_api_list_end = .

wdt_driver_api_area
                0x000000001c006260        0x0
                0x000000001c006260                _wdt_driver_api_list_start = .
 *(SORT_BY_NAME(SORT_BY_ALIGNMENT(._wdt_driver_api.static.*)))
                0x000000001c006260                _wdt_driver_api_list_end = .

can_transceiver_driver_api_area
                0x000000001c006260        0x0
                0x000000001c006260                _can_transceiver_driver_api_list_start = .
 *(SORT_BY_NAME(SORT_BY_ALIGNMENT(._can_transceiver_driver_api.static.*)))
                0x000000001c006260                _can_transceiver_driver_api_list_end = .

nrf_clock_control_driver_api_area
                0x000000001c006260        0x0
                0x000000001c006260                _nrf_clock_control_driver_api_list_start = .
 *(SORT_BY_NAME(SORT_BY_ALIGNMENT(._nrf_clock_control_driver_api.static.*)))
                0x000000001c006260                _nrf_clock_control_driver_api_list_end = .

i3c_target_driver_api_area
                0x000000001c006260        0x0
                0x000000001c006260                _i3c_target_driver_api_list_start = .
 *(SORT_BY_NAME(SORT_BY_ALIGNMENT(._i3c_target_driver_api.static.*)))
                0x000000001c006260                _i3c_target_driver_api_list_end = .

its_driver_api_area
                0x000000001c006260        0x0
                0x000000001c006260                _its_driver_api_list_start = .
 *(SORT_BY_NAME(SORT_BY_ALIGNMENT(._its_driver_api.static.*)))
                0x000000001c006260                _its_driver_api_list_end = .

vtd_driver_api_area
                0x000000001c006260        0x0
                0x000000001c006260                _vtd_driver_api_list_start = .
 *(SORT_BY_NAME(SORT_BY_ALIGNMENT(._vtd_driver_api.static.*)))
                0x000000001c006260                _vtd_driver_api_list_end = .

renesas_elc_driver_api_area
                0x000000001c006260        0x0
                0x000000001c006260                _renesas_elc_driver_api_list_start = .
 *(SORT_BY_NAME(SORT_BY_ALIGNMENT(._renesas_elc_driver_api.static.*)))
                0x000000001c006260                _renesas_elc_driver_api_list_end = .

tgpio_driver_api_area
                0x000000001c006260        0x0
                0x000000001c006260                _tgpio_driver_api_list_start = .
 *(SORT_BY_NAME(SORT_BY_ALIGNMENT(._tgpio_driver_api.static.*)))
                0x000000001c006260                _tgpio_driver_api_list_end = .

pcie_ctrl_driver_api_area
                0x000000001c006260        0x0
                0x000000001c006260                _pcie_ctrl_driver_api_list_start = .
 *(SORT_BY_NAME(SORT_BY_ALIGNMENT(._pcie_ctrl_driver_api.static.*)))
                0x000000001c006260                _pcie_ctrl_driver_api_list_end = .

pcie_ep_driver_api_area
                0x000000001c006260        0x0
                0x000000001c006260                _pcie_ep_driver_api_list_start = .
 *(SORT_BY_NAME(SORT_BY_ALIGNMENT(._pcie_ep_driver_api.static.*)))
                0x000000001c006260                _pcie_ep_driver_api_list_end = .

psi5_driver_api_area
                0x000000001c006260        0x0
                0x000000001c006260                _psi5_driver_api_list_start = .
 *(SORT_BY_NAME(SORT_BY_ALIGNMENT(._psi5_driver_api.static.*)))
                0x000000001c006260                _psi5_driver_api_list_end = .

sent_driver_api_area
                0x000000001c006260        0x0
                0x000000001c006260                _sent_driver_api_list_start = .
 *(SORT_BY_NAME(SORT_BY_ALIGNMENT(._sent_driver_api.static.*)))
                0x000000001c006260                _sent_driver_api_list_end = .

svc_driver_api_area
                0x000000001c006260        0x0
                0x000000001c006260                _svc_driver_api_list_start = .
 *(SORT_BY_NAME(SORT_BY_ALIGNMENT(._svc_driver_api.static.*)))
                0x000000001c006260                _svc_driver_api_list_end = .

uart_driver_api_area
                0x000000001c006260       0x64
                0x000000001c006260                _uart_driver_api_list_start = .
 *(SORT_BY_NAME(SORT_BY_ALIGNMENT(._uart_driver_api.static.*)))
 ._uart_driver_api.static.uart_puppy_driver_api_
                0x000000001c006260       0x64 zephyr/drivers/serial/libdrivers__serial.a(uart_puppy.c.obj)
                0x000000001c0062c4                _uart_driver_api_list_end = .

bc12_emul_driver_api_area
                0x000000001c0062c4        0x0
                0x000000001c0062c4                _bc12_emul_driver_api_list_start = .
 *(SORT_BY_NAME(SORT_BY_ALIGNMENT(._bc12_emul_driver_api.static.*)))
                0x000000001c0062c4                _bc12_emul_driver_api_list_end = .

bc12_driver_api_area
                0x000000001c0062c4        0x0
                0x000000001c0062c4                _bc12_driver_api_list_start = .
 *(SORT_BY_NAME(SORT_BY_ALIGNMENT(._bc12_driver_api.static.*)))
                0x000000001c0062c4                _bc12_driver_api_list_end = .

usbc_ppc_driver_api_area
                0x000000001c0062c4        0x0
                0x000000001c0062c4                _usbc_ppc_driver_api_list_start = .
 *(SORT_BY_NAME(SORT_BY_ALIGNMENT(._usbc_ppc_driver_api.static.*)))
                0x000000001c0062c4                _usbc_ppc_driver_api_list_end = .

tcpc_driver_api_area
                0x000000001c0062c4        0x0
                0x000000001c0062c4                _tcpc_driver_api_list_start = .
 *(SORT_BY_NAME(SORT_BY_ALIGNMENT(._tcpc_driver_api.static.*)))
                0x000000001c0062c4                _tcpc_driver_api_list_end = .

usbc_vbus_driver_api_area
                0x000000001c0062c4        0x0
                0x000000001c0062c4                _usbc_vbus_driver_api_list_start = .
 *(SORT_BY_NAME(SORT_BY_ALIGNMENT(._usbc_vbus_driver_api.static.*)))
                0x000000001c0062c4                _usbc_vbus_driver_api_list_end = .

ivshmem_driver_api_area
                0x000000001c0062c4        0x0
                0x000000001c0062c4                _ivshmem_driver_api_list_start = .
 *(SORT_BY_NAME(SORT_BY_ALIGNMENT(._ivshmem_driver_api.static.*)))
                0x000000001c0062c4                _ivshmem_driver_api_list_end = .

ethphy_driver_api_area
                0x000000001c0062c4        0x0
                0x000000001c0062c4                _ethphy_driver_api_list_start = .
 *(SORT_BY_NAME(SORT_BY_ALIGNMENT(._ethphy_driver_api.static.*)))
                0x000000001c0062c4                _ethphy_driver_api_list_end = .

ztest           0x000000001c0062c4        0x0
                0x000000001c0062c4                _ztest_expected_result_entry_list_start = .
 *(SORT_BY_NAME(SORT_BY_ALIGNMENT(._ztest_expected_result_entry.static.*)))
                0x000000001c0062c4                _ztest_expected_result_entry_list_end = .
                0x000000001c0062c4                _ztest_suite_node_list_start = .
 *(SORT_BY_NAME(SORT_BY_ALIGNMENT(._ztest_suite_node.static.*)))
                0x000000001c0062c4                _ztest_suite_node_list_end = .
                0x000000001c0062c4                _ztest_unit_test_list_start = .
 *(SORT_BY_NAME(SORT_BY_ALIGNMENT(._ztest_unit_test.static.*)))
                0x000000001c0062c4                _ztest_unit_test_list_end = .
                0x000000001c0062c4                _ztest_test_rule_list_start = .
 *(SORT_BY_NAME(SORT_BY_ALIGNMENT(._ztest_test_rule.static.*)))
                0x000000001c0062c4                _ztest_test_rule_list_end = .

init_array      0x000000001c0062c4        0x0
                0x000000001c0062c4                __zephyr_init_array_start = .
 *(SORT_BY_INIT_PRIORITY(.init_array.*) SORT_BY_INIT_PRIORITY(.ctors.*))
 *(SORT_BY_ALIGNMENT(.init_array) SORT_BY_ALIGNMENT(.ctors))
                0x000000001c0062c4                __zephyr_init_array_end = .
                0x0000000000000001                ASSERT ((__zephyr_init_array_start == __zephyr_init_array_end), GNU-style constructors required but STATIC_INIT_GNU not enabled)

bt_l2cap_fixed_chan_area
                0x000000001c0062c4        0x0
                0x000000001c0062c4                _bt_l2cap_fixed_chan_list_start = .
 *(SORT_BY_NAME(SORT_BY_ALIGNMENT(._bt_l2cap_fixed_chan.static.*)))
                0x000000001c0062c4                _bt_l2cap_fixed_chan_list_end = .

bt_gatt_service_static_area
                0x000000001c0062c4        0x0
                0x000000001c0062c4                _bt_gatt_service_static_list_start = .
 *(SORT_BY_NAME(SORT_BY_ALIGNMENT(._bt_gatt_service_static.static.*)))
                0x000000001c0062c4                _bt_gatt_service_static_list_end = .

log_strings_area
                0x000000001c0062c4        0x0
                0x000000001c0062c4                _log_strings_list_start = .
 *(SORT_BY_NAME(SORT_BY_ALIGNMENT(._log_strings.static.*)))
                0x000000001c0062c4                _log_strings_list_end = .

log_stmesp_ptr_area
                0x000000001c0062c4        0x0
                0x000000001c0062c4                _log_stmesp_ptr_list_start = .
 *(SORT_BY_NAME(SORT_BY_ALIGNMENT(._log_stmesp_ptr.static.*)))
                0x000000001c0062c4                _log_stmesp_ptr_list_end = .

log_stmesp_str_area
                0x000000001c0062c4        0x0
                0x000000001c0062c4                _log_stmesp_str_list_start = .
 *(SORT_BY_NAME(SORT_BY_ALIGNMENT(._log_stmesp_str.static.*)))
                0x000000001c0062c4                _log_stmesp_str_list_end = .

log_const_area  0x000000001c0062c4       0x10
                0x000000001c0062c4                _log_const_list_start = .
 *(SORT_BY_NAME(SORT_BY_ALIGNMENT(._log_const.static.*)))
 ._log_const.static.log_const_mcuboot_
                0x000000001c0062c4        0x8 app/libapp.a(main.c.obj)
                0x000000001c0062c4                log_const_mcuboot
 ._log_const.static.log_const_serial_adapter_
                0x000000001c0062cc        0x8 zephyr/libzephyr.a(serial_adapter.c.obj)
                0x000000001c0062cc                log_const_serial_adapter
                0x000000001c0062d4                _log_const_list_end = .

log_backend_area
                0x000000001c0062d4        0x0
                0x000000001c0062d4                _log_backend_list_start = .
 *(SORT_BY_NAME(SORT_BY_ALIGNMENT(._log_backend.static.*)))
                0x000000001c0062d4                _log_backend_list_end = .

log_link_area   0x000000001c0062d4        0x0
                0x000000001c0062d4                _log_link_list_start = .
 *(SORT_BY_NAME(SORT_BY_ALIGNMENT(._log_link.static.*)))
                0x000000001c0062d4                _log_link_list_end = .

tracing_backend_area
                0x000000001c0062d4        0x0
                0x000000001c0062d4                _tracing_backend_list_start = .
 *(SORT_BY_NAME(SORT_BY_ALIGNMENT(._tracing_backend.static.*)))
                0x000000001c0062d4                _tracing_backend_list_end = .

zephyr_dbg_info
 *(SORT_BY_ALIGNMENT(.dbg_thread_info))

intc_table_area
                0x000000001c0062d4        0x0
                0x000000001c0062d4                _intc_table_list_start = .
 *(SORT_BY_NAME(SORT_BY_ALIGNMENT(._intc_table.static.*)))
                0x000000001c0062d4                _intc_table_list_end = .

symbol_to_keep  0x000000001c0062d4        0x0
                0x000000001c0062d4                __symbol_to_keep_start = .
 *(SORT_BY_NAME(SORT_BY_ALIGNMENT(.symbol_to_keep*)))
                0x000000001c0062d4                __symbol_to_keep_end = .

shell_area      0x000000001c0062d4        0x0
                0x000000001c0062d4                _shell_list_start = .
 *(SORT_BY_NAME(SORT_BY_ALIGNMENT(._shell.static.*)))
                0x000000001c0062d4                _shell_list_end = .

shell_root_cmds_area
                0x000000001c0062d4        0x0
                0x000000001c0062d4                _shell_root_cmds_list_start = .
 *(SORT_BY_NAME(SORT_BY_ALIGNMENT(._shell_root_cmds.static.*)))
                0x000000001c0062d4                _shell_root_cmds_list_end = .

shell_subcmds_area
                0x000000001c0062d4        0x0
                0x000000001c0062d4                _shell_subcmds_list_start = .
 *(SORT_BY_NAME(SORT_BY_ALIGNMENT(._shell_subcmds.static.*)))
                0x000000001c0062d4                _shell_subcmds_list_end = .

shell_dynamic_subcmds_area
                0x000000001c0062d4        0x0
                0x000000001c0062d4                _shell_dynamic_subcmds_list_start = .
 *(SORT_BY_NAME(SORT_BY_ALIGNMENT(._shell_dynamic_subcmds.static.*)))
                0x000000001c0062d4                _shell_dynamic_subcmds_list_end = .

cfb_font_area   0x000000001c0062d4        0x0
                0x000000001c0062d4                _cfb_font_list_start = .
 *(SORT_BY_NAME(SORT_BY_ALIGNMENT(._cfb_font.static.*)))
                0x000000001c0062d4                _cfb_font_list_end = .

tdata           0x000000001c0062d4        0x0
 *(SORT_BY_ALIGNMENT(.tdata) SORT_BY_ALIGNMENT(.tdata.*) SORT_BY_ALIGNMENT(.gnu.linkonce.td.*))

tbss            0x000000001c0062d4        0x4
 *(SORT_BY_ALIGNMENT(.tbss) SORT_BY_ALIGNMENT(.tbss.*) SORT_BY_ALIGNMENT(.gnu.linkonce.tb.*) SORT_BY_ALIGNMENT(.tcommon))
 .tbss.z_tls_current
                0x000000001c0062d4        0x4 zephyr/libzephyr.a(thread_entry.c.obj)
                0x000000001c0062d4                z_tls_current
                0x000000001c0062d4                PROVIDE (__tdata_start = ADDR (tdata))
                0x0000000000000001                PROVIDE (__tdata_align = ALIGNOF (tdata))
                0x0000000000000000                PROVIDE (__tdata_size = (((SIZEOF (tdata) + __tdata_align) - 0x1) & ~ ((__tdata_align - 0x1))))
                [!provide]                        PROVIDE (__tdata_end = (__tdata_start + __tdata_size))
                0x0000000000000004                PROVIDE (__tbss_align = ALIGNOF (tbss))
                [!provide]                        PROVIDE (__tbss_start = ADDR (tbss))
                0x0000000000000004                PROVIDE (__tbss_size = (((SIZEOF (tbss) + __tbss_align) - 0x1) & ~ ((__tbss_align - 0x1))))
                [!provide]                        PROVIDE (__tbss_end = (__tbss_start + __tbss_size))
                [!provide]                        PROVIDE (__tls_start = __tdata_start)
                [!provide]                        PROVIDE (__tls_end = __tbss_end)
                [!provide]                        PROVIDE (__tls_size = (__tbss_end - __tdata_start))

rodata          0x000000001c0062d4      0x824
                0x000000001c0062d4                . = ALIGN (0x4)
 *(SORT_BY_ALIGNMENT(.srodata))
 *(SORT_BY_ALIGNMENT(.srodata.*))
 .srodata.boot_funcs
                0x000000001c0062d4        0x8 app/libapp.a(main.c.obj)
                0x000000001c0062d4                boot_funcs
 .srodata.button0
                0x000000001c0062dc        0x8 app/libapp.a(io.c.obj)
 .srodata.led0  0x000000001c0062e4        0x8 app/libapp.a(io.c.obj)
 .srodata.all_slots.0
                0x000000001c0062ec        0x8 app/libapp.a(flash_map_extended.c.obj)
 .srodata.flash_map_entries
                0x000000001c0062f4        0x4 zephyr/libzephyr.a(flash_map_default.c.obj)
                0x000000001c0062f4                flash_map_entries
 .srodata.flash_nor_parameters
                0x000000001c0062f8        0x8 zephyr/drivers/flash/libdrivers__flash.a(spi_nor.c.obj)
 .srodata.gpio_puppy_0_config
                0x000000001c006300        0x4 zephyr/drivers/gpio/libdrivers__gpio.a(gpio_puppy.c.obj)
 .srodata.CSWTCH.5
                0x000000001c006304        0x7 modules/zcbor/libmodules__zcbor.a(zcbor_encode.c.obj)
 *(SORT_BY_ALIGNMENT(.rodata))
 *fill*         0x000000001c00630b        0x1 
 .rodata        0x000000001c00630c      0x100 /home/ana/zephyr-sdk-0.16.8/riscv64-zephyr-elf/bin/../lib/gcc/riscv64-zephyr-elf/12.2.0/libgcc.a(_clz.o)
                0x000000001c00630c                __clz_tab
 *(SORT_BY_ALIGNMENT(.rodata.*))
 .rodata.boot_serial_enter.str1.4
                0x000000001c00640c       0x24 app/libapp.a(main.c.obj)
 .rodata.main.str1.4
                0x000000001c006430       0xd3 app/libapp.a(main.c.obj)
 *fill*         0x000000001c006503        0x1 
 .rodata.str1.4
                0x000000001c006504        0x8 app/libapp.a(main.c.obj)
 .rodata.io_led_init.str1.4
                0x000000001c00650c       0x37 app/libapp.a(io.c.obj)
 *fill*         0x000000001c006543        0x1 
 .rodata.allowed_unprot_tlvs
                0x000000001c006544       0x1e app/libapp.a(image_validate.c.obj)
 *fill*         0x000000001c006562        0x2 
 .rodata.boot_load_image_to_sram.str1.4
                0x000000001c006564       0xcc app/libapp.a(ram_load.c.obj)
 .rodata.k256   0x000000001c006630      0x100 app/libapp.a(sha256.c.obj)
 .rodata.sys_reboot.str1.4
                0x000000001c006730       0x29 zephyr/libzephyr.a(reboot.c.obj)
 *fill*         0x000000001c006759        0x3 
 .rodata.base64_dec_map
                0x000000001c00675c       0x80 zephyr/libzephyr.a(base64.c.obj)
 .rodata.base64_enc_map
                0x000000001c0067dc       0x40 zephyr/libzephyr.a(base64.c.obj)
 .rodata.default_flash_map
                0x000000001c00681c       0x30 zephyr/libzephyr.a(flash_map_default.c.obj)
                0x000000001c00681c                default_flash_map
 .rodata.boot_uart_fifo_callback.str1.4
                0x000000001c00684c       0x2f zephyr/libzephyr.a(serial_adapter.c.obj)
 *fill*         0x000000001c00687b        0x1 
 .rodata.str1.4
                0x000000001c00687c        0xf zephyr/libzephyr.a(serial_adapter.c.obj)
 .rodata.boot_serial_output.str1.4
                0x000000001c00688b        0xf zephyr/libzephyr.a(boot_serial.c.obj)
                                          0x2 (size before relaxing)
 *fill*         0x000000001c00688b        0x1 
 .rodata.bs_rc_rsp.str1.4
                0x000000001c00688c        0x3 zephyr/libzephyr.a(boot_serial.c.obj)
 *fill*         0x000000001c00688f        0x1 
 .rodata.bs_upload.str1.4
                0x000000001c006890       0x18 zephyr/libzephyr.a(boot_serial.c.obj)
 .rodata.boot_serial_input.str1.4
                0x000000001c0068a8       0x56 zephyr/libzephyr.a(boot_serial.c.obj)
 *fill*         0x000000001c0068fe        0x2 
 .rodata.boot_banner.str1.4
                0x000000001c006900       0x6d zephyr/libzephyr.a(banner.c.obj)
 *fill*         0x000000001c00696d        0x3 
 .rodata.abort.str1.4
                0x000000001c006970        0x9 zephyr/lib/libc/common/liblib__libc__common.a(abort.c.obj)
 *fill*         0x000000001c006979        0x3 
 .rodata.str1.4
                0x000000001c00697c        0x8 zephyr/drivers/flash/libdrivers__flash.a(spi_nor.c.obj)
 .rodata.spi_nor_0_config
                0x000000001c006984       0x24 zephyr/drivers/flash/libdrivers__flash.a(spi_nor.c.obj)
 .rodata.str1.4
                0x000000001c0069a8        0xe zephyr/drivers/gpio/libdrivers__gpio.a(gpio_puppy.c.obj)
 *fill*         0x000000001c0069b6        0x2 
 .rodata.str1.4
                0x000000001c0069b8       0x1e zephyr/drivers/serial/libdrivers__serial.a(uart_puppy.c.obj)
 *fill*         0x000000001c0069d6        0x2 
 .rodata.str1.4
                0x000000001c0069d8       0x1d zephyr/drivers/spi/libdrivers__spi.a(spi_puppy.c.obj)
 *fill*         0x000000001c0069f5        0x3 
 .rodata.boot_image_load_header.str1.4
                0x000000001c0069f8       0x8f modules/mcuboot/libmcuboot_util.a(bootutil_public.c.obj)
 *fill*         0x000000001c006a87        0x1 
 .rodata.z_cstart.str1.4
                0x000000001c006a88        0x5 zephyr/kernel/libkernel.a(init.c.obj)
 *fill*         0x000000001c006a8d        0x3 
 .rodata.levels.0
                0x000000001c006a90       0x18 zephyr/kernel/libkernel.a(init.c.obj)
 .rodata.__m_vfprintf.str1.4